Component: ARM Compiler 5.05 update 1 (build 106) Tool: armlink [4d0efa]

==============================================================================

Section Cross References

    main.o(.text) refers to init.o(.text) for All_Init
    main.o(.text) refers to schedule.o(.text) for Duty_Loop
    main.o(.text) refers to main.o(.data) for Init_Finish
    stm32f4xx_it.o(.text) refers to timer.o(.text) for sys_time
    stm32f4xx_it.o(.text) refers to usart.o(.text) for Usart2_IRQ
    stm32f4xx_it.o(.text) refers to timer.o(.data) for sysTickUptime
    system_stm32f4xx.o(.text) refers to system_stm32f4xx.o(.data) for SystemCoreClock
    startup_stm32f40_41xxx.o(STACK) refers (Special) to heapauxi.o(.text) for __use_two_region_memory
    startup_stm32f40_41xxx.o(HEAP) refers (Special) to heapauxi.o(.text) for __use_two_region_memory
    startup_stm32f40_41xxx.o(RESET) refers (Special) to heapauxi.o(.text) for __use_two_region_memory
    startup_stm32f40_41xxx.o(RESET) refers to startup_stm32f40_41xxx.o(STACK) for __initial_sp
    startup_stm32f40_41xxx.o(RESET) refers to startup_stm32f40_41xxx.o(.text) for Reset_Handler
    startup_stm32f40_41xxx.o(RESET) refers to stm32f4xx_it.o(.text) for NMI_Handler
    startup_stm32f40_41xxx.o(.text) refers (Special) to heapauxi.o(.text) for __use_two_region_memory
    startup_stm32f40_41xxx.o(.text) refers to system_stm32f4xx.o(.text) for SystemInit
    startup_stm32f40_41xxx.o(.text) refers to __main.o(!!!main) for __main
    startup_stm32f40_41xxx.o(.text) refers to startup_stm32f40_41xxx.o(HEAP) for Heap_Mem
    startup_stm32f40_41xxx.o(.text) refers to startup_stm32f40_41xxx.o(STACK) for Stack_Mem
    stm32f4xx_adc.o(.text) refers to stm32f4xx_rcc.o(.text) for RCC_APB2PeriphResetCmd
    stm32f4xx_can.o(.text) refers to stm32f4xx_rcc.o(.text) for RCC_APB1PeriphResetCmd
    stm32f4xx_cryp.o(.text) refers to stm32f4xx_rcc.o(.text) for RCC_AHB2PeriphResetCmd
    stm32f4xx_cryp_aes.o(.text) refers to stm32f4xx_cryp.o(.text) for CRYP_KeyStructInit
    stm32f4xx_cryp_des.o(.text) refers to stm32f4xx_cryp.o(.text) for CRYP_KeyStructInit
    stm32f4xx_cryp_tdes.o(.text) refers to stm32f4xx_cryp.o(.text) for CRYP_KeyStructInit
    stm32f4xx_dac.o(.text) refers to stm32f4xx_rcc.o(.text) for RCC_APB1PeriphResetCmd
    stm32f4xx_dma2d.o(.text) refers to stm32f4xx_rcc.o(.text) for RCC_AHB1PeriphResetCmd
    stm32f4xx_fsmc.o(.text) refers to stm32f4xx_fsmc.o(.constdata) for FSMC_DefaultTimingStruct
    stm32f4xx_gpio.o(.text) refers to stm32f4xx_rcc.o(.text) for RCC_AHB1PeriphResetCmd
    stm32f4xx_hash.o(.text) refers to stm32f4xx_rcc.o(.text) for RCC_AHB2PeriphResetCmd
    stm32f4xx_hash_md5.o(.text) refers to stm32f4xx_hash.o(.text) for HASH_DeInit
    stm32f4xx_hash_sha1.o(.text) refers to stm32f4xx_hash.o(.text) for HASH_DeInit
    stm32f4xx_i2c.o(.text) refers to stm32f4xx_rcc.o(.text) for RCC_APB1PeriphResetCmd
    stm32f4xx_ltdc.o(.text) refers to stm32f4xx_rcc.o(.text) for RCC_APB2PeriphResetCmd
    stm32f4xx_pwr.o(.text) refers to stm32f4xx_rcc.o(.text) for RCC_APB1PeriphResetCmd
    stm32f4xx_rcc.o(.text) refers to stm32f4xx_rcc.o(.data) for APBAHBPrescTable
    stm32f4xx_rng.o(.text) refers to stm32f4xx_rcc.o(.text) for RCC_AHB2PeriphResetCmd
    stm32f4xx_sai.o(.text) refers to stm32f4xx_rcc.o(.text) for RCC_APB2PeriphResetCmd
    stm32f4xx_sdio.o(.text) refers to stm32f4xx_rcc.o(.text) for RCC_APB2PeriphResetCmd
    stm32f4xx_spi.o(.text) refers to stm32f4xx_rcc.o(.text) for RCC_APB2PeriphResetCmd
    stm32f4xx_syscfg.o(.text) refers to stm32f4xx_rcc.o(.text) for RCC_APB2PeriphResetCmd
    stm32f4xx_tim.o(.text) refers to stm32f4xx_rcc.o(.text) for RCC_APB2PeriphResetCmd
    stm32f4xx_usart.o(.text) refers to stm32f4xx_rcc.o(.text) for RCC_APB2PeriphResetCmd
    stm32f4xx_wwdg.o(.text) refers to stm32f4xx_rcc.o(.text) for RCC_APB1PeriphResetCmd
    delay.o(.text) refers to misc.o(.text) for SysTick_CLKSourceConfig
    delay.o(.text) refers to delay.o(.data) for fac_us
    init.o(.text) refers to delay.o(.text) for delay_init
    init.o(.text) refers to misc.o(.text) for NVIC_PriorityGroupConfig
    init.o(.text) refers to timer.o(.text) for SysTick_Configuration
    init.o(.text) refers to key.o(.text) for Key_Init
    init.o(.text) refers to led.o(.text) for LED_Init
    init.o(.text) refers to usart.o(.text) for Usart2_Init
    init.o(.text) refers to parameter.o(.text) for Para_Init
    key.o(.text) refers to stm32f4xx_rcc.o(.text) for RCC_AHB1PeriphClockCmd
    key.o(.text) refers to stm32f4xx_gpio.o(.text) for GPIO_Init
    key.o(.text) refers to delay.o(.text) for delay_ms
    key.o(.text) refers to key.o(.data) for key_up
    led.o(.text) refers to stm32f4xx_rcc.o(.text) for RCC_AHB1PeriphClockCmd
    led.o(.text) refers to stm32f4xx_gpio.o(.text) for GPIO_Init
    schedule.o(.text) refers to timer.o(.text) for Get_Cycle_T
    schedule.o(.text) refers to data_transfer.o(.text) for ANO_DT_Data_Exchange
    schedule.o(.text) refers to schedule.o(.bss) for loop
[...]
    Removing stm32f4xx_usart.o(.revsh_text), (4 bytes).
    Removing stm32f4xx_wwdg.o(.rev16_text), (4 bytes).
    Removing stm32f4xx_wwdg.o(.revsh_text), (4 bytes).
    Removing stm32f4xx_wwdg.o(.text), (144 bytes).
    Removing delay.o(.rev16_text), (4 bytes).
    Removing delay.o(.revsh_text), (4 bytes).
    Removing sys.o(.rev16_text), (4 bytes).
    Removing sys.o(.revsh_text), (4 bytes).
    Removing sys.o(.emb_text), (16 bytes).
    Removing init.o(.rev16_text), (4 bytes).
    Removing init.o(.revsh_text), (4 bytes).
    Removing key.o(.rev16_text), (4 bytes).
    Removing key.o(.revsh_text), (4 bytes).
    Removing led.o(.rev16_text), (4 bytes).
    Removing led.o(.revsh_text), (4 bytes).
    Removing schedule.o(.rev16_text), (4 bytes).
    Removing schedule.o(.revsh_text), (4 bytes).
    Removing data_transfer.o(.rev16_text), (4 bytes).
    Removing data_transfer.o(.revsh_text), (4 bytes).
    Removing parameter.o(.rev16_text), (4 bytes).
    Removing parameter.o(.revsh_text), (4 bytes).
    Removing timer.o(.rev16_text), (4 bytes).
    Removing timer.o(.revsh_text), (4 bytes).
    Removing usart.o(.rev16_text), (4 bytes).
    Removing usart.o(.revsh_text), (4 bytes).
    Removing drv_w25qxx.o(.rev16_text), (4 bytes).
    Removing drv_w25qxx.o(.revsh_text), (4 bytes).
    Removing diskio.o(.rev16_text), (4 bytes).
    Removing diskio.o(.revsh_text), (4 bytes).

132 unused section(s) (total 30004 bytes) removed from the image.

==============================================================================

Image Symbol Table

    Local Symbols

    Symbol Name                              Value     Ov Type        Size  Object(Section)

    ../clib/angel/boardlib.s                 0x00000000   Number         0  boardshut.o ABSOLUTE
    ../clib/angel/boardlib.s                 0x00000000   Number         0  boardinit1.o ABSOLUTE
    ../clib/angel/boardlib.s                 0x00000000   Number         0  boardinit3.o ABSOLUTE
    ../clib/angel/boardlib.s                 0x00000000   Number         0  boardinit2.o ABSOLUTE
    ../clib/angel/handlers.s                 0x00000000   Number         0  __scatter_zi.o ABSOLUTE
    ../clib/angel/handlers.s                 0x00000000   Number         0  __scatter_copy.o ABSOLUTE
    ../clib/angel/kernel.s                   0x00000000   Number         0  rtexit.o ABSOLUTE
    ../clib/angel/kernel.s                   0x00000000   Number         0  __rtentry4.o ABSOLUTE
    ../clib/angel/kernel.s                   0x00000000   Number         0  __rtentry2.o ABSOLUTE
    ../clib/angel/kernel.s                   0x00000000   Number         0  __rtentry.o ABSOLUTE
    ../clib/angel/kernel.s                   0x00000000   Number         0  rtexit2.o ABSOLUTE
    ../clib/angel/rt.s                       0x00000000   Number         0  rt_raise.o ABSOLUTE
    ../clib/angel/scatter.s                  0x00000000   Number         0  __scatter.o ABSOLUTE
    ../clib/angel/startup.s                  0x00000000   Number         0  __main.o ABSOLUTE
    ../clib/angel/sys.s                      0x00000000   Number         0  indicate_semi.o ABSOLUTE
    ../clib/angel/sys.s                      0x00000000   Number         0  use_no_semi.o ABSOLUTE
    ../clib/angel/sys.s                      0x00000000   Number         0  sys_stackheap_outer.o ABSOLUTE
    ../clib/angel/sys.s                      0x00000000   Number         0  libspace.o ABSOLUTE
    ../clib/angel/sysapp.c                   0x00000000   Number         0  sys_wrch.o ABSOLUTE
    ../clib/angel/sysapp.c                   0x00000000   Number         0  sys_command.o ABSOLUTE
    ../clib/angel/sysapp.c                   0x00000000   Number         0  sys_exit.o ABSOLUTE
    ../clib/armsys.c                         0x00000000   Number         0  argv_veneer.o ABSOLUTE
    ../clib/armsys.c                         0x00000000   Number         0  _get_argv_nomalloc.o ABSOLUTE
    ../clib/armsys.c                         0x00000000   Number         0  argv_veneer.o ABSOLUTE
    ../clib/armsys.c                         0x00000000   Number         0  no_argv.o ABSOLUTE
    ../clib/heapalloc.c                      0x00000000   Number         0  hrguard.o ABSOLUTE
    ../clib/heapaux.c                        0x00000000   Number         0  heapauxi.o ABSOLUTE
    ../clib/libinit.s                        0x00000000   Number         0  libinit2.o ABSOLUTE
    ../clib/libinit.s                        0x00000000   Number         0  libinit.o ABSOLUTE
    ../clib/libinit.s                        0x00000000   Number         0  libshutdown.o ABSOLUTE
    ../clib/libinit.s                        0x00000000   Number         0  libshutdown2.o ABSOLUTE
    ../clib/signal.c                         0x00000000   Number         0  defsig_fpe_inner.o ABSOLUTE
    ../clib/signal.c                         0x00000000   Number         0  defsig_stak_inner.o ABSOLUTE
    ../clib/signal.c                         0x00000000   Number         0  defsig_pvfn_inner.o ABSOLUTE
    ../clib/signal.c                         0x00000000   Number         0  defsig_cppl_inner.o ABSOLUTE
    ../clib/signal.c                         0x00000000   Number         0  defsig_segv_inner.o ABSOLUTE
    ../clib/signal.c                         0x00000000   Number         0  defsig_other.o ABSOLUTE
    ../clib/signal.c                         0x00000000   Number         0  defsig_rtmem_formal.o ABSOLUTE
    ../clib/signal.c                         0x00000000   Number         0  defsig_rtred_inner.o ABSOLUTE
    ../clib/signal.c                         0x00000000   Number         0  __raise.o ABSOLUTE
    ../clib/signal.c                         0x00000000   Number         0  defsig_abrt_inner.o ABSOLUTE
    ../clib/signal.c                         0x00000000   Number         0  defsig_rtmem_inner.o ABSOLUTE
    ../clib/signal.c                         0x00000000   Number         0  defsig_exit.o ABSOLUTE
    ../clib/signal.c                         0x00000000   Number         0  defsig_general.o ABSOLUTE
    ../clib/signal.c                         0x00000000   Number         0  defsig_rtmem_outer.o ABSOLUTE
    ../clib/signal.s                         0x00000000   Number         0  defsig.o ABSOLUTE
    ../clib/stdlib.c                         0x00000000   Number         0  exit.o ABSOLUTE
    ../fplib/d2f.s                           0x00000000   Number         0  d2f.o ABSOLUTE
    ../fplib/dflt.s                          0x00000000   Number         0  dflt_clz.o ABSOLUTE
    ../fplib/dmul.s                          0x00000000   Number         0  dmul.o ABSOLUTE
    ../fplib/dnaninf.s                       0x00000000   Number         0  dnaninf.o ABSOLUTE
    ../fplib/dretinf.s                       0x00000000   Number         0  dretinf.o ABSOLUTE
    ../fplib/fpinit.s                        0x00000000   Number         0  fpinit.o ABSOLUTE
    ../fplib/fretinf.s                       0x00000000   Number         0  fretinf.o ABSOLUTE
    ../fplib/usenofp.s                       0x00000000   Number         0  usenofp.o ABSOLUTE
    ..\Applications\Parameter.c              0x00000000   Number         0  parameter.o ABSOLUTE
    ..\Applications\data_transfer.c          0x00000000   Number         0  data_transfer.o ABSOLUTE
    ..\Applications\init.c                   0x00000000   Number         0  init.o ABSOLUTE
    ..\Applications\key.c                    0x00000000   Number         0  key.o ABSOLUTE
    ..\Applications\led.c                    0x00000000   Number         0  led.o ABSOLUTE
    ..\Applications\schedule.c               0x00000000   Number         0  schedule.o ABSOLUTE
    ..\CORE\startup_stm32f40_41xxx.s         0x00000000   Number         0  startup_stm32f40_41xxx.o ABSOLUTE
    ..\Drivers\drv_w25qxx.c                  0x00000000   Number         0  drv_w25qxx.o ABSOLUTE
    ..\Drivers\timer.c                       0x00000000   Number         0  timer.o ABSOLUTE
    ..\Drivers\usart.c                       0x00000000   Number         0  usart.o ABSOLUTE
    ..\FWLIB\src\misc.c                      0x00000000   Number         0  misc.o ABSOLUTE
    ..\FWLIB\src\stm32f4xx_adc.c             0x00000000   Number         0  stm32f4xx_adc.o ABSOLUTE
    ..\FWLIB\src\stm32f4xx_can.c             0x00000000   Number         0  stm32f4xx_can.o ABSOLUTE
    ..\FWLIB\src\stm32f4xx_crc.c             0x00000000   Number         0  stm32f4xx_crc.o ABSOLUTE
    ..\FWLIB\src\stm32f4xx_cryp.c            0x00000000   Number         0  stm32f4xx_cryp.o ABSOLUTE
    ..\FWLIB\src\stm32f4xx_cryp_aes.c        0x00000000   Number         0  stm32f4xx_cryp_aes.o ABSOLUTE
    ..\FWLIB\src\stm32f4xx_cryp_des.c        0x00000000   Number         0  stm32f4xx_cryp_des.o ABSOLUTE
    ..\FWLIB\src\stm32f4xx_cryp_tdes.c       0x00000000   Number         0  stm32f4xx_cryp_tdes.o ABSOLUTE
    ..\FWLIB\src\stm32f4xx_dac.c             0x00000000   Number         0  stm32f4xx_dac.o ABSOLUTE
    ..\FWLIB\src\stm32f4xx_dbgmcu.c          0x00000000   Number         0  stm32f4xx_dbgmcu.o ABSOLUTE
    ..\FWLIB\src\stm32f4xx_dcmi.c            0x00000000   Number         0  stm32f4xx_dcmi.o ABSOLUTE
    ..\FWLIB\src\stm32f4xx_dma.c             0x00000000   Number         0  stm32f4xx_dma.o ABSOLUTE
    ..\FWLIB\src\stm32f4xx_dma2d.c           0x00000000   Number         0  stm32f4xx_dma2d.o ABSOLUTE
    ..\FWLIB\src\stm32f4xx_exti.c            0x00000000   Number         0  stm32f4xx_exti.o ABSOLUTE
    ..\FWLIB\src\stm32f4xx_flash.c           0x00000000   Number         0  stm32f4xx_flash.o ABSOLUTE
    ..\FWLIB\src\stm32f4xx_flash_ramfunc.c   0x00000000   Number         0  stm32f4xx_flash_ramfunc.o ABSOLUTE
    ..\FWLIB\src\stm32f4xx_fsmc.c            0x00000000   Number         0  stm32f4xx_fsmc.o ABSOLUTE
    ..\FWLIB\src\stm32f4xx_gpio.c            0x00000000   Number         0  stm32f4xx_gpio.o ABSOLUTE
    ..\FWLIB\src\stm32f4xx_hash.c            0x00000000   Number         0  stm32f4xx_hash.o ABSOLUTE
    ..\FWLIB\src\stm32f4xx_hash_md5.c        0x00000000   Number         0  stm32f4xx_hash_md5.o ABSOLUTE
    ..\FWLIB\src\stm32f4xx_hash_sha1.c       0x00000000   Number         0  stm32f4xx_hash_sha1.o ABSOLUTE
    ..\FWLIB\src\stm32f4xx_i2c.c             0x00000000   Number         0  stm32f4xx_i2c.o ABSOLUTE
    ..\FWLIB\src\stm32f4xx_iwdg.c            0x00000000   Number         0  stm32f4xx_iwdg.o ABSOLUTE
    ..\FWLIB\src\stm32f4xx_ltdc.c            0x00000000   Number         0  stm32f4xx_ltdc.o ABSOLUTE
    ..\FWLIB\src\stm32f4xx_pwr.c             0x00000000   Number         0  stm32f4xx_pwr.o ABSOLUTE
    ..\FWLIB\src\stm32f4xx_rcc.c             0x00000000   Number         0  stm32f4xx_rcc.o ABSOLUTE
    ..\FWLIB\src\stm32f4xx_rng.c             0x00000000   Number         0  stm32f4xx_rng.o ABSOLUTE
    ..\FWLIB\src\stm32f4xx_rtc.c             0x00000000   Number         0  stm32f4xx_rtc.o ABSOLUTE
    ..\FWLIB\src\stm32f4xx_sai.c             0x00000000   Number         0  stm32f4xx_sai.o ABSOLUTE
    ..\FWLIB\src\stm32f4xx_sdio.c            0x00000000   Number         0  stm32f4xx_sdio.o ABSOLUTE
    ..\FWLIB\src\stm32f4xx_spi.c             0x00000000   Number         0  stm32f4xx_spi.o ABSOLUTE
    ..\FWLIB\src\stm32f4xx_syscfg.c          0x00000000   Number         0  stm32f4xx_syscfg.o ABSOLUTE
    ..\FWLIB\src\stm32f4xx_tim.c             0x00000000   Number         0  stm32f4xx_tim.o ABSOLUTE
    ..\FWLIB\src\stm32f4xx_usart.c           0x00000000   Number         0  stm32f4xx_usart.o ABSOLUTE
    ..\FWLIB\src\stm32f4xx_wwdg.c            0x00000000   Number         0  stm32f4xx_wwdg.o ABSOLUTE
    ..\FatFS\src\diskio.c                    0x00000000   Number         0  diskio.o ABSOLUTE
    ..\FatFS\src\ff.c                        0x00000000   Number         0  ff.o ABSOLUTE
    ..\SYSTEM\delay\delay.c                  0x00000000   Number         0  delay.o ABSOLUTE
    ..\SYSTEM\sys\sys.c                      0x00000000   Number         0  sys.o ABSOLUTE
    ..\\Applications\\Parameter.c            0x00000000   Number         0  parameter.o ABSOLUTE
    ..\\Applications\\data_transfer.c        0x00000000   Number         0  data_transfer.o ABSOLUTE
    ..\\Applications\\init.c                 0x00000000   Number         0  init.o ABSOLUTE
    ..\\Applications\\key.c                  0x00000000   Number         0  key.o ABSOLUTE
    ..\\Applications\\led.c                  0x00000000   Number         0  led.o ABSOLUTE
    ..\\Applications\\schedule.c             0x00000000   Number         0  schedule.o ABSOLUTE
    ..\\Drivers\\drv_w25qxx.c                0x00000000   Number         0  drv_w25qxx.o ABSOLUTE
    ..\\Drivers\\timer.c                     0x00000000   Number         0  timer.o ABSOLUTE
    ..\\Drivers\\usart.c                     0x00000000   Number         0  usart.o ABSOLUTE
    ..\\FWLIB\\src\\misc.c                   0x00000000   Number         0  misc.o ABSOLUTE
    ..\\FWLIB\\src\\stm32f4xx_adc.c          0x00000000   Number         0  stm32f4xx_adc.o ABSOLUTE
    ..\\FWLIB\\src\\stm32f4xx_can.c          0x00000000   Number         0  stm32f4xx_can.o ABSOLUTE
    ..\\FWLIB\\src\\stm32f4xx_crc.c          0x00000000   Number         0  stm32f4xx_crc.o ABSOLUTE
    ..\\FWLIB\\src\\stm32f4xx_cryp.c         0x00000000   Number         0  stm32f4xx_cryp.o ABSOLUTE
    ..\\FWLIB\\src\\stm32f4xx_cryp_aes.c     0x00000000   Number         0  stm32f4xx_cryp_aes.o ABSOLUTE
    ..\\FWLIB\\src\\stm32f4xx_cryp_des.c     0x00000000   Number         0  stm32f4xx_cryp_des.o ABSOLUTE
    ..\\FWLIB\\src\\stm32f4xx_cryp_tdes.c    0x00000000   Number         0  stm32f4xx_cryp_tdes.o ABSOLUTE
    ..\\FWLIB\\src\\stm32f4xx_dac.c          0x00000000   Number         0  stm32f4xx_dac.o ABSOLUTE
    ..\\FWLIB\\src\\stm32f4xx_dbgmcu.c       0x00000000   Number         0  stm32f4xx_dbgmcu.o ABSOLUTE
    ..\\FWLIB\\src\\stm32f4xx_dcmi.c         0x00000000   Number         0  stm32f4xx_dcmi.o ABSOLUTE
    ..\\FWLIB\\src\\stm32f4xx_dma.c          0x00000000   Number         0  stm32f4xx_dma.o ABSOLUTE
    ..\\FWLIB\\src\\stm32f4xx_dma2d.c        0x00000000   Number         0  stm32f4xx_dma2d.o ABSOLUTE
    ..\\FWLIB\\src\\stm32f4xx_exti.c         0x00000000   Number         0  stm32f4xx_exti.o ABSOLUTE
    ..\\FWLIB\\src\\stm32f4xx_flash.c        0x00000000   Number         0  stm32f4xx_flash.o ABSOLUTE
    ..\\FWLIB\\src\\stm32f4xx_flash_ramfunc.c 0x00000000   Number         0  stm32f4xx_flash_ramfunc.o ABSOLUTE
    ..\\FWLIB\\src\\stm32f4xx_fsmc.c         0x00000000   Number         0  stm32f4xx_fsmc.o ABSOLUTE
    ..\\FWLIB\\src\\stm32f4xx_gpio.c         0x00000000   Number         0  stm32f4xx_gpio.o ABSOLUTE
    ..\\FWLIB\\src\\stm32f4xx_hash.c         0x00000000   Number         0  stm32f4xx_hash.o ABSOLUTE
    ..\\FWLIB\\src\\stm32f4xx_hash_md5.c     0x00000000   Number         0  stm32f4xx_hash_md5.o ABSOLUTE
    ..\\FWLIB\\src\\stm32f4xx_hash_sha1.c    0x00000000   Number         0  stm32f4xx_hash_sha1.o ABSOLUTE
    ..\\FWLIB\\src\\stm32f4xx_i2c.c          0x00000000   Number         0  stm32f4xx_i2c.o ABSOLUTE
    ..\\FWLIB\\src\\stm32f4xx_iwdg.c         0x00000000   Number         0  stm32f4xx_iwdg.o ABSOLUTE
    ..\\FWLIB\\src\\stm32f4xx_ltdc.c         0x00000000   Number         0  stm32f4xx_ltdc.o ABSOLUTE
    ..\\FWLIB\\src\\stm32f4xx_pwr.c          0x00000000   Number         0  stm32f4xx_pwr.o ABSOLUTE
    ..\\FWLIB\\src\\stm32f4xx_rcc.c          0x00000000   Number         0  stm32f4xx_rcc.o ABSOLUTE
    ..\\FWLIB\\src\\stm32f4xx_rng.c          0x00000000   Number         0  stm32f4xx_rng.o ABSOLUTE
    ..\\FWLIB\\src\\stm32f4xx_rtc.c          0x00000000   Number         0  stm32f4xx_rtc.o ABSOLUTE
    ..\\FWLIB\\src\\stm32f4xx_sai.c          0x00000000   Number         0  stm32f4xx_sai.o ABSOLUTE
    ..\\FWLIB\\src\\stm32f4xx_sdio.c         0x00000000   Number         0  stm32f4xx_sdio.o ABSOLUTE
    ..\\FWLIB\\src\\stm32f4xx_spi.c          0x00000000   Number         0  stm32f4xx_spi.o ABSOLUTE
    ..\\FWLIB\\src\\stm32f4xx_syscfg.c       0x00000000   Number         0  stm32f4xx_syscfg.o ABSOLUTE
    ..\\FWLIB\\src\\stm32f4xx_tim.c          0x00000000   Number         0  stm32f4xx_tim.o ABSOLUTE
    ..\\FWLIB\\src\\stm32f4xx_usart.c        0x00000000   Number         0  stm32f4xx_usart.o ABSOLUTE
    ..\\FWLIB\\src\\stm32f4xx_wwdg.c         0x00000000   Number         0  stm32f4xx_wwdg.o ABSOLUTE
    ..\\FatFS\\src\\diskio.c                 0x00000000   Number         0  diskio.o ABSOLUTE
    ..\\SYSTEM\\delay\\delay.c               0x00000000   Number         0  delay.o ABSOLUTE
    ..\\SYSTEM\\sys\\sys.c                   0x00000000   Number         0  sys.o ABSOLUTE
    dc.s                                     0x00000000   Number         0  dc.o ABSOLUTE
    main.c                                   0x00000000   Number         0  main.o ABSOLUTE
    main.c                                   0x00000000   Number         0  main.o ABSOLUTE
    stm32f4xx_it.c                           0x00000000   Number         0  stm32f4xx_it.o ABSOLUTE
    stm32f4xx_it.c                           0x00000000   Number         0  stm32f4xx_it.o ABSOLUTE
    system_stm32f4xx.c                       0x00000000   Number         0  system_stm32f4xx.o ABSOLUTE
    system_stm32f4xx.c                       0x00000000   Number         0  system_stm32f4xx.o ABSOLUTE
    RESET                                    0x08000000   Section      392  startup_stm32f40_41xxx.o(RESET)
    !!!main                                  0x08000188   Section        8  __main.o(!!!main)
    !!!scatter                               0x08000190   Section       52  __scatter.o(!!!scatter)
    !!handler_copy                           0x080001c4   Section       26  __scatter_copy.o(!!handler_copy)
    !!handler_zi                             0x080001e0   Section       28  __scatter_zi.o(!!handler_zi)
    .ARM.Collect$$libinit$$00000000          0x080001fc   Section        2  libinit.o(.ARM.Collect$$libinit$$00000000)
    .ARM.Collect$$libinit$$00000001          0x080001fe   Section        4  libinit2.o(.ARM.Collect$$libinit$$00000001)
    .ARM.Collect$$libinit$$00000004          0x08000202   Section        0  libinit2.o(.ARM.Collect$$libinit$$00000004)
    .ARM.Collect$$libinit$$0000000A          0x08000202   Section        0  libinit2.o(.ARM.Collect$$libinit$$0000000A)
    .ARM.Collect$$libinit$$0000000C          0x08000202   Section        0  libinit2.o(.ARM.Collect$$libinit$$0000000C)
    .ARM.Collect$$libinit$$0000000E          0x08000202   Section        0  libinit2.o(.ARM.Collect$$libinit$$0000000E)
    .ARM.Collect$$libinit$$00000011          0x08000202   Section        0  libinit2.o(.ARM.Collect$$libinit$$00000011)
    .ARM.Collect$$libinit$$00000013          0x08000202   Section        0  libinit2.o(.ARM.Collect$$libinit$$00000013)
    .ARM.Collect$$libinit$$00000015          0x08000202   Section        0  libinit2.o(.ARM.Collect$$libinit$$00000015)
    .ARM.Collect$$libinit$$00000017          0x08000202   Section        0  libinit2.o(.ARM.Collect$$libinit$$00000017)
    .ARM.Collect$$libinit$$00000019          0x08000202   Section        0  libinit2.o(.ARM.Collect$$libinit$$00000019)
    .ARM.Collect$$libinit$$0000001B          0x08000202   Section        0  libinit2.o(.ARM.Collect$$libinit$$0000001B)
    .ARM.Collect$$libinit$$0000001D          0x08000202   Section        0  libinit2.o(.ARM.Collect$$libinit$$0000001D)
    .ARM.Collect$$libinit$$0000001F          0x08000202   Section        0  libinit2.o(.ARM.Collect$$libinit$$0000001F)
    .ARM.Collect$$libinit$$00000021          0x08000202   Section        0  libinit2.o(.ARM.Collect$$libinit$$00000021)
    .ARM.Collect$$libinit$$00000023          0x08000202   Section        0  libinit2.o(.ARM.Collect$$libinit$$00000023)
    .ARM.Collect$$libinit$$00000025          0x08000202   Section        0  libinit2.o(.ARM.Collect$$libinit$$00000025)
    .ARM.Collect$$libinit$$0000002C          0x08000202   Section        0  libinit2.o(.ARM.Collect$$libinit$$0000002C)
    .ARM.Collect$$libinit$$0000002E          0x08000202   Section        0  libinit2.o(.ARM.Collect$$libinit$$0000002E)
    .ARM.Collect$$libinit$$00000030          0x08000202   Section        0  libinit2.o(.ARM.Collect$$libinit$$00000030)
    .ARM.Collect$$libinit$$00000032          0x08000202   Section        0  libinit2.o(.ARM.Collect$$libinit$$00000032)
    .ARM.Collect$$libinit$$00000033          0x08000202   Section        2  libinit2.o(.ARM.Collect$$libinit$$00000033)
    .ARM.Collect$$libshutdown$$00000000      0x08000204   Section        2  libshutdown.o(.ARM.Collect$$libshutdown$$00000000)
    .ARM.Collect$$libshutdown$$00000003      0x08000206   Section        0  libshutdown2.o(.ARM.Collect$$libshutdown$$00000003)
    .ARM.Collect$$libshutdown$$00000006      0x08000206   Section        0  libshutdown2.o(.ARM.Collect$$libshutdown$$00000006)
    .ARM.Collect$$libshutdown$$00000009      0x08000206   Section        0  libshutdown2.o(.ARM.Collect$$libshutdown$$00000009)
    .ARM.Collect$$libshutdown$$0000000B      0x08000206   Section        0  libshutdown2.o(.ARM.Collect$$libshutdown$$0000000B)
    .ARM.Collect$$libshutdown$$0000000E      0x08000206   Section        0  libshutdown2.o(.ARM.Collect$$libshutdown$$0000000E)
    .ARM.Collect$$libshutdown$$0000000F      0x08000206   Section        2  libshutdown2.o(.ARM.Collect$$libshutdown$$0000000F)
    .ARM.Collect$$rtentry$$00000000          0x08000208   Section        0  __rtentry.o(.ARM.Collect$$rtentry$$00000000)
    .ARM.Collect$$rtentry$$00000002          0x08000208   Section        0  __rtentry2.o(.ARM.Collect$$rtentry$$00000002)
    .ARM.Collect$$rtentry$$00000004          0x08000208   Section        6  __rtentry4.o(.ARM.Collect$$rtentry$$00000004)
    .ARM.Collect$$rtentry$$00000009          0x0800020e   Section        0  __rtentry2.o(.ARM.Collect$$rtentry$$00000009)
    .ARM.Collect$$rtentry$$0000000A          0x0800020e   Section        4  __rtentry2.o(.ARM.Collect$$rtentry$$0000000A)
    .ARM.Collect$$rtentry$$0000000C          0x08000212   Section        0  __rtentry2.o(.ARM.Collect$$rtentry$$0000000C)
    .ARM.Collect$$rtentry$$0000000D          0x08000212   Section        8  __rtentry2.o(.ARM.Collect$$rtentry$$0000000D)
    .ARM.Collect$$rtexit$$00000000           0x0800021a   Section        2  rtexit.o(.ARM.Collect$$rtexit$$00000000)
    .ARM.Collect$$rtexit$$00000002           0x0800021c   Section        0  rtexit2.o(.ARM.Collect$$rtexit$$00000002)
    .ARM.Collect$$rtexit$$00000003           0x0800021c   Section        4  rtexit2.o(.ARM.Collect$$rtexit$$00000003)
    .ARM.Collect$$rtexit$$00000004           0x08000220   Section        6  rtexit2.o(.ARM.Collect$$rtexit$$00000004)
    .text                                    0x08000228   Section        0  main.o(.text)
    .text                                    0x0800023c   Section        0  stm32f4xx_it.o(.text)
    .text                                    0x08000274   Section        0  system_stm32f4xx.o(.text)
    SetSysClock                              0x08000275   Thumb Code   220  system_stm32f4xx.o(.text)
    .text                                    0x08000484   Section       64  startup_stm32f40_41xxx.o(.text)
    $v0                                      0x08000484   Number         0  startup_stm32f40_41xxx.o(.text)
    .text                                    0x080004c4   Section        0  misc.o(.text)
    .text                                    0x080005a4   Section        0  stm32f4xx_gpio.o(.text)
    .text                                    0x08000838   Section        0  stm32f4xx_rcc.o(.text)
    .text                                    0x08000e94   Section        0  stm32f4xx_spi.o(.text)
    .text                                    0x08001314   Section        0  stm32f4xx_usart.o(.text)
    .text                                    0x08001768   Section        0  delay.o(.text)
    .text                                    0x0800186c   Section        0  init.o(.text)
    .text                                    0x080018b0   Section        0  key.o(.text)
    .text                                    0x080019b4   Section        0  led.o(.text)
    .text                                    0x080019f4   Section        0  schedule.o(.text)
    .text                                    0x08001b9c   Section        0  data_transfer.o(.text)
    ANO_DT_Send_Check                        0x08001bad   Thumb Code    62  data_transfer.o(.text)
    .text                                    0x08003498   Section        0  parameter.o(.text)
    Para_ReadSettingFromFile                 0x08003499   Thumb Code   264  parameter.o(.text)
    Para_WriteSettingToFile                  0x080035a1   Thumb Code   260  parameter.o(.text)
    .text                                    0x08003900   Section        0  timer.o(.text)
    .text                                    0x08003ae8   Section        0  usart.o(.text)
    .text                                    0x08003cd4   Section        0  drv_w25qxx.o(.text)
    Flash_SendByte                           0x08003cd5   Thumb Code    50  drv_w25qxx.o(.text)
    Flash_Transfer                           0x08003d07   Thumb Code    88  drv_w25qxx.o(.text)
    Flash_ReadID                             0x08003d5f   Thumb Code    66  drv_w25qxx.o(.text)
    Flash_WriteEnable                        0x08003f13   Thumb Code    30  drv_w25qxx.o(.text)
    Flash_WriteDisable                       0x08003f31   Thumb Code    30  drv_w25qxx.o(.text)
    Flash_WaitForEnd                         0x08003f4f   Thumb Code    50  drv_w25qxx.o(.text)
    .text                                    0x08004118   Section        0  diskio.o(.text)
    .text                                    0x08004208   Section        0  ff.o(.text)
    mem_cpy                                  0x08004209   Thumb Code    26  ff.o(.text)
    mem_set                                  0x08004223   Thumb Code    20  ff.o(.text)
    mem_cmp                                  0x08004237   Thumb Code    38  ff.o(.text)
    chk_chr                                  0x0800425d   Thumb Code    20  ff.o(.text)
    sync_window                              0x08004271   Thumb Code    82  ff.o(.text)
    move_window                              0x080042c3   Thumb Code    52  ff.o(.text)
    sync_fs                                  0x080042f7   Thumb Code   200  ff.o(.text)
    remove_chain                             0x0800469f   Thumb Code   108  ff.o(.text)
    create_chain                             0x0800470b   Thumb Code   214  ff.o(.text)
    clmt_clust                               0x080047e1   Thumb Code    56  ff.o(.text)
    dir_sdi                                  0x08004819   Thumb Code   200  ff.o(.text)
    dir_next                                 0x080048e1   Thumb Code   314  ff.o(.text)
    dir_alloc                                0x08004a1b   Thumb Code    92  ff.o(.text)
    ld_clust                                 0x08004a77   Thumb Code    32  ff.o(.text)
    st_clust                                 0x08004a97   Thumb Code    16  ff.o(.text)
    dir_find                                 0x08004aa7   Thumb Code    92  ff.o(.text)
    dir_read                                 0x08004b03   Thumb Code   114  ff.o(.text)
    dir_register                             0x08004b75   Thumb Code    58  ff.o(.text)
    dir_remove                               0x08004baf   Thumb Code    54  ff.o(.text)
    get_fileinfo                             0x08004be5   Thumb Code   110  ff.o(.text)
    create_name                              0x08004c53   Thumb Code   336  ff.o(.text)
    follow_path                              0x08004da3   Thumb Code   144  ff.o(.text)
    get_ldnumber                             0x08004e33   Thumb Code    74  ff.o(.text)
    check_fs                                 0x08004e7d   Thumb Code   140  ff.o(.text)
    find_volume                              0x08004f09   Thumb Code   990  ff.o(.text)
    validate                                 0x080052e7   Thumb Code    54  ff.o(.text)
    .text                                    0x08006994   Section        0  heapauxi.o(.text)
    .text                                    0x0800699a   Section       74  sys_stackheap_outer.o(.text)
    .text                                    0x080069e4   Section        0  exit.o(.text)
    .text                                    0x080069f0   Section        8  libspace.o(.text)
    .text                                    0x080069f8   Section        0  sys_exit.o(.text)
    .text                                    0x08006a04   Section        2  use_no_semi.o(.text)
    .text                                    0x08006a06   Section        0  indicate_semi.o(.text)
    x$fpl$d2f                                0x08006a08   Section       98  d2f.o(x$fpl$d2f)
    $v0                                      0x08006a08   Number         0  d2f.o(x$fpl$d2f)
    x$fpl$dflt                               0x08006a6a   Section       46  dflt_clz.o(x$fpl$dflt)
    $v0                                      0x08006a6a   Number         0  dflt_clz.o(x$fpl$dflt)
    x$fpl$dmul                               0x08006a98   Section      340  dmul.o(x$fpl$dmul)
    $v0                                      0x08006a98   Number         0  dmul.o(x$fpl$dmul)
    x$fpl$dnaninf                            0x08006bec   Section      156  dnaninf.o(x$fpl$dnaninf)
    $v0                                      0x08006bec   Number         0  dnaninf.o(x$fpl$dnaninf)
    x$fpl$dretinf                            0x08006c88   Section       12  dretinf.o(x$fpl$dretinf)
    $v0                                      0x08006c88   Number         0  dretinf.o(x$fpl$dretinf)
    x$fpl$fpinit                             0x08006c94   Section       10  fpinit.o(x$fpl$fpinit)
    $v0                                      0x08006c94   Number         0  fpinit.o(x$fpl$fpinit)
    x$fpl$fretinf                            0x08006c9e   Section       10  fretinf.o(x$fpl$fretinf)
    $v0                                      0x08006c9e   Number         0  fretinf.o(x$fpl$fretinf)
    .constdata                               0x08006ca8   Section       44  ff.o(.constdata)
    x$fpl$usenofp                            0x08006ca8   Section        0  usenofp.o(x$fpl$usenofp)
    vst                                      0x08006ca8   Data          22  ff.o(.constdata)
    cst                                      0x08006cbe   Data          22  ff.o(.constdata)
    .data                                    0x20000000   Section        1  main.o(.data)
    .data                                    0x20000004   Section       20  system_stm32f4xx.o(.data)
    .data                                    0x20000018   Section       16  stm32f4xx_rcc.o(.data)
    APBAHBPrescTable                         0x20000018   Data          16  stm32f4xx_rcc.o(.data)
    .data                                    0x20000028   Section        4  delay.o(.data)
    fac_us                                   0x20000028   Data           1  delay.o(.data)
    fac_ms                                   0x2000002a   Data           2  delay.o(.data)
    .data                                    0x2000002c   Section        1  key.o(.data)
    key_up                                   0x2000002c   Data           1  key.o(.data)
    .data                                    0x20000030   Section        8  schedule.o(.data)
    .data                                    0x20000038   Section       11  data_transfer.o(.data)
    cnt                                      0x2000003c   Data           1  data_transfer.o(.data)
    user_cnt                                 0x2000003d   Data           1  data_transfer.o(.data)
    rcdata_cnt                               0x2000003e   Data           1  data_transfer.o(.data)
    motopwm_cnt                              0x2000003f   Data           1  data_transfer.o(.data)
    _data_len                                0x20000040   Data           1  data_transfer.o(.data)
    _data_cnt                                0x20000041   Data           1  data_transfer.o(.data)
    state                                    0x20000042   Data           1  data_transfer.o(.data)
    .data                                    0x20000043   Section        1  parameter.o(.data)
    .data                                    0x20000044   Section       20  timer.o(.data)
    .data                                    0x20000058   Section        2  usart.o(.data)
    .data                                    0x2000005c   Section        4  diskio.o(.data)
    flash_info                               0x2000005c   Data           4  diskio.o(.data)
    .data                                    0x20000060   Section       10  ff.o(.data)
    FatFs                                    0x20000060   Data           8  ff.o(.data)
    Fsid                                     0x20000068   Data           2  ff.o(.data)
    .bss                                     0x2000006c   Section       36  schedule.o(.bss)
    .bss                                     0x20000090   Section      120  data_transfer.o(.bss)
    RxBuffer                                 0x200000d6   Data          50  data_transfer.o(.bss)
    .bss                                     0x20000108   Section     8660  parameter.o(.bss)
    fs                                       0x20000268   Data        4144  parameter.o(.bss)
    file                                     0x20001298   Data        4136  parameter.o(.bss)
    DirInf                                   0x200022c0   Data          28  parameter.o(.bss)
    .bss                                     0x200022dc   Section       60  timer.o(.bss)
    .bss                                     0x20002318   Section      562  usart.o(.bss)
    .bss                                     0x2000254c   Section       12  drv_w25qxx.o(.bss)
    flash_info                               0x2000254c   Data          12  drv_w25qxx.o(.bss)
    .bss                                     0x20002558   Section       96  libspace.o(.bss)
    HEAP                                     0x200025b8   Section      512  startup_stm32f40_41xxx.o(HEAP)
    Heap_Mem                                 0x200025b8   Data         512  startup_stm32f40_41xxx.o(HEAP)
    STACK                                    0x200027b8   Section     1024  startup_stm32f40_41xxx.o(STACK)
    Stack_Mem                                0x200027b8   Data        1024  startup_stm32f40_41xxx.o(STACK)
    __initial_sp                             0x20002bb8   Data           0  startup_stm32f40_41xxx.o(STACK)

    Global Symbols

    Symbol Name                              Value     Ov Type        Size  Object(Section)

    BuildAttributes$$THM_ISAv4$E$P$D$K$B$S$7EM$VFPi3$EXTD16$VFPS$VFMA$PE$A:L22UL41UL21$X:L11$S22US41US21$IEEE1$IW$USESV6$~STKCKD$USESV7$~SHL$OSPACE$ROPI$EBA8$UX$STANDARDLIB$REQ8$PRES8$EABIv2 0x00000000   Number         0  anon$$obj.o ABSOLUTE
    __ARM_use_no_argv                        0x00000000   Number         0  main.o ABSOLUTE
    __ARM_exceptions_init                     - Undefined Weak Reference
    __alloca_initialize                       - Undefined Weak Reference
    __arm_preinit_                            - Undefined Weak Reference
    __cpp_initialize__aeabi_                  - Undefined Weak Reference
    __cxa_finalize                            - Undefined Weak Reference
    __rt_locale                               - Undefined Weak Reference
    __sigvec_lookup                           - Undefined Weak Reference
    _atexit_init                              - Undefined Weak Reference
    _call_atexit_fns                          - Undefined Weak Reference
    _clock_init                               - Undefined Weak Reference
    _fp_trap_init                             - Undefined Weak Reference
    _fp_trap_shutdown                         - Undefined Weak Reference
    _get_lc_collate                           - Undefined Weak Reference
    _get_lc_ctype                             - Undefined Weak Reference
    _get_lc_monetary                          - Undefined Weak Reference
    _get_lc_numeric                           - Undefined Weak Reference
    _get_lc_time                              - Undefined Weak Reference
    _getenv_init                              - Undefined Weak Reference
    _handle_redirection                       - Undefined Weak Reference
    _init_alloc                               - Undefined Weak Reference
    _init_user_alloc                          - Undefined Weak Reference
    _initio                                   - Undefined Weak Reference
    _rand_init                                - Undefined Weak Reference
    _signal_finish                            - Undefined Weak Reference
    _signal_init                              - Undefined Weak Reference
    _terminate_alloc                          - Undefined Weak Reference
    _terminate_user_alloc                     - Undefined Weak Reference
    _terminateio                              - Undefined Weak Reference
    __Vectors_Size                           0x00000188   Number         0  startup_stm32f40_41xxx.o ABSOLUTE
    __Vectors                                0x08000000   Data           4  startup_stm32f40_41xxx.o(RESET)
    __Vectors_End                            0x08000188   Data           0  startup_stm32f40_41xxx.o(RESET)
    __main                                   0x08000189   Thumb Code     8  __main.o(!!!main)
    __scatterload                            0x08000191   Thumb Code     0  __scatter.o(!!!scatter)
    __scatterload_rt2                        0x08000191   Thumb Code    44  __scatter.o(!!!scatter)
    __scatterload_rt2_thumb_only             0x08000191   Thumb Code     0  __scatter.o(!!!scatter)
    __scatterload_null                       0x0800019f   Thumb Code     0  __scatter.o(!!!scatter)
    __scatterload_copy                       0x080001c5   Thumb Code    26  __scatter_copy.o(!!handler_copy)
    __scatterload_zeroinit                   0x080001e1   Thumb Code    28  __scatter_zi.o(!!handler_zi)
    __rt_lib_init                            0x080001fd   Thumb Code     0  libinit.o(.ARM.Collect$$libinit$$00000000)
    __rt_lib_init_fp_1                       0x080001ff   Thumb Code     0  libinit2.o(.ARM.Collect$$libinit$$00000001)
    __rt_lib_init_alloca_1                   0x08000203   Thumb Code     0  libinit2.o(.ARM.Collect$$libinit$$0000002E)
    __rt_lib_init_argv_1                     0x08000203   Thumb Code     0  libinit2.o(.ARM.Collect$$libinit$$0000002C)
    __rt_lib_init_atexit_1                   0x08000203   Thumb Code     0  libinit2.o(.ARM.Collect$$libinit$$0000001B)
    __rt_lib_init_clock_1                    0x08000203   Thumb Code     0  libinit2.o(.ARM.Collect$$libinit$$00000021)
    __rt_lib_init_cpp_1                      0x08000203   Thumb Code     0  libinit2.o(.ARM.Collect$$libinit$$00000032)
    __rt_lib_init_exceptions_1               0x08000203   Thumb Code     0  libinit2.o(.ARM.Collect$$libinit$$00000030)
    __rt_lib_init_fp_trap_1                  0x08000203   Thumb Code     0  libinit2.o(.ARM.Collect$$libinit$$0000001F)
    __rt_lib_init_getenv_1                   0x08000203   Thumb Code     0  libinit2.o(.ARM.Collect$$libinit$$00000023)
    __rt_lib_init_heap_1                     0x08000203   Thumb Code     0  libinit2.o(.ARM.Collect$$libinit$$0000000A)
    __rt_lib_init_lc_collate_1               0x08000203   Thumb Code     0  libinit2.o(.ARM.Collect$$libinit$$00000011)
    __rt_lib_init_lc_ctype_1                 0x08000203   Thumb Code     0  libinit2.o(.ARM.Collect$$libinit$$00000013)
    __rt_lib_init_lc_monetary_1              0x08000203   Thumb Code     0  libinit2.o(.ARM.Collect$$libinit$$00000015)
    __rt_lib_init_lc_numeric_1               0x08000203   Thumb Code     0  libinit2.o(.ARM.Collect$$libinit$$00000017)
    __rt_lib_init_lc_time_1                  0x08000203   Thumb Code     0  libinit2.o(.ARM.Collect$$libinit$$00000019)
    __rt_lib_init_preinit_1                  0x08000203   Thumb Code     0  libinit2.o(.ARM.Collect$$libinit$$00000004)
    __rt_lib_init_rand_1                     0x08000203   Thumb Code     0  libinit2.o(.ARM.Collect$$libinit$$0000000E)
    __rt_lib_init_return                     0x08000203   Thumb Code     0  libinit2.o(.ARM.Collect$$libinit$$00000033)
    __rt_lib_init_signal_1                   0x08000203   Thumb Code     0  libinit2.o(.ARM.Collect$$libinit$$0000001D)
    __rt_lib_init_stdio_1                    0x08000203   Thumb Code     0  libinit2.o(.ARM.Collect$$libinit$$00000025)
    __rt_lib_init_user_alloc_1               0x08000203   Thumb Code     0  libinit2.o(.ARM.Collect$$libinit$$0000000C)
    __rt_lib_shutdown                        0x08000205   Thumb Code     0  libshutdown.o(.ARM.Collect$$libshutdown$$00000000)
    __rt_lib_shutdown_fp_trap_1              0x08000207   Thumb Code     0  libshutdown2.o(.ARM.Collect$$libshutdown$$00000006)
    __rt_lib_shutdown_heap_1                 0x08000207   Thumb Code     0  libshutdown2.o(.ARM.Collect$$libshutdown$$0000000E)
    __rt_lib_shutdown_return                 0x08000207   Thumb Code     0  libshutdown2.o(.ARM.Collect$$libshutdown$$0000000F)
    __rt_lib_shutdown_signal_1               0x08000207   Thumb Code     0  libshutdown2.o(.ARM.Collect$$libshutdown$$00000009)
    __rt_lib_shutdown_stdio_1                0x08000207   Thumb Code     0  libshutdown2.o(.ARM.Collect$$libshutdown$$00000003)
    __rt_lib_shutdown_user_alloc_1           0x08000207   Thumb Code     0  libshutdown2.o(.ARM.Collect$$libshutdown$$0000000B)
    __rt_entry                               0x08000209   Thumb Code     0  __rtentry.o(.ARM.Collect$$rtentry$$00000000)
    __rt_entry_presh_1                       0x08000209   Thumb Code     0  __rtentry2.o(.ARM.Collect$$rtentry$$00000002)
    __rt_entry_sh                            0x08000209   Thumb Code     0  __rtentry4.o(.ARM.Collect$$rtentry$$00000004)
    __rt_entry_li                            0x0800020f   Thumb Code     0  __rtentry2.o(.ARM.Collect$$rtentry$$0000000A)
    __rt_entry_postsh_1                      0x0800020f   Thumb Code     0  __rtentry2.o(.ARM.Collect$$rtentry$$00000009)
    __rt_entry_main                          0x08000213   Thumb Code     0  __rtentry2.o(.ARM.Collect$$rtentry$$0000000D)
    __rt_entry_postli_1                      0x08000213   Thumb Code     0  __rtentry2.o(.ARM.Collect$$rtentry$$0000000C)
    __rt_exit                                0x0800021b   Thumb Code     0  rtexit.o(.ARM.Collect$$rtexit$$00000000)
    __rt_exit_ls                             0x0800021d   Thumb Code     0  rtexit2.o(.ARM.Collect$$rtexit$$00000003)
    __rt_exit_prels_1                        0x0800021d   Thumb Code     0  rtexit2.o(.ARM.Collect$$rtexit$$00000002)
    __rt_exit_exit                           0x08000221   Thumb Code     0  rtexit2.o(.ARM.Collect$$rtexit$$00000004)
    main                                     0x08000229   Thumb Code    16  main.o(.text)
    NMI_Handler                              0x0800023d   Thumb Code     2  stm32f4xx_it.o(.text)
    HardFault_Handler                        0x0800023f   Thumb Code     4  stm32f4xx_it.o(.text)
    MemManage_Handler                        0x08000243   Thumb Code     4  stm32f4xx_it.o(.text)
    BusFault_Handler                         0x08000247   Thumb Code     4  stm32f4xx_it.o(.text)
    UsageFault_Handler                       0x0800024b   Thumb Code     4  stm32f4xx_it.o(.text)
    SVC_Handler                              0x0800024f   Thumb Code     2  stm32f4xx_it.o(.text)
    DebugMon_Handler                         0x08000251   Thumb Code     2  stm32f4xx_it.o(.text)
    PendSV_Handler                           0x08000253   Thumb Code     2  stm32f4xx_it.o(.text)
    SysTick_Handler                          0x08000255   Thumb Code    18  stm32f4xx_it.o(.text)
    USART2_IRQHandler                        0x08000267   Thumb Code     8  stm32f4xx_it.o(.text)
    SystemInit                               0x08000351   Thumb Code    88  system_stm32f4xx.o(.text)
    SystemCoreClockUpdate                    0x080003a9   Thumb Code   174  system_stm32f4xx.o(.text)
    Reset_Handler                            0x08000485   Thumb Code     8  startup_stm32f40_41xxx.o(.text)
    ADC_IRQHandler                           0x0800049f   Thumb Code     0  startup_stm32f40_41xxx.o(.text)
    CAN1_RX0_IRQHandler                      0x0800049f   Thumb Code     0  startup_stm32f40_41xxx.o(.text)
    CAN1_RX1_IRQHandler                      0x0800049f   Thumb Code     0  startup_stm32f40_41xxx.o(.text)
    CAN1_SCE_IRQHandler                      0x0800049f   Thumb Code     0  startup_stm32f40_41xxx.o(.text)
    CAN1_TX_IRQHandler                       0x0800049f   Thumb Code     0  startup_stm32f40_41xxx.o(.text)
    CAN2_RX0_IRQHandler                      0x0800049f   Thumb Code     0  startup_stm32f40_41xxx.o(.text)
    CAN2_RX1_IRQHandler                      0x0800049f   Thumb Code     0  startup_stm32f40_41xxx.o(.text)
    CAN2_SCE_IRQHandler                      0x0800049f   Thumb Code     0  startup_stm32f40_41xxx.o(.text)
    CAN2_TX_IRQHandler                       0x0800049f   Thumb Code     0  startup_stm32f40_41xxx.o(.text)
    CRYP_IRQHandler                          0x0800049f   Thumb Code     0  startup_stm32f40_41xxx.o(.text)
    DCMI_IRQHandler                          0x0800049f   Thumb Code     0  startup_stm32f40_41xxx.o(.text)
    DMA1_Stream0_IRQHandler                  0x0800049f   Thumb Code     0  startup_stm32f40_41xxx.o(.text)
    DMA1_Stream1_IRQHandler                  0x0800049f   Thumb Code     0  startup_stm32f40_41xxx.o(.text)
    DMA1_Stream2_IRQHandler                  0x0800049f   Thumb Code     0  startup_stm32f40_41xxx.o(.text)
    DMA1_Stream3_IRQHandler                  0x0800049f   Thumb Code     0  startup_stm32f40_41xxx.o(.text)
    DMA1_Stream4_IRQHandler                  0x0800049f   Thumb Code     0  startup_stm32f40_41xxx.o(.text)
    DMA1_Stream5_IRQHandler                  0x0800049f   Thumb Code     0  startup_stm32f40_41xxx.o(.text)
    DMA1_Stream6_IRQHandler                  0x0800049f   Thumb Code     0  startup_stm32f40_41xxx.o(.text)
    DMA1_Stream7_IRQHandler                  0x0800049f   Thumb Code     0  startup_stm32f40_41xxx.o(.text)
    DMA2_Stream0_IRQHandler                  0x0800049f   Thumb Code     0  startup_stm32f40_41xxx.o(.text)
    DMA2_Stream1_IRQHandler                  0x0800049f   Thumb Code     0  startup_stm32f40_41xxx.o(.text)
    DMA2_Stream2_IRQHandler                  0x0800049f   Thumb Code     0  startup_stm32f40_41xxx.o(.text)
    DMA2_Stream3_IRQHandler                  0x0800049f   Thumb Code     0  startup_stm32f40_41xxx.o(.text)
    DMA2_Stream4_IRQHandler                  0x0800049f   Thumb Code     0  startup_stm32f40_41xxx.o(.text)
    DMA2_Stream5_IRQHandler                  0x0800049f   Thumb Code     0  startup_stm32f40_41xxx.o(.text)
    DMA2_Stream6_IRQHandler                  0x0800049f   Thumb Code     0  startup_stm32f40_41xxx.o(.text)
    DMA2_Stream7_IRQHandler                  0x0800049f   Thumb Code     0  startup_stm32f40_41xxx.o(.text)
    ETH_IRQHandler                           0x0800049f   Thumb Code     0  startup_stm32f40_41xxx.o(.text)
    ETH_WKUP_IRQHandler                      0x0800049f   Thumb Code     0  startup_stm32f40_41xxx.o(.text)
    EXTI0_IRQHandler                         0x0800049f   Thumb Code     0  startup_stm32f40_41xxx.o(.text)
    EXTI15_10_IRQHandler                     0x0800049f   Thumb Code     0  startup_stm32f40_41xxx.o(.text)
    EXTI1_IRQHandler                         0x0800049f   Thumb Code     0  startup_stm32f40_41xxx.o(.text)
    EXTI2_IRQHandler                         0x0800049f   Thumb Code     0  startup_stm32f40_41xxx.o(.text)
    EXTI3_IRQHandler                         0x0800049f   Thumb Code     0  startup_stm32f40_41xxx.o(.text)
    EXTI4_IRQHandler                         0x0800049f   Thumb Code     0  startup_stm32f40_41xxx.o(.text)
    EXTI9_5_IRQHandler                       0x0800049f   Thumb Code     0  startup_stm32f40_41xxx.o(.text)
    FLASH_IRQHandler                         0x0800049f   Thumb Code     0  startup_stm32f40_41xxx.o(.text)
    FPU_IRQHandler                           0x0800049f   Thumb Code     0  startup_stm32f40_41xxx.o(.text)
    FSMC_IRQHandler                          0x0800049f   Thumb Code     0  startup_stm32f40_41xxx.o(.text)
    HASH_RNG_IRQHandler                      0x0800049f   Thumb Code     0  startup_stm32f40_41xxx.o(.text)
    I2C1_ER_IRQHandler                       0x0800049f   Thumb Code     0  startup_stm32f40_41xxx.o(.text)
    I2C1_EV_IRQHandler                       0x0800049f   Thumb Code     0  startup_stm32f40_41xxx.o(.text)
    I2C2_ER_IRQHandler                       0x0800049f   Thumb Code     0  startup_stm32f40_41xxx.o(.text)
    I2C2_EV_IRQHandler                       0x0800049f   Thumb Code     0  startup_stm32f40_41xxx.o(.text)
    I2C3_ER_IRQHandler                       0x0800049f   Thumb Code     0  startup_stm32f40_41xxx.o(.text)
    I2C3_EV_IRQHandler                       0x0800049f   Thumb Code     0  startup_stm32f40_41xxx.o(.text)
    OTG_FS_IRQHandler                        0x0800049f   Thumb Code     0  startup_stm32f40_41xxx.o(.text)
    OTG_FS_WKUP_IRQHandler                   0x0800049f   Thumb Code     0  startup_stm32f40_41xxx.o(.text)
    OTG_HS_EP1_IN_IRQHandler                 0x0800049f   Thumb Code     0  startup_stm32f40_41xxx.o(.text)
    OTG_HS_EP1_OUT_IRQHandler                0x0800049f   Thumb Code     0  startup_stm32f40_41xxx.o(.text)
    OTG_HS_IRQHandler                        0x0800049f   Thumb Code     0  startup_stm32f40_41xxx.o(.text)
    OTG_HS_WKUP_IRQHandler                   0x0800049f   Thumb Code     0  startup_stm32f40_41xxx.o(.text)
    PVD_IRQHandler                           0x0800049f   Thumb Code     0  startup_stm32f40_41xxx.o(.text)
    RCC_IRQHandler                           0x0800049f   Thumb Code     0  startup_stm32f40_41xxx.o(.text)
    RTC_Alarm_IRQHandler                     0x0800049f   Thumb Code     0  startup_stm32f40_41xxx.o(.text)
    RTC_WKUP_IRQHandler                      0x0800049f   Thumb Code     0  startup_stm32f40_41xxx.o(.text)
    SDIO_IRQHandler                          0x0800049f   Thumb Code     0  startup_stm32f40_41xxx.o(.text)
    SPI1_IRQHandler                          0x0800049f   Thumb Code     0  startup_stm32f40_41xxx.o(.text)
    SPI2_IRQHandler                          0x0800049f   Thumb Code     0  startup_stm32f40_41xxx.o(.text)
    SPI3_IRQHandler                          0x0800049f   Thumb Code     0  startup_stm32f40_41xxx.o(.text)
    TAMP_STAMP_IRQHandler                    0x0800049f   Thumb Code     0  startup_stm32f40_41xxx.o(.text)
    TIM1_BRK_TIM9_IRQHandler                 0x0800049f   Thumb Code     0  startup_stm32f40_41xxx.o(.text)
    TIM1_CC_IRQHandler                       0x0800049f   Thumb Code     0  startup_stm32f40_41xxx.o(.text)
    TIM1_TRG_COM_TIM11_IRQHandler            0x0800049f   Thumb Code     0  startup_stm32f40_41xxx.o(.text)
    TIM1_UP_TIM10_IRQHandler                 0x0800049f   Thumb Code     0  startup_stm32f40_41xxx.o(.text)
    TIM2_IRQHandler                          0x0800049f   Thumb Code     0  startup_stm32f40_41xxx.o(.text)
    TIM3_IRQHandler                          0x0800049f   Thumb Code     0  startup_stm32f40_41xxx.o(.text)
    TIM4_IRQHandler                          0x0800049f   Thumb Code     0  startup_stm32f40_41xxx.o(.text)
    TIM5_IRQHandler                          0x0800049f   Thumb Code     0  startup_stm32f40_41xxx.o(.text)
    TIM6_DAC_IRQHandler                      0x0800049f   Thumb Code     0  startup_stm32f40_41xxx.o(.text)
    TIM7_IRQHandler                          0x0800049f   Thumb Code     0  startup_stm32f40_41xxx.o(.text)
    TIM8_BRK_TIM12_IRQHandler                0x0800049f   Thumb Code     0  startup_stm32f40_41xxx.o(.text)
    TIM8_CC_IRQHandler                       0x0800049f   Thumb Code     0  startup_stm32f40_41xxx.o(.text)
    TIM8_TRG_COM_TIM14_IRQHandler            0x0800049f   Thumb Code     0  startup_stm32f40_41xxx.o(.text)
    TIM8_UP_TIM13_IRQHandler                 0x0800049f   Thumb Code     0  startup_stm32f40_41xxx.o(.text)
    UART4_IRQHandler                         0x0800049f   Thumb Code     0  startup_stm32f40_41xxx.o(.text)
    UART5_IRQHandler                         0x0800049f   Thumb Code     0  startup_stm32f40_41xxx.o(.text)
    USART1_IRQHandler                        0x0800049f   Thumb Code     0  startup_stm32f40_41xxx.o(.text)
    USART3_IRQHandler                        0x0800049f   Thumb Code     0  startup_stm32f40_41xxx.o(.text)
    USART6_IRQHandler                        0x0800049f   Thumb Code     0  startup_stm32f40_41xxx.o(.text)
    WWDG_IRQHandler                          0x0800049f   Thumb Code     0  startup_stm32f40_41xxx.o(.text)
    __user_initial_stackheap                 0x080004a1   Thumb Code     0  startup_stm32f40_41xxx.o(.text)
    NVIC_PriorityGroupConfig                 0x080004c5   Thumb Code    10  misc.o(.text)
    NVIC_Init                                0x080004cf   Thumb Code   106  misc.o(.text)
    NVIC_SetVectorTable                      0x08000539   Thumb Code    14  misc.o(.text)
    NVIC_SystemLPConfig                      0x08000547   Thumb Code    34  misc.o(.text)
    SysTick_CLKSourceConfig                  0x08000569   Thumb Code    40  misc.o(.text)
    GPIO_DeInit                              0x080005a5   Thumb Code   268  stm32f4xx_gpio.o(.text)
    GPIO_Init                                0x080006b1   Thumb Code   144  stm32f4xx_gpio.o(.text)
    GPIO_StructInit                          0x08000741   Thumb Code    18  stm32f4xx_gpio.o(.text)
    GPIO_PinLockConfig                       0x08000753   Thumb Code    34  stm32f4xx_gpio.o(.text)
    GPIO_ReadInputDataBit                    0x08000775   Thumb Code    18  stm32f4xx_gpio.o(.text)
    GPIO_ReadInputData                       0x08000787   Thumb Code     8  stm32f4xx_gpio.o(.text)
    GPIO_ReadOutputDataBit                   0x0800078f   Thumb Code    18  stm32f4xx_gpio.o(.text)
    GPIO_ReadOutputData                      0x080007a1   Thumb Code     8  stm32f4xx_gpio.o(.text)
    GPIO_SetBits                             0x080007a9   Thumb Code     4  stm32f4xx_gpio.o(.text)
    GPIO_ResetBits                           0x080007ad   Thumb Code     4  stm32f4xx_gpio.o(.text)
    GPIO_WriteBit                            0x080007b1   Thumb Code    10  stm32f4xx_gpio.o(.text)
    GPIO_Write                               0x080007bb   Thumb Code     4  stm32f4xx_gpio.o(.text)
    GPIO_ToggleBits                          0x080007bf   Thumb Code     8  stm32f4xx_gpio.o(.text)
    GPIO_PinAFConfig                         0x080007c7   Thumb Code    70  stm32f4xx_gpio.o(.text)
    RCC_DeInit                               0x08000839   Thumb Code    82  stm32f4xx_rcc.o(.text)
    RCC_HSEConfig                            0x0800088b   Thumb Code    14  stm32f4xx_rcc.o(.text)
    RCC_GetFlagStatus                        0x08000899   Thumb Code    60  stm32f4xx_rcc.o(.text)
    RCC_WaitForHSEStartUp                    0x080008d5   Thumb Code    56  stm32f4xx_rcc.o(.text)
    RCC_AdjustHSICalibrationValue            0x0800090d   Thumb Code    20  stm32f4xx_rcc.o(.text)
    RCC_HSICmd                               0x08000921   Thumb Code     6  stm32f4xx_rcc.o(.text)
    RCC_LSEConfig                            0x08000927   Thumb Code    46  stm32f4xx_rcc.o(.text)
    RCC_LSICmd                               0x08000955   Thumb Code     6  stm32f4xx_rcc.o(.text)
    RCC_PLLConfig                            0x0800095b   Thumb Code    32  stm32f4xx_rcc.o(.text)
    RCC_PLLCmd                               0x0800097b   Thumb Code     6  stm32f4xx_rcc.o(.text)
    RCC_PLLI2SConfig                         0x08000981   Thumb Code    14  stm32f4xx_rcc.o(.text)
    RCC_PLLI2SCmd                            0x0800098f   Thumb Code     6  stm32f4xx_rcc.o(.text)
    RCC_PLLSAIConfig                         0x08000995   Thumb Code    20  stm32f4xx_rcc.o(.text)
    RCC_PLLSAICmd                            0x080009a9   Thumb Code     6  stm32f4xx_rcc.o(.text)
    RCC_ClockSecuritySystemCmd               0x080009af   Thumb Code     6  stm32f4xx_rcc.o(.text)
    RCC_MCO1Config                           0x080009b5   Thumb Code    28  stm32f4xx_rcc.o(.text)
    RCC_MCO2Config                           0x080009d1   Thumb Code    28  stm32f4xx_rcc.o(.text)
    RCC_SYSCLKConfig                         0x080009ed   Thumb Code    20  stm32f4xx_rcc.o(.text)
    RCC_GetSYSCLKSource                      0x08000a01   Thumb Code    12  stm32f4xx_rcc.o(.text)
    RCC_HCLKConfig                           0x08000a0d   Thumb Code    20  stm32f4xx_rcc.o(.text)
    RCC_PCLK1Config                          0x08000a21   Thumb Code    20  stm32f4xx_rcc.o(.text)
    RCC_PCLK2Config                          0x08000a35   Thumb Code    22  stm32f4xx_rcc.o(.text)
    RCC_GetClocksFreq                        0x08000a4b   Thumb Code   222  stm32f4xx_rcc.o(.text)
    RCC_RTCCLKConfig                         0x08000b29   Thumb Code    54  stm32f4xx_rcc.o(.text)
    RCC_RTCCLKCmd                            0x08000b5f   Thumb Code     8  stm32f4xx_rcc.o(.text)
    RCC_BackupResetCmd                       0x08000b67   Thumb Code     8  stm32f4xx_rcc.o(.text)
    RCC_I2SCLKConfig                         0x08000b6f   Thumb Code     6  stm32f4xx_rcc.o(.text)
    RCC_SAIPLLI2SClkDivConfig                0x08000b75   Thumb Code    26  stm32f4xx_rcc.o(.text)
    RCC_SAIPLLSAIClkDivConfig                0x08000b8f   Thumb Code    28  stm32f4xx_rcc.o(.text)
    RCC_SAIBlockACLKConfig                   0x08000bab   Thumb Code    20  stm32f4xx_rcc.o(.text)
    RCC_SAIBlockBCLKConfig                   0x08000bbf   Thumb Code    20  stm32f4xx_rcc.o(.text)
    RCC_LTDCCLKDivConfig                     0x08000bd3   Thumb Code    20  stm32f4xx_rcc.o(.text)
    RCC_TIMCLKPresConfig                     0x08000be7   Thumb Code     6  stm32f4xx_rcc.o(.text)
    RCC_AHB1PeriphClockCmd                   0x08000bed   Thumb Code    34  stm32f4xx_rcc.o(.text)
    RCC_AHB2PeriphClockCmd                   0x08000c0f   Thumb Code    78  stm32f4xx_rcc.o(.text)
    RCC_AHB3PeriphClockCmd                   0x08000c5d   Thumb Code    34  stm32f4xx_rcc.o(.text)
    RCC_APB1PeriphClockCmd                   0x08000c7f   Thumb Code    34  stm32f4xx_rcc.o(.text)
    RCC_APB2PeriphClockCmd                   0x08000ca1   Thumb Code    34  stm32f4xx_rcc.o(.text)
    RCC_AHB1PeriphResetCmd                   0x08000cc3   Thumb Code    34  stm32f4xx_rcc.o(.text)
    RCC_AHB2PeriphResetCmd                   0x08000ce5   Thumb Code    34  stm32f4xx_rcc.o(.text)
    RCC_AHB3PeriphResetCmd                   0x08000d07   Thumb Code    34  stm32f4xx_rcc.o(.text)
    RCC_APB1PeriphResetCmd                   0x08000d29   Thumb Code    34  stm32f4xx_rcc.o(.text)
    RCC_APB2PeriphResetCmd                   0x08000d4b   Thumb Code    34  stm32f4xx_rcc.o(.text)
    RCC_AHB1PeriphClockLPModeCmd             0x08000d6d   Thumb Code    34  stm32f4xx_rcc.o(.text)
    RCC_AHB2PeriphClockLPModeCmd             0x08000d8f   Thumb Code    34  stm32f4xx_rcc.o(.text)
    RCC_AHB3PeriphClockLPModeCmd             0x08000db1   Thumb Code    34  stm32f4xx_rcc.o(.text)
    RCC_APB1PeriphClockLPModeCmd             0x08000dd3   Thumb Code    34  stm32f4xx_rcc.o(.text)
    RCC_APB2PeriphClockLPModeCmd             0x08000df5   Thumb Code    34  stm32f4xx_rcc.o(.text)
    RCC_LSEModeConfig                        0x08000e17   Thumb Code    40  stm32f4xx_rcc.o(.text)
    RCC_ITConfig                             0x08000e3f   Thumb Code    34  stm32f4xx_rcc.o(.text)
    RCC_ClearFlag                            0x08000e61   Thumb Code    18  stm32f4xx_rcc.o(.text)
    RCC_GetITStatus                          0x08000e73   Thumb Code    22  stm32f4xx_rcc.o(.text)
    RCC_ClearITPendingBit                    0x08000e89   Thumb Code     8  stm32f4xx_rcc.o(.text)
    SPI_I2S_DeInit                           0x08000e95   Thumb Code   152  stm32f4xx_spi.o(.text)
    SPI_Init                                 0x08000f2d   Thumb Code    60  stm32f4xx_spi.o(.text)
    I2S_Init                                 0x08000f69   Thumb Code   396  stm32f4xx_spi.o(.text)
    SPI_StructInit                           0x080010f5   Thumb Code    24  stm32f4xx_spi.o(.text)
    I2S_StructInit                           0x0800110d   Thumb Code    20  stm32f4xx_spi.o(.text)
    SPI_Cmd                                  0x08001121   Thumb Code    24  stm32f4xx_spi.o(.text)
    I2S_Cmd                                  0x08001139   Thumb Code    24  stm32f4xx_spi.o(.text)
    SPI_DataSizeConfig                       0x08001151   Thumb Code    18  stm32f4xx_spi.o(.text)
    SPI_BiDirectionalLineConfig              0x08001163   Thumb Code    28  stm32f4xx_spi.o(.text)
    SPI_NSSInternalSoftwareConfig            0x0800117f   Thumb Code    30  stm32f4xx_spi.o(.text)
    SPI_SSOutputCmd                          0x0800119d   Thumb Code    24  stm32f4xx_spi.o(.text)
    SPI_TIModeCmd                            0x080011b5   Thumb Code    24  stm32f4xx_spi.o(.text)
    I2S_FullDuplexConfig                     0x080011cd   Thumb Code    80  stm32f4xx_spi.o(.text)
    SPI_I2S_ReceiveData                      0x0800121d   Thumb Code     6  stm32f4xx_spi.o(.text)
    SPI_I2S_SendData                         0x08001223   Thumb Code     4  stm32f4xx_spi.o(.text)
    SPI_CalculateCRC                         0x08001227   Thumb Code    24  stm32f4xx_spi.o(.text)
    SPI_TransmitCRC                          0x0800123f   Thumb Code    10  stm32f4xx_spi.o(.text)
    SPI_GetCRC                               0x08001249   Thumb Code    16  stm32f4xx_spi.o(.text)
    SPI_GetCRCPolynomial                     0x08001259   Thumb Code     6  stm32f4xx_spi.o(.text)
    SPI_I2S_DMACmd                           0x0800125f   Thumb Code    18  stm32f4xx_spi.o(.text)
    SPI_I2S_ITConfig                         0x08001271   Thumb Code    68  stm32f4xx_spi.o(.text)
    SPI_I2S_GetFlagStatus                    0x080012b5   Thumb Code    18  stm32f4xx_spi.o(.text)
    SPI_I2S_ClearFlag                        0x080012c7   Thumb Code     6  stm32f4xx_spi.o(.text)
    SPI_I2S_GetITStatus                      0x080012cd   Thumb Code    52  stm32f4xx_spi.o(.text)
    SPI_I2S_ClearITPendingBit                0x08001301   Thumb Code    20  stm32f4xx_spi.o(.text)
    USART_DeInit                             0x08001315   Thumb Code   206  stm32f4xx_usart.o(.text)
    USART_Init                               0x080013e3   Thumb Code   204  stm32f4xx_usart.o(.text)
    USART_StructInit                         0x080014af   Thumb Code    24  stm32f4xx_usart.o(.text)
    USART_ClockInit                          0x080014c7   Thumb Code    32  stm32f4xx_usart.o(.text)
    USART_ClockStructInit                    0x080014e7   Thumb Code    12  stm32f4xx_usart.o(.text)
    USART_Cmd                                0x080014f3   Thumb Code    24  stm32f4xx_usart.o(.text)
    USART_SetPrescaler                       0x0800150b   Thumb Code    16  stm32f4xx_usart.o(.text)
    USART_OverSampling8Cmd                   0x0800151b   Thumb Code    22  stm32f4xx_usart.o(.text)
    USART_OneBitMethodCmd                    0x08001531   Thumb Code    24  stm32f4xx_usart.o(.text)
    USART_SendData                           0x08001549   Thumb Code     8  stm32f4xx_usart.o(.text)
    USART_ReceiveData                        0x08001551   Thumb Code    10  stm32f4xx_usart.o(.text)
    USART_SetAddress                         0x0800155b   Thumb Code    18  stm32f4xx_usart.o(.text)
    USART_ReceiverWakeUpCmd                  0x0800156d   Thumb Code    24  stm32f4xx_usart.o(.text)
    USART_WakeUpConfig                       0x08001585   Thumb Code    18  stm32f4xx_usart.o(.text)
    USART_LINBreakDetectLengthConfig         0x08001597   Thumb Code    18  stm32f4xx_usart.o(.text)
    USART_LINCmd                             0x080015a9   Thumb Code    24  stm32f4xx_usart.o(.text)
    USART_SendBreak                          0x080015c1   Thumb Code    10  stm32f4xx_usart.o(.text)
    USART_HalfDuplexCmd                      0x080015cb   Thumb Code    24  stm32f4xx_usart.o(.text)
    USART_SetGuardTime                       0x080015e3   Thumb Code    16  stm32f4xx_usart.o(.text)
    USART_SmartCardCmd                       0x080015f3   Thumb Code    24  stm32f4xx_usart.o(.text)
    USART_SmartCardNACKCmd                   0x0800160b   Thumb Code    24  stm32f4xx_usart.o(.text)
    USART_IrDAConfig                         0x08001623   Thumb Code    18  stm32f4xx_usart.o(.text)
    USART_IrDACmd                            0x08001635   Thumb Code    24  stm32f4xx_usart.o(.text)
    USART_DMACmd                             0x0800164d   Thumb Code    18  stm32f4xx_usart.o(.text)
    USART_ITConfig                           0x0800165f   Thumb Code    74  stm32f4xx_usart.o(.text)
    USART_GetFlagStatus                      0x080016a9   Thumb Code    26  stm32f4xx_usart.o(.text)
    USART_ClearFlag                          0x080016c3   Thumb Code    18  stm32f4xx_usart.o(.text)
    USART_GetITStatus                        0x080016d5   Thumb Code   118  stm32f4xx_usart.o(.text)
    USART_ClearITPendingBit                  0x0800174b   Thumb Code    30  stm32f4xx_usart.o(.text)
    delay_init                               0x08001769   Thumb Code    52  delay.o(.text)
    delay_us                                 0x0800179d   Thumb Code    72  delay.o(.text)
    delay_xms                                0x080017e5   Thumb Code    72  delay.o(.text)
    delay_ms                                 0x0800182d   Thumb Code    56  delay.o(.text)
    All_Init                                 0x0800186d   Thumb Code    58  init.o(.text)
    Key_Init                                 0x080018b1   Thumb Code    60  key.o(.text)
    Key_Scan                                 0x080018ed   Thumb Code   188  key.o(.text)
    LED_Init                                 0x080019b5   Thumb Code    60  led.o(.text)
    Loop_check                               0x080019f5   Thumb Code    86  schedule.o(.text)
    Duty_1ms                                 0x08001a4b   Thumb Code    14  schedule.o(.text)
    Duty_2ms                                 0x08001a59   Thumb Code    82  schedule.o(.text)
    Duty_5ms                                 0x08001aab   Thumb Code    82  schedule.o(.text)
    Duty_10ms                                0x08001afd   Thumb Code     2  schedule.o(.text)
    Duty_20ms                                0x08001aff   Thumb Code     2  schedule.o(.text)
    Duty_50ms                                0x08001b01   Thumb Code     2  schedule.o(.text)
    Duty_Loop                                0x08001b03   Thumb Code   132  schedule.o(.text)
    ANO_DT_Send_Data                         0x08001b9d   Thumb Code    16  data_transfer.o(.text)
    ANO_DT_Send_PID                          0x08001beb   Thumb Code   562  data_transfer.o(.text)
    ANO_DT_Send_User                         0x08001e1d   Thumb Code   504  data_transfer.o(.text)
    ANO_DT_Data_Exchange                     0x08002015   Thumb Code   766  data_transfer.o(.text)
    ANO_DT_Data_Receive_Anl                  0x08002313   Thumb Code  4116  data_transfer.o(.text)
    ANO_DT_Data_Receive_Prepare              0x08003327   Thumb Code   216  data_transfer.o(.text)
    ANO_DT_SendString                        0x080033ff   Thumb Code   154  data_transfer.o(.text)
    Para_ResetToFactorySetup                 0x080036a5   Thumb Code   520  parameter.o(.text)
    PID_Para_Init                            0x080038ad   Thumb Code     2  parameter.o(.text)
    Para_Init                                0x080038af   Thumb Code    28  parameter.o(.text)
    Param_SavePID                            0x080038cb   Thumb Code     8  parameter.o(.text)
    Parameter_Save                           0x080038d3   Thumb Code    38  parameter.o(.text)
    SysTick_Configuration                    0x08003901   Thumb Code    98  timer.o(.text)
    GetSysTime_us                            0x08003963   Thumb Code    48  timer.o(.text)
    Delay_us                                 0x08003993   Thumb Code    24  timer.o(.text)
    Delay_ms                                 0x080039ab   Thumb Code    24  timer.o(.text)
    sys_time                                 0x080039c3   Thumb Code   126  timer.o(.text)
    Get_Cycle_T                              0x08003a41   Thumb Code   110  timer.o(.text)
    Cycle_Time_Init                          0x08003aaf   Thumb Code    22  timer.o(.text)
    Usart2_Init                              0x08003ae9   Thumb Code   230  usart.o(.text)
    Usart2_IRQ                               0x08003bcf   Thumb Code   120  usart.o(.text)
    Usart2_Send                              0x08003c47   Thumb Code    62  usart.o(.text)
    Usart_to_test                            0x08003c85   Thumb Code    54  usart.o(.text)
    Flash_Init                               0x08003da1   Thumb Code   370  drv_w25qxx.o(.text)
    Flash_SectorErase                        0x08003f81   Thumb Code    66  drv_w25qxx.o(.text)
    Flash_PageWrite                          0x08003fc3   Thumb Code    84  drv_w25qxx.o(.text)
    Flash_PageRead                           0x08004017   Thumb Code    78  drv_w25qxx.o(.text)
    Flash_SectorsRead                        0x08004065   Thumb Code    52  drv_w25qxx.o(.text)
    Flash_SectorsWrite                       0x08004099   Thumb Code   118  drv_w25qxx.o(.text)
    Flash_GetInfo                            0x0800410f   Thumb Code     4  drv_w25qxx.o(.text)
    disk_status                              0x08004119   Thumb Code    24  diskio.o(.text)
    disk_initialize                          0x08004131   Thumb Code    34  diskio.o(.text)
    disk_read                                0x08004153   Thumb Code    56  diskio.o(.text)
    disk_write                               0x0800418b   Thumb Code    56  diskio.o(.text)
    disk_ioctl                               0x080041c3   Thumb Code    60  diskio.o(.text)
    get_fattime                              0x080041ff   Thumb Code     4  diskio.o(.text)
    clust2sect                               0x080043bf   Thumb Code    26  ff.o(.text)
    get_fat                                  0x080043d9   Thumb Code   318  ff.o(.text)
    put_fat                                  0x08004517   Thumb Code   392  ff.o(.text)
    f_mount                                  0x0800531d   Thumb Code    86  ff.o(.text)
    f_open                                   0x08005373   Thumb Code   356  ff.o(.text)
    f_read                                   0x080054d7   Thumb Code   498  ff.o(.text)
    f_write                                  0x080056c9   Thumb Code   540  ff.o(.text)
    f_sync                                   0x080058e5   Thumb Code   176  ff.o(.text)
    f_close                                  0x08005995   Thumb Code    32  ff.o(.text)
    f_lseek                                  0x080059b5   Thumb Code   726  ff.o(.text)
    f_opendir                                0x08005c8b   Thumb Code   110  ff.o(.text)
    f_closedir                               0x08005cf9   Thumb Code    22  ff.o(.text)
    f_readdir                                0x08005d0f   Thumb Code    88  ff.o(.text)
    f_stat                                   0x08005d67   Thumb Code    60  ff.o(.text)
    f_getfree                                0x08005da3   Thumb Code   258  ff.o(.text)
    f_truncate                               0x08005ea5   Thumb Code   184  ff.o(.text)
    f_unlink                                 0x08005f5d   Thumb Code   166  ff.o(.text)
    f_mkdir                                  0x08006003   Thumb Code   352  ff.o(.text)
    f_chmod                                  0x08006163   Thumb Code    84  ff.o(.text)
    f_rename                                 0x080061b7   Thumb Code   258  ff.o(.text)
    f_utime                                  0x080062b9   Thumb Code    86  ff.o(.text)
    f_mkfs                                   0x0800630f   Thumb Code  1624  ff.o(.text)
    __use_two_region_memory                  0x08006995   Thumb Code     2  heapauxi.o(.text)
    __rt_heap_escrow$2region                 0x08006997   Thumb Code     2  heapauxi.o(.text)
    __rt_heap_expand$2region                 0x08006999   Thumb Code     2  heapauxi.o(.text)
    __user_setup_stackheap                   0x0800699b   Thumb Code    74  sys_stackheap_outer.o(.text)
    exit                                     0x080069e5   Thumb Code    12  exit.o(.text)
    __user_libspace                          0x080069f1   Thumb Code     8  libspace.o(.text)
    __user_perproc_libspace                  0x080069f1   Thumb Code     0  libspace.o(.text)
    __user_perthread_libspace                0x080069f1   Thumb Code     0  libspace.o(.text)
    _sys_exit                                0x080069f9   Thumb Code     8  sys_exit.o(.text)
    __I$use$semihosting                      0x08006a05   Thumb Code     0  use_no_semi.o(.text)
    __use_no_semihosting_swi                 0x08006a05   Thumb Code     2  use_no_semi.o(.text)
    __semihosting_library_function           0x08006a07   Thumb Code     0  indicate_semi.o(.text)
    __aeabi_d2f                              0x08006a09   Thumb Code     0  d2f.o(x$fpl$d2f)
    _d2f                                     0x08006a09   Thumb Code    98  d2f.o(x$fpl$d2f)
    __aeabi_i2d                              0x08006a6b   Thumb Code     0  dflt_clz.o(x$fpl$dflt)
    _dflt                                    0x08006a6b   Thumb Code    46  dflt_clz.o(x$fpl$dflt)
    __aeabi_dmul                             0x08006a99   Thumb Code     0  dmul.o(x$fpl$dmul)
    _dmul                                    0x08006a99   Thumb Code   332  dmul.o(x$fpl$dmul)
    __fpl_dnaninf                            0x08006bed   Thumb Code   156  dnaninf.o(x$fpl$dnaninf)
    __fpl_dretinf                            0x08006c89   Thumb Code    12  dretinf.o(x$fpl$dretinf)
    _fp_init                                 0x08006c95   Thumb Code    10  fpinit.o(x$fpl$fpinit)
    __fplib_config_fpu_vfp                   0x08006c9d   Thumb Code     0  fpinit.o(x$fpl$fpinit)
    __fplib_config_pureend_doubles           0x08006c9d   Thumb Code     0  fpinit.o(x$fpl$fpinit)
    __fpl_fretinf                            0x08006c9f   Thumb Code    10  fretinf.o(x$fpl$fretinf)
    __I$use$fp                               0x08006ca8   Number         0  usenofp.o(x$fpl$usenofp)
    Region$$Table$$Base                      0x08006cd4   Number         0  anon$$obj.o(Region$$Table)
    Region$$Table$$Limit                     0x08006cf4   Number         0  anon$$obj.o(Region$$Table)
    Init_Finish                              0x20000000   Data           1  main.o(.data)
    SystemCoreClock                          0x20000004   Data           4  system_stm32f4xx.o(.data)
    AHBPrescTable                            0x20000008   Data          16  system_stm32f4xx.o(.data)
    loop_cnt                                 0x20000030   Data           2  schedule.o(.data)
    time_to_test                             0x20000034   Data           4  schedule.o(.data)
    checkdata_to_send                        0x20000038   Data           1  data_transfer.o(.data)
    checksum_to_send                         0x20000039   Data           1  data_transfer.o(.data)
    flash_save_en_cnt                        0x2000003a   Data           2  data_transfer.o(.data)
    flash_init_error                         0x20000043   Data           1  parameter.o(.data)
    sysTickUptime                            0x20000044   Data           4  timer.o(.data)
    time_1h                                  0x20000048   Data           4  timer.o(.data)
    time_1m                                  0x2000004c   Data           4  timer.o(.data)
    time_1s                                  0x20000050   Data           4  timer.o(.data)
    time_1ms                                 0x20000054   Data           4  timer.o(.data)
    TxCounter                                0x20000058   Data           1  usart.o(.data)
    count                                    0x20000059   Data           1  usart.o(.data)
    loop                                     0x2000006c   Data          16  schedule.o(.bss)
    test                                     0x2000007c   Data          20  schedule.o(.bss)
    f                                        0x20000090   Data          20  data_transfer.o(.bss)
    data_to_send                             0x200000a4   Data          50  data_transfer.o(.bss)
    sensor_setup                             0x20000108   Data          64  parameter.o(.bss)
    pid_setup                                0x20000148   Data         288  parameter.o(.bss)
    Cycle_T                                  0x200022dc   Data          60  timer.o(.bss)
    TxBuffer                                 0x20002318   Data         256  usart.o(.bss)
    Rx_Buf                                   0x20002418   Data         256  usart.o(.bss)
    data_to_ruisa                            0x20002518   Data          50  usart.o(.bss)
    __libspace_start                         0x20002558   Data          96  libspace.o(.bss)
    __temporary_stack_top$libspace           0x200025b8   Data           0  libspace.o(.bss)



==============================================================================

Memory Map of the image

  Image Entry point : 0x08000189

  Load Region LR_IROM1 (Base: 0x08000000, Size: 0x00006d60, Max: 0x00100000, ABSOLUTE)

    Execution Region ER_IROM1 (Base: 0x08000000, Size: 0x00006cf4, Max: 0x00100000, ABSOLUTE)

    Base Addr    Size         Type   Attr      Idx    E Section Name        Object

    0x08000000   0x00000188   Data   RO          206    RESET               startup_stm32f40_41xxx.o
    0x08000188   0x00000008   Code   RO         1301  * !!!main             c_w.l(__main.o)
    0x08000190   0x00000034   Code   RO         1474    !!!scatter          c_w.l(__scatter.o)
    0x080001c4   0x0000001a   Code   RO         1476    !!handler_copy      c_w.l(__scatter_copy.o)
    0x080001de   0x00000002   PAD
    0x080001e0   0x0000001c   Code   RO         1478    !!handler_zi        c_w.l(__scatter_zi.o)
    0x080001fc   0x00000002   Code   RO         1345    .ARM.Collect$$libinit$$00000000  c_w.l(libinit.o)
    0x080001fe   0x00000004   Code   RO         1351    .ARM.Collect$$libinit$$00000001  c_w.l(libinit2.o)
    0x08000202   0x00000000   Code   RO         1354    .ARM.Collect$$libinit$$00000004  c_w.l(libinit2.o)
    0x08000202   0x00000000   Code   RO         1357    .ARM.Collect$$libinit$$0000000A  c_w.l(libinit2.o)
    0x08000202   0x00000000   Code   RO         1359    .ARM.Collect$$libinit$$0000000C  c_w.l(libinit2.o)
    0x08000202   0x00000000   Code   RO         1361    .ARM.Collect$$libinit$$0000000E  c_w.l(libinit2.o)
    0x08000202   0x00000000   Code   RO         1364    .ARM.Collect$$libinit$$00000011  c_w.l(libinit2.o)
    0x08000202   0x00000000   Code   RO         1366    .ARM.Collect$$libinit$$00000013  c_w.l(libinit2.o)
    0x08000202   0x00000000   Code   RO         1368    .ARM.Collect$$libinit$$00000015  c_w.l(libinit2.o)
    0x08000202   0x00000000   Code   RO         1370    .ARM.Collect$$libinit$$00000017  c_w.l(libinit2.o)
    0x08000202   0x00000000   Code   RO         1372    .ARM.Collect$$libinit$$00000019  c_w.l(libinit2.o)
    0x08000202   0x00000000   Code   RO         1374    .ARM.Collect$$libinit$$0000001B  c_w.l(libinit2.o)
    0x08000202   0x00000000   Code   RO         1376    .ARM.Collect$$libinit$$0000001D  c_w.l(libinit2.o)
    0x08000202   0x00000000   Code   RO         1378    .ARM.Collect$$libinit$$0000001F  c_w.l(libinit2.o)
    0x08000202   0x00000000   Code   RO         1380    .ARM.Collect$$libinit$$00000021  c_w.l(libinit2.o)
    0x08000202   0x00000000   Code   RO         1382    .ARM.Collect$$libinit$$00000023  c_w.l(libinit2.o)
    0x08000202   0x00000000   Code   RO         1384    .ARM.Collect$$libinit$$00000025  c_w.l(libinit2.o)
    0x08000202   0x00000000   Code   RO         1388    .ARM.Collect$$libinit$$0000002C  c_w.l(libinit2.o)
    0x08000202   0x00000000   Code   RO         1390    .ARM.Collect$$libinit$$0000002E  c_w.l(libinit2.o)
    0x08000202   0x00000000   Code   RO         1392    .ARM.Collect$$libinit$$00000030  c_w.l(libinit2.o)
    0x08000202   0x00000000   Code   RO         1394    .ARM.Collect$$libinit$$00000032  c_w.l(libinit2.o)
    0x08000202   0x00000002   Code   RO         1395    .ARM.Collect$$libinit$$00000033  c_w.l(libinit2.o)
    0x08000204   0x00000002   Code   RO         1415    .ARM.Collect$$libshutdown$$00000000  c_w.l(libshutdown.o)
    0x08000206   0x00000000   Code   RO         1429    .ARM.Collect$$libshutdown$$00000003  c_w.l(libshutdown2.o)
    0x08000206   0x00000000   Code   RO         1432    .ARM.Collect$$libshutdown$$00000006  c_w.l(libshutdown2.o)
    0x08000206   0x00000000   Code   RO         1435    .ARM.Collect$$libshutdown$$00000009  c_w.l(libshutdown2.o)
    0x08000206   0x00000000   Code   RO         1437    .ARM.Collect$$libshutdown$$0000000B  c_w.l(libshutdown2.o)
    0x08000206   0x00000000   Code   RO         1440    .ARM.Collect$$libshutdown$$0000000E  c_w.l(libshutdown2.o)
    0x08000206   0x00000002   Code   RO         1441    .ARM.Collect$$libshutdown$$0000000F  c_w.l(libshutdown2.o)
    0x08000208   0x00000000   Code   RO         1313    .ARM.Collect$$rtentry$$00000000  c_w.l(__rtentry.o)
    0x08000208   0x00000000   Code   RO         1322    .ARM.Collect$$rtentry$$00000002  c_w.l(__rtentry2.o)
    0x08000208   0x00000006   Code   RO         1334    .ARM.Collect$$rtentry$$00000004  c_w.l(__rtentry4.o)
    0x0800020e   0x00000000   Code   RO         1324    .ARM.Collect$$rtentry$$00000009  c_w.l(__rtentry2.o)
    0x0800020e   0x00000004   Code   RO         1325    .ARM.Collect$$rtentry$$0000000A  c_w.l(__rtentry2.o)
    0x08000212   0x00000000   Code   RO         1327    .ARM.Collect$$rtentry$$0000000C  c_w.l(__rtentry2.o)
    0x08000212   0x00000008   Code   RO         1328    .ARM.Collect$$rtentry$$0000000D  c_w.l(__rtentry2.o)
    0x0800021a   0x00000002   Code   RO         1349    .ARM.Collect$$rtexit$$00000000  c_w.l(rtexit.o)
    0x0800021c   0x00000000   Code   RO         1397    .ARM.Collect$$rtexit$$00000002  c_w.l(rtexit2.o)
    0x0800021c   0x00000004   Code   RO         1398    .ARM.Collect$$rtexit$$00000003  c_w.l(rtexit2.o)
    0x08000220   0x00000006   Code   RO         1399    .ARM.Collect$$rtexit$$00000004  c_w.l(rtexit2.o)
    0x08000226   0x00000002   PAD
    0x08000228   0x00000014   Code   RO            3    .text               main.o
    0x0800023c   0x00000038   Code   RO          153    .text               stm32f4xx_it.o
    0x08000274   0x00000210   Code   RO          180    .text               system_stm32f4xx.o
    0x08000484   0x00000040   Code   RO          207    .text               startup_stm32f40_41xxx.o
    0x080004c4   0x000000e0   Code   RO          213    .text               misc.o
    0x080005a4   0x00000294   Code   RO          588    .text               stm32f4xx_gpio.o
    0x08000838   0x0000065c   Code   RO          751    .text               stm32f4xx_rcc.o
    0x08000e94   0x00000480   Code   RO          856    .text               stm32f4xx_spi.o
    0x08001314   0x00000454   Code   RO          916    .text               stm32f4xx_usart.o
    0x08001768   0x00000104   Code   RO          956    .text               delay.o
    0x0800186c   0x00000044   Code   RO          996    .text               init.o
    0x080018b0   0x00000104   Code   RO         1037    .text               key.o
    0x080019b4   0x00000040   Code   RO         1058    .text               led.o
    0x080019f4   0x000001a8   Code   RO         1078    .text               schedule.o
    0x08001b9c   0x000018fc   Code   RO         1109    .text               data_transfer.o
    0x08003498   0x00000468   Code   RO         1136    .text               parameter.o
    0x08003900   0x000001e8   Code   RO         1176    .text               timer.o
    0x08003ae8   0x000001ec   Code   RO         1207    .text               usart.o
    0x08003cd4   0x00000444   Code   RO         1234    .text               drv_w25qxx.o
    0x08004118   0x000000f0   Code   RO         1259    .text               diskio.o
    0x08004208   0x0000278c   Code   RO         1282    .text               ff.o
    0x08006994   0x00000006   Code   RO         1299    .text               c_w.l(heapauxi.o)
    0x0800699a   0x0000004a   Code   RO         1336    .text               c_w.l(sys_stackheap_outer.o)
    0x080069e4   0x0000000c   Code   RO         1338    .text               c_w.l(exit.o)
    0x080069f0   0x00000008   Code   RO         1346    .text               c_w.l(libspace.o)
    0x080069f8   0x0000000c   Code   RO         1407    .text               c_w.l(sys_exit.o)
    0x08006a04   0x00000002   Code   RO         1418    .text               c_w.l(use_no_semi.o)
    0x08006a06   0x00000000   Code   RO         1420    .text               c_w.l(indicate_semi.o)
    0x08006a06   0x00000002   PAD
    0x08006a08   0x00000062   Code   RO         1303    x$fpl$d2f           fz_wm.l(d2f.o)
    0x08006a6a   0x0000002e   Code   RO         1306    x$fpl$dflt          fz_wm.l(dflt_clz.o)
    0x08006a98   0x00000154   Code   RO         1311    x$fpl$dmul          fz_wm.l(dmul.o)
    0x08006bec   0x0000009c   Code   RO         1314    x$fpl$dnaninf       fz_wm.l(dnaninf.o)
    0x08006c88   0x0000000c   Code   RO         1316    x$fpl$dretinf       fz_wm.l(dretinf.o)
    0x08006c94   0x0000000a   Code   RO         1405    x$fpl$fpinit        fz_wm.l(fpinit.o)
    0x08006c9e   0x0000000a   Code   RO         1318    x$fpl$fretinf       fz_wm.l(fretinf.o)
    0x08006ca8   0x00000000   Code   RO         1320    x$fpl$usenofp       fz_wm.l(usenofp.o)
    0x08006ca8   0x0000002c   Data   RO         1283    .constdata          ff.o
    0x08006cd4   0x00000020   Data   RO         1472    Region$$Table       anon$$obj.o


    Execution Region RW_IRAM1 (Base: 0x20000000, Size: 0x00002bb8, Max: 0x00020000, ABSOLUTE)

    Base Addr    Size         Type   Attr      Idx    E Section Name        Object

    0x20000000   0x00000001   Data   RW            4    .data               main.o
    0x20000001   0x00000003   PAD
    0x20000004   0x00000014   Data   RW          181    .data               system_stm32f4xx.o
    0x20000018   0x00000010   Data   RW          752    .data               stm32f4xx_rcc.o
    0x20000028   0x00000004   Data   RW          957    .data               delay.o
    0x2000002c   0x00000001   Data   RW         1038    .data               key.o
    0x2000002d   0x00000003   PAD
    0x20000030   0x00000008   Data   RW         1080    .data               schedule.o
    0x20000038   0x0000000b   Data   RW         1111    .data               data_transfer.o
    0x20000043   0x00000001   Data   RW         1138    .data               parameter.o
    0x20000044   0x00000014   Data   RW         1178    .data               timer.o
    0x20000058   0x00000002   Data   RW         1209    .data               usart.o
    0x2000005a   0x00000002   PAD
    0x2000005c   0x00000004   Data   RW         1260    .data               diskio.o
    0x20000060   0x0000000a   Data   RW         1284    .data               ff.o
    0x2000006a   0x00000002   PAD
    0x2000006c   0x00000024   Zero   RW         1079    .bss                schedule.o
    0x20000090   0x00000078   Zero   RW         1110    .bss                data_transfer.o
    0x20000108   0x000021d4   Zero   RW         1137    .bss                parameter.o
    0x200022dc   0x0000003c   Zero   RW         1177    .bss                timer.o
    0x20002318   0x00000232   Zero   RW         1208    .bss                usart.o
    0x2000254a   0x00000002   PAD
    0x2000254c   0x0000000c   Zero   RW         1235    .bss                drv_w25qxx.o
    0x20002558   0x00000060   Zero   RW         1347    .bss                c_w.l(libspace.o)
    0x200025b8   0x00000200   Zero   RW          205    HEAP                startup_stm32f40_41xxx.o
    0x200027b8   0x00000400   Zero   RW          204    STACK               startup_stm32f40_41xxx.o


==============================================================================

Image component sizes


      Code (inc. data)   RO Data    RW Data    ZI Data      Debug   Object Name

      6396        168          0         11        120       6689   data_transfer.o
       260          8          0          4          0       1517   delay.o
       240          6          0          4          0       3714   diskio.o
      1092         20          0          0         12       5689   drv_w25qxx.o
     10124        112         44         10          0      25542   ff.o
        68         10          0          0          0        571   init.o
       260         12          0          1          0        904   key.o
        64          4          0          0          0        567   led.o
        20          4          0          1          0     269301   main.o
       224         20          0          0          0     231133   misc.o
      1128         56          0          1       8660       6658   parameter.o
       424         22          0          8         36       2918   schedule.o
        64         26        392          0       1536        856   startup_stm32f40_41xxx.o
       660         44          0          0          0       4177   stm32f4xx_gpio.o
        56          6          0          0          0       1524   stm32f4xx_it.o
      1628         52          0         16          0      13000   stm32f4xx_rcc.o
      1152         36          0          0          0       6925   stm32f4xx_spi.o
      1108         34          0          0          0       7876   stm32f4xx_usart.o
       528         46          0         20          0       1899   system_stm32f4xx.o
       488         36          0         20         60      29341   timer.o
       492         26          0          2        562       2263   usart.o

    ----------------------------------------------------------------------
     26476        748        468        108      10988     623064   Object Totals
         0          0         32          0          0          0   (incl. Generated)
         0          0          0         10          2          0   (incl. Padding)

    ----------------------------------------------------------------------

      Code (inc. data)   RO Data    RW Data    ZI Data      Debug   Library Member Name

         8          0          0          0          0         68   __main.o
         0          0          0          0          0          0   __rtentry.o
        12          0          0          0          0          0   __rtentry2.o
         6          0          0          0          0          0   __rtentry4.o
        52          8          0          0          0          0   __scatter.o
        26          0          0          0          0          0   __scatter_copy.o
        28          0          0          0          0          0   __scatter_zi.o
        12          0          0          0          0         72   exit.o
         6          0          0          0          0        152   heapauxi.o
         0          0          0          0          0          0   indicate_semi.o
         2          0          0          0          0          0   libinit.o
         6          0          0          0          0          0   libinit2.o
         2          0          0          0          0          0   libshutdown.o
         2          0          0          0          0          0   libshutdown2.o
         8          4          0          0         96         68   libspace.o
         2          0          0          0          0          0   rtexit.o
        10          0          0          0          0          0   rtexit2.o
        12          4          0          0          0         68   sys_exit.o
        74          0          0          0          0         80   sys_stackheap_outer.o
         2          0          0          0          0         68   use_no_semi.o
        98          4          0          0          0        140   d2f.o
        46          0          0          0          0        116   dflt_clz.o
       340         12          0          0          0        152   dmul.o
       156          4          0          0          0        140   dnaninf.o
        12          0          0          0          0        116   dretinf.o
        10          0          0          0          0        116   fpinit.o
        10          0          0          0          0        116   fretinf.o
         0          0          0          0          0          0   usenofp.o

    ----------------------------------------------------------------------
       948         36          0          0         96       1472   Library Totals
         6          0          0          0          0          0   (incl. Padding)

    ----------------------------------------------------------------------

      Code (inc. data)   RO Data    RW Data    ZI Data      Debug   Library Name

       270         16          0          0         96        576   c_w.l
       672         20          0          0          0        896   fz_wm.l

    ----------------------------------------------------------------------
       948         36          0          0         96       1472   Library Totals

    ----------------------------------------------------------------------

==============================================================================


      Code (inc. data)   RO Data    RW Data    ZI Data      Debug   

     27424        784        468        108      11084     619880   Grand Totals
     27424        784        468        108      11084     619880   ELF Image Totals
     27424        784        468        108          0          0   ROM Totals

==============================================================================

    Total RO  Size (Code + RO Data)                27892 (  27.24kB)
    Total RW  Size (RW Data + ZI Data)             11192 (  10.93kB)
    Total ROM Size (Code + RO Data + RW Data)      28000 (  27.34kB)

==============================================================================

