<!doctype html public "-//w3c//dtd html 4.0 transitional//en">
<html><head>
<title>Static Call Graph - [.\Objects\429_HID.axf]</title></head>
<body><HR>
<H1>Static Call Graph for image .\Objects\429_HID.axf</H1><HR>
<BR><P>#&#060CALLGRAPH&#062# ARM Linker, 5050041: Last Updated: Mon Dec 01 10:37:27 2014
<BR><P>
<H3>Maximum Stack Usage =        160 bytes + Unknown(Functions without stacksize, Cycles, Untraceable Function Pointers)</H3><H3>
Call chain for Maximum Stack Depth:</H3>
USBD_SetupStage &rArr; USBD_StdDevReq &rArr; USBD_GetDescriptor &rArr; USBD_CtlSendData &rArr; DCD_EP_Tx &rArr; USB_OTG_EPStartXfer &rArr; USB_OTG_WritePacket
<P>
<H3>
Functions with no stack information
</H3><UL>
 <LI><a href="#[f7]">__user_initial_stackheap</a>
</UL>
</UL>
<P>
<H3>
Mutually Recursive functions
</H3> <LI><a href="#[3c]">ADC_IRQHandler</a>&nbsp;&nbsp;&nbsp;&rArr;&nbsp;&nbsp;&nbsp;<a href="#[3c]">ADC_IRQHandler</a><BR>
</UL>
<P>
<H3>
Function Pointers
</H3><UL>
 <LI><a href="#[3c]">ADC_IRQHandler</a> from startup_stm32f4xx.o(.text) referenced from startup_stm32f4xx.o(RESET)
 <LI><a href="#[24]">BusFault_Handler</a> from stm32fxxx_it.o(.text) referenced from startup_stm32f4xx.o(RESET)
 <LI><a href="#[3e]">CAN1_RX0_IRQHandler</a> from startup_stm32f4xx.o(.text) referenced from startup_stm32f4xx.o(RESET)
 <LI><a href="#[3f]">CAN1_RX1_IRQHandler</a> from startup_stm32f4xx.o(.text) referenced from startup_stm32f4xx.o(RESET)
 <LI><a href="#[40]">CAN1_SCE_IRQHandler</a> from startup_stm32f4xx.o(.text) referenced from startup_stm32f4xx.o(RESET)
 <LI><a href="#[3d]">CAN1_TX_IRQHandler</a> from startup_stm32f4xx.o(.text) referenced from startup_stm32f4xx.o(RESET)
 <LI><a href="#[6a]">CAN2_RX0_IRQHandler</a> from startup_stm32f4xx.o(.text) referenced from startup_stm32f4xx.o(RESET)
 <LI><a href="#[6b]">CAN2_RX1_IRQHandler</a> from startup_stm32f4xx.o(.text) referenced from startup_stm32f4xx.o(RESET)
 <LI><a href="#[6c]">CAN2_SCE_IRQHandler</a> from startup_stm32f4xx.o(.text) referenced from startup_stm32f4xx.o(RESET)
 <LI><a href="#[69]">CAN2_TX_IRQHandler</a> from startup_stm32f4xx.o(.text) referenced from startup_stm32f4xx.o(RESET)
 <LI><a href="#[79]">CRYP_IRQHandler</a> from startup_stm32f4xx.o(.text) referenced from startup_stm32f4xx.o(RESET)
 <LI><a href="#[78]">DCMI_IRQHandler</a> from startup_stm32f4xx.o(.text) referenced from startup_stm32f4xx.o(RESET)
 <LI><a href="#[35]">DMA1_Stream0_IRQHandler</a> from startup_stm32f4xx.o(.text) referenced from startup_stm32f4xx.o(RESET)
 <LI><a href="#[36]">DMA1_Stream1_IRQHandler</a> from startup_stm32f4xx.o(.text) referenced from startup_stm32f4xx.o(RESET)
 <LI><a href="#[37]">DMA1_Stream2_IRQHandler</a> from startup_stm32f4xx.o(.text) referenced from startup_stm32f4xx.o(RESET)
 <LI><a href="#[38]">DMA1_Stream3_IRQHandler</a> from startup_stm32f4xx.o(.text) referenced from startup_stm32f4xx.o(RESET)
 <LI><a href="#[39]">DMA1_Stream4_IRQHandler</a> from startup_stm32f4xx.o(.text) referenced from startup_stm32f4xx.o(RESET)
 <LI><a href="#[3a]">DMA1_Stream5_IRQHandler</a> from startup_stm32f4xx.o(.text) referenced from startup_stm32f4xx.o(RESET)
 <LI><a href="#[3b]">DMA1_Stream6_IRQHandler</a> from startup_stm32f4xx.o(.text) referenced from startup_stm32f4xx.o(RESET)
 <LI><a href="#[59]">DMA1_Stream7_IRQHandler</a> from startup_stm32f4xx.o(.text) referenced from startup_stm32f4xx.o(RESET)
 <LI><a href="#[62]">DMA2_Stream0_IRQHandler</a> from startup_stm32f4xx.o(.text) referenced from startup_stm32f4xx.o(RESET)
 <LI><a href="#[63]">DMA2_Stream1_IRQHandler</a> from startup_stm32f4xx.o(.text) referenced from startup_stm32f4xx.o(RESET)
 <LI><a href="#[64]">DMA2_Stream2_IRQHandler</a> from startup_stm32f4xx.o(.text) referenced from startup_stm32f4xx.o(RESET)
 <LI><a href="#[65]">DMA2_Stream3_IRQHandler</a> from startup_stm32f4xx.o(.text) referenced from startup_stm32f4xx.o(RESET)
 <LI><a href="#[66]">DMA2_Stream4_IRQHandler</a> from startup_stm32f4xx.o(.text) referenced from startup_stm32f4xx.o(RESET)
 <LI><a href="#[6e]">DMA2_Stream5_IRQHandler</a> from startup_stm32f4xx.o(.text) referenced from startup_stm32f4xx.o(RESET)
 <LI><a href="#[6f]">DMA2_Stream6_IRQHandler</a> from startup_stm32f4xx.o(.text) referenced from startup_stm32f4xx.o(RESET)
 <LI><a href="#[70]">DMA2_Stream7_IRQHandler</a> from startup_stm32f4xx.o(.text) referenced from startup_stm32f4xx.o(RESET)
 <LI><a href="#[27]">DebugMon_Handler</a> from stm32fxxx_it.o(.text) referenced from startup_stm32f4xx.o(RESET)
 <LI><a href="#[67]">ETH_IRQHandler</a> from startup_stm32f4xx.o(.text) referenced from startup_stm32f4xx.o(RESET)
 <LI><a href="#[68]">ETH_WKUP_IRQHandler</a> from startup_stm32f4xx.o(.text) referenced from startup_stm32f4xx.o(RESET)
 <LI><a href="#[30]">EXTI0_IRQHandler</a> from startup_stm32f4xx.o(.text) referenced from startup_stm32f4xx.o(RESET)
 <LI><a href="#[52]">EXTI15_10_IRQHandler</a> from startup_stm32f4xx.o(.text) referenced from startup_stm32f4xx.o(RESET)
 <LI><a href="#[31]">EXTI1_IRQHandler</a> from startup_stm32f4xx.o(.text) referenced from startup_stm32f4xx.o(RESET)
 <LI><a href="#[32]">EXTI2_IRQHandler</a> from startup_stm32f4xx.o(.text) referenced from startup_stm32f4xx.o(RESET)
 <LI><a href="#[33]">EXTI3_IRQHandler</a> from startup_stm32f4xx.o(.text) referenced from startup_stm32f4xx.o(RESET)
 <LI><a href="#[34]">EXTI4_IRQHandler</a> from startup_stm32f4xx.o(.text) referenced from startup_stm32f4xx.o(RESET)
 <LI><a href="#[41]">EXTI9_5_IRQHandler</a> from startup_stm32f4xx.o(.text) referenced from startup_stm32f4xx.o(RESET)
 <LI><a href="#[2e]">FLASH_IRQHandler</a> from startup_stm32f4xx.o(.text) referenced from startup_stm32f4xx.o(RESET)
 <LI><a href="#[7b]">FPU_IRQHandler</a> from startup_stm32f4xx.o(.text) referenced from startup_stm32f4xx.o(RESET)
 <LI><a href="#[5a]">FSMC_IRQHandler</a> from startup_stm32f4xx.o(.text) referenced from startup_stm32f4xx.o(RESET)
 <LI><a href="#[7a]">HASH_RNG_IRQHandler</a> from startup_stm32f4xx.o(.text) referenced from startup_stm32f4xx.o(RESET)
 <LI><a href="#[22]">HardFault_Handler</a> from stm32fxxx_it.o(.text) referenced from startup_stm32f4xx.o(RESET)
 <LI><a href="#[4a]">I2C1_ER_IRQHandler</a> from startup_stm32f4xx.o(.text) referenced from startup_stm32f4xx.o(RESET)
 <LI><a href="#[49]">I2C1_EV_IRQHandler</a> from startup_stm32f4xx.o(.text) referenced from startup_stm32f4xx.o(RESET)
 <LI><a href="#[4c]">I2C2_ER_IRQHandler</a> from startup_stm32f4xx.o(.text) referenced from startup_stm32f4xx.o(RESET)
 <LI><a href="#[4b]">I2C2_EV_IRQHandler</a> from startup_stm32f4xx.o(.text) referenced from startup_stm32f4xx.o(RESET)
 <LI><a href="#[73]">I2C3_ER_IRQHandler</a> from startup_stm32f4xx.o(.text) referenced from startup_stm32f4xx.o(RESET)
 <LI><a href="#[72]">I2C3_EV_IRQHandler</a> from startup_stm32f4xx.o(.text) referenced from startup_stm32f4xx.o(RESET)
 <LI><a href="#[23]">MemManage_Handler</a> from stm32fxxx_it.o(.text) referenced from startup_stm32f4xx.o(RESET)
 <LI><a href="#[21]">NMI_Handler</a> from stm32fxxx_it.o(.text) referenced from startup_stm32f4xx.o(RESET)
 <LI><a href="#[6d]">OTG_FS_IRQHandler</a> from startup_stm32f4xx.o(.text) referenced from startup_stm32f4xx.o(RESET)
 <LI><a href="#[54]">OTG_FS_WKUP_IRQHandler</a> from startup_stm32f4xx.o(.text) referenced from startup_stm32f4xx.o(RESET)
 <LI><a href="#[75]">OTG_HS_EP1_IN_IRQHandler</a> from startup_stm32f4xx.o(.text) referenced from startup_stm32f4xx.o(RESET)
 <LI><a href="#[74]">OTG_HS_EP1_OUT_IRQHandler</a> from startup_stm32f4xx.o(.text) referenced from startup_stm32f4xx.o(RESET)
 <LI><a href="#[77]">OTG_HS_IRQHandler</a> from stm32fxxx_it.o(.text) referenced from startup_stm32f4xx.o(RESET)
 <LI><a href="#[76]">OTG_HS_WKUP_IRQHandler</a> from startup_stm32f4xx.o(.text) referenced from startup_stm32f4xx.o(RESET)
 <LI><a href="#[2b]">PVD_IRQHandler</a> from startup_stm32f4xx.o(.text) referenced from startup_stm32f4xx.o(RESET)
 <LI><a href="#[28]">PendSV_Handler</a> from stm32fxxx_it.o(.text) referenced from startup_stm32f4xx.o(RESET)
 <LI><a href="#[2f]">RCC_IRQHandler</a> from startup_stm32f4xx.o(.text) referenced from startup_stm32f4xx.o(RESET)
 <LI><a href="#[53]">RTC_Alarm_IRQHandler</a> from startup_stm32f4xx.o(.text) referenced from startup_stm32f4xx.o(RESET)
 <LI><a href="#[2d]">RTC_WKUP_IRQHandler</a> from startup_stm32f4xx.o(.text) referenced from startup_stm32f4xx.o(RESET)
 <LI><a href="#[20]">Reset_Handler</a> from startup_stm32f4xx.o(.text) referenced from startup_stm32f4xx.o(RESET)
 <LI><a href="#[5b]">SDIO_IRQHandler</a> from startup_stm32f4xx.o(.text) referenced from startup_stm32f4xx.o(RESET)
 <LI><a href="#[4d]">SPI1_IRQHandler</a> from startup_stm32f4xx.o(.text) referenced from startup_stm32f4xx.o(RESET)
 <LI><a href="#[4e]">SPI2_IRQHandler</a> from startup_stm32f4xx.o(.text) referenced from startup_stm32f4xx.o(RESET)
 <LI><a href="#[5d]">SPI3_IRQHandler</a> from startup_stm32f4xx.o(.text) referenced from startup_stm32f4xx.o(RESET)
 <LI><a href="#[26]">SVC_Handler</a> from stm32fxxx_it.o(.text) referenced from startup_stm32f4xx.o(RESET)
 <LI><a href="#[29]">SysTick_Handler</a> from stm32fxxx_it.o(.text) referenced from startup_stm32f4xx.o(RESET)
 <LI><a href="#[7c]">SystemInit</a> from system_stm32f4xx.o(.text) referenced from startup_stm32f4xx.o(.text)
 <LI><a href="#[2c]">TAMP_STAMP_IRQHandler</a> from startup_stm32f4xx.o(.text) referenced from startup_stm32f4xx.o(RESET)
 <LI><a href="#[42]">TIM1_BRK_TIM9_IRQHandler</a> from startup_stm32f4xx.o(.text) referenced from startup_stm32f4xx.o(RESET)
 <LI><a href="#[45]">TIM1_CC_IRQHandler</a> from startup_stm32f4xx.o(.text) referenced from startup_stm32f4xx.o(RESET)
 <LI><a href="#[44]">TIM1_TRG_COM_TIM11_IRQHandler</a> from startup_stm32f4xx.o(.text) referenced from startup_stm32f4xx.o(RESET)
 <LI><a href="#[43]">TIM1_UP_TIM10_IRQHandler</a> from startup_stm32f4xx.o(.text) referenced from startup_stm32f4xx.o(RESET)
 <LI><a href="#[46]">TIM2_IRQHandler</a> from startup_stm32f4xx.o(.text) referenced from startup_stm32f4xx.o(RESET)
 <LI><a href="#[47]">TIM3_IRQHandler</a> from startup_stm32f4xx.o(.text) referenced from startup_stm32f4xx.o(RESET)
 <LI><a href="#[48]">TIM4_IRQHandler</a> from startup_stm32f4xx.o(.text) referenced from startup_stm32f4xx.o(RESET)
 <LI><a href="#[5c]">TIM5_IRQHandler</a> from startup_stm32f4xx.o(.text) referenced from startup_stm32f4xx.o(RESET)
 <LI><a href="#[60]">TIM6_DAC_IRQHandler</a> from startup_stm32f4xx.o(.text) referenced from startup_stm32f4xx.o(RESET)
 <LI><a href="#[61]">TIM7_IRQHandler</a> from startup_stm32f4xx.o(.text) referenced from startup_stm32f4xx.o(RESET)
 <LI><a href="#[55]">TIM8_BRK_TIM12_IRQHandler</a> from startup_stm32f4xx.o(.text) referenced from startup_stm32f4xx.o(RESET)
 <LI><a href="#[58]">TIM8_CC_IRQHandler</a> from startup_stm32f4xx.o(.text) referenced from startup_stm32f4xx.o(RESET)
 <LI><a href="#[57]">TIM8_TRG_COM_TIM14_IRQHandler</a> from startup_stm32f4xx.o(.text) referenced from startup_stm32f4xx.o(RESET)
 <LI><a href="#[56]">TIM8_UP_TIM13_IRQHandler</a> from startup_stm32f4xx.o(.text) referenced from startup_stm32f4xx.o(RESET)
 <LI><a href="#[5e]">UART4_IRQHandler</a> from startup_stm32f4xx.o(.text) referenced from startup_stm32f4xx.o(RESET)
 <LI><a href="#[5f]">UART5_IRQHandler</a> from startup_stm32f4xx.o(.text) referenced from startup_stm32f4xx.o(RESET)
 <LI><a href="#[4f]">USART1_IRQHandler</a> from startup_stm32f4xx.o(.text) referenced from startup_stm32f4xx.o(RESET)
 <LI><a href="#[50]">USART2_IRQHandler</a> from startup_stm32f4xx.o(.text) referenced from startup_stm32f4xx.o(RESET)
 <LI><a href="#[51]">USART3_IRQHandler</a> from startup_stm32f4xx.o(.text) referenced from startup_stm32f4xx.o(RESET)
 <LI><a href="#[71]">USART6_IRQHandler</a> from startup_stm32f4xx.o(.text) referenced from startup_stm32f4xx.o(RESET)
 <LI><a href="#[11]">USBD_DataInStage</a> from usbd_core.o(.text) referenced 2 times from usbd_core.o(.data)
 <LI><a href="#[10]">USBD_DataOutStage</a> from usbd_core.o(.text) referenced 2 times from usbd_core.o(.data)
 <LI><a href="#[19]">USBD_DevConnected</a> from usbd_core.o(.text) referenced 2 times from usbd_core.o(.data)
 <LI><a href="#[1a]">USBD_DevDisconnected</a> from usbd_core.o(.text) referenced 2 times from usbd_core.o(.data)
 <LI><a href="#[1e]">USBD_HID_DataIn</a> from usbd_hid_core.o(.text) referenced 2 times from usbd_hid_core.o(.data)
 <LI><a href="#[1c]">USBD_HID_DeInit</a> from usbd_hid_core.o(.text) referenced 2 times from usbd_hid_core.o(.data)
 <LI><a href="#[1f]">USBD_HID_GetCfgDesc</a> from usbd_hid_core.o(.text) referenced 4 times from usbd_hid_core.o(.data)
 <LI><a href="#[1b]">USBD_HID_Init</a> from usbd_hid_core.o(.text) referenced 2 times from usbd_hid_core.o(.data)
 <LI><a href="#[1d]">USBD_HID_Setup</a> from usbd_hid_core.o(.text) referenced 2 times from usbd_hid_core.o(.data)
 <LI><a href="#[17]">USBD_IsoINIncomplete</a> from usbd_core.o(.text) referenced 2 times from usbd_core.o(.data)
 <LI><a href="#[18]">USBD_IsoOUTIncomplete</a> from usbd_core.o(.text) referenced 2 times from usbd_core.o(.data)
 <LI><a href="#[14]">USBD_Reset</a> from usbd_core.o(.text) referenced 2 times from usbd_core.o(.data)
 <LI><a href="#[16]">USBD_Resume</a> from usbd_core.o(.text) referenced 2 times from usbd_core.o(.data)
 <LI><a href="#[13]">USBD_SOF</a> from usbd_core.o(.text) referenced 2 times from usbd_core.o(.data)
 <LI><a href="#[12]">USBD_SetupStage</a> from usbd_core.o(.text) referenced 2 times from usbd_core.o(.data)
 <LI><a href="#[15]">USBD_Suspend</a> from usbd_core.o(.text) referenced 2 times from usbd_core.o(.data)
 <LI><a href="#[7]">USBD_USR_ConfigStrDescriptor</a> from usbd_desc.o(.text) referenced 2 times from usbd_desc.o(.data)
 <LI><a href="#[b]">USBD_USR_DeviceConfigured</a> from usbd_usr.o(.text) referenced 2 times from usbd_usr.o(.data)
 <LI><a href="#[e]">USBD_USR_DeviceConnected</a> from usbd_usr.o(.text) referenced 2 times from usbd_usr.o(.data)
 <LI><a href="#[2]">USBD_USR_DeviceDescriptor</a> from usbd_desc.o(.text) referenced 2 times from usbd_desc.o(.data)
 <LI><a href="#[f]">USBD_USR_DeviceDisconnected</a> from usbd_usr.o(.text) referenced 2 times from usbd_usr.o(.data)
 <LI><a href="#[a]">USBD_USR_DeviceReset</a> from usbd_usr.o(.text) referenced 2 times from usbd_usr.o(.data)
 <LI><a href="#[d]">USBD_USR_DeviceResumed</a> from usbd_usr.o(.text) referenced 2 times from usbd_usr.o(.data)
 <LI><a href="#[c]">USBD_USR_DeviceSuspended</a> from usbd_usr.o(.text) referenced 2 times from usbd_usr.o(.data)
 <LI><a href="#[9]">USBD_USR_Init</a> from usbd_usr.o(.text) referenced 2 times from usbd_usr.o(.data)
 <LI><a href="#[8]">USBD_USR_InterfaceStrDescriptor</a> from usbd_desc.o(.text) referenced 2 times from usbd_desc.o(.data)
 <LI><a href="#[3]">USBD_USR_LangIDStrDescriptor</a> from usbd_desc.o(.text) referenced 2 times from usbd_desc.o(.data)
 <LI><a href="#[4]">USBD_USR_ManufacturerStrDescriptor</a> from usbd_desc.o(.text) referenced 2 times from usbd_desc.o(.data)
 <LI><a href="#[5]">USBD_USR_ProductStrDescriptor</a> from usbd_desc.o(.text) referenced 2 times from usbd_desc.o(.data)
 <LI><a href="#[6]">USBD_USR_SerialStrDescriptor</a> from usbd_desc.o(.text) referenced 2 times from usbd_desc.o(.data)
 <LI><a href="#[25]">UsageFault_Handler</a> from stm32fxxx_it.o(.text) referenced from startup_stm32f4xx.o(RESET)
 <LI><a href="#[2a]">WWDG_IRQHandler</a> from startup_stm32f4xx.o(.text) referenced from startup_stm32f4xx.o(RESET)
 <LI><a href="#[7e]">__main</a> from __main.o(!!!main) referenced from startup_stm32f4xx.o(.text)
</UL>
<P>
<H3>
Global Symbols
</H3>
<P><STRONG><a name="[7e]"></a>__main</STRONG> (Thumb, 8 bytes, Stack size 0 bytes, __main.o(!!!main))
<BR><BR>[Calls]<UL><LI><a href="#[80]">&gt;&gt;</a>&nbsp;&nbsp;&nbsp;__rt_entry
<LI><a href="#[7f]">&gt;&gt;</a>&nbsp;&nbsp;&nbsp;__scatterload
</UL>

<P><STRONG><a name="[7f]"></a>__scatterload</STRONG> (Thumb, 0 bytes, Stack size unknown bytes, __scatter.o(!!!scatter))
<BR><BR>[Called By]<UL><LI><a href="#[7e]">&gt;&gt;</a>&nbsp;&nbsp;&nbsp;__main
</UL>

<P><STRONG><a name="[81]"></a>__scatterload_rt2</STRONG> (Thumb, 44 bytes, Stack size unknown bytes, __scatter.o(!!!scatter), UNUSED)
<BR><BR>[Calls]<UL><LI><a href="#[80]">&gt;&gt;</a>&nbsp;&nbsp;&nbsp;__rt_entry
</UL>

<P><STRONG><a name="[f9]"></a>__scatterload_rt2_thumb_only</STRONG> (Thumb, 0 bytes, Stack size unknown bytes, __scatter.o(!!!scatter), UNUSED)

<P><STRONG><a name="[fa]"></a>__scatterload_null</STRONG> (Thumb, 0 bytes, Stack size unknown bytes, __scatter.o(!!!scatter), UNUSED)

<P><STRONG><a name="[fb]"></a>__decompress</STRONG> (Thumb, 90 bytes, Stack size unknown bytes, __dczerorl2.o(!!dczerorl2), UNUSED)

<P><STRONG><a name="[fc]"></a>__decompress1</STRONG> (Thumb, 0 bytes, Stack size unknown bytes, __dczerorl2.o(!!dczerorl2), UNUSED)

<P><STRONG><a name="[fd]"></a>__scatterload_zeroinit</STRONG> (Thumb, 28 bytes, Stack size unknown bytes, __scatter_zi.o(!!handler_zi), UNUSED)

<P><STRONG><a name="[87]"></a>__rt_lib_init</STRONG> (Thumb, 0 bytes, Stack size unknown bytes, libinit.o(.ARM.Collect$$libinit$$00000000))
<BR><BR>[Called By]<UL><LI><a href="#[86]">&gt;&gt;</a>&nbsp;&nbsp;&nbsp;__rt_entry_li
</UL>

<P><STRONG><a name="[82]"></a>__rt_lib_init_fp_1</STRONG> (Thumb, 0 bytes, Stack size unknown bytes, libinit2.o(.ARM.Collect$$libinit$$00000001))
<BR><BR>[Calls]<UL><LI><a href="#[83]">&gt;&gt;</a>&nbsp;&nbsp;&nbsp;_fp_init
</UL>

<P><STRONG><a name="[fe]"></a>__rt_lib_init_alloca_1</STRONG> (Thumb, 0 bytes, Stack size unknown bytes, libinit2.o(.ARM.Collect$$libinit$$0000002E))

<P><STRONG><a name="[ff]"></a>__rt_lib_init_argv_1</STRONG> (Thumb, 0 bytes, Stack size unknown bytes, libinit2.o(.ARM.Collect$$libinit$$0000002C))

<P><STRONG><a name="[100]"></a>__rt_lib_init_atexit_1</STRONG> (Thumb, 0 bytes, Stack size unknown bytes, libinit2.o(.ARM.Collect$$libinit$$0000001B))

<P><STRONG><a name="[101]"></a>__rt_lib_init_clock_1</STRONG> (Thumb, 0 bytes, Stack size unknown bytes, libinit2.o(.ARM.Collect$$libinit$$00000021))

<P><STRONG><a name="[102]"></a>__rt_lib_init_cpp_1</STRONG> (Thumb, 0 bytes, Stack size unknown bytes, libinit2.o(.ARM.Collect$$libinit$$00000032))

<P><STRONG><a name="[103]"></a>__rt_lib_init_exceptions_1</STRONG> (Thumb, 0 bytes, Stack size unknown bytes, libinit2.o(.ARM.Collect$$libinit$$00000030))

<P><STRONG><a name="[104]"></a>__rt_lib_init_fp_trap_1</STRONG> (Thumb, 0 bytes, Stack size unknown bytes, libinit2.o(.ARM.Collect$$libinit$$0000001F))

<P><STRONG><a name="[105]"></a>__rt_lib_init_getenv_1</STRONG> (Thumb, 0 bytes, Stack size unknown bytes, libinit2.o(.ARM.Collect$$libinit$$00000023))

<P><STRONG><a name="[106]"></a>__rt_lib_init_heap_1</STRONG> (Thumb, 0 bytes, Stack size unknown bytes, libinit2.o(.ARM.Collect$$libinit$$0000000A))

<P><STRONG><a name="[107]"></a>__rt_lib_init_lc_collate_1</STRONG> (Thumb, 0 bytes, Stack size unknown bytes, libinit2.o(.ARM.Collect$$libinit$$00000011))

<P><STRONG><a name="[108]"></a>__rt_lib_init_lc_ctype_1</STRONG> (Thumb, 0 bytes, Stack size unknown bytes, libinit2.o(.ARM.Collect$$libinit$$00000013))

<P><STRONG><a name="[109]"></a>__rt_lib_init_lc_monetary_1</STRONG> (Thumb, 0 bytes, Stack size unknown bytes, libinit2.o(.ARM.Collect$$libinit$$00000015))

<P><STRONG><a name="[10a]"></a>__rt_lib_init_lc_numeric_1</STRONG> (Thumb, 0 bytes, Stack size unknown bytes, libinit2.o(.ARM.Collect$$libinit$$00000017))

<P><STRONG><a name="[10b]"></a>__rt_lib_init_lc_time_1</STRONG> (Thumb, 0 bytes, Stack size unknown bytes, libinit2.o(.ARM.Collect$$libinit$$00000019))

<P><STRONG><a name="[10c]"></a>__rt_lib_init_preinit_1</STRONG> (Thumb, 0 bytes, Stack size unknown bytes, libinit2.o(.ARM.Collect$$libinit$$00000004))

<P><STRONG><a name="[10d]"></a>__rt_lib_init_rand_1</STRONG> (Thumb, 0 bytes, Stack size unknown bytes, libinit2.o(.ARM.Collect$$libinit$$0000000E))

<P><STRONG><a name="[10e]"></a>__rt_lib_init_return</STRONG> (Thumb, 0 bytes, Stack size unknown bytes, libinit2.o(.ARM.Collect$$libinit$$00000033))

<P><STRONG><a name="[10f]"></a>__rt_lib_init_signal_1</STRONG> (Thumb, 0 bytes, Stack size unknown bytes, libinit2.o(.ARM.Collect$$libinit$$0000001D))

<P><STRONG><a name="[110]"></a>__rt_lib_init_stdio_1</STRONG> (Thumb, 0 bytes, Stack size unknown bytes, libinit2.o(.ARM.Collect$$libinit$$00000025))

<P><STRONG><a name="[111]"></a>__rt_lib_init_user_alloc_1</STRONG> (Thumb, 0 bytes, Stack size unknown bytes, libinit2.o(.ARM.Collect$$libinit$$0000000C))

<P><STRONG><a name="[8c]"></a>__rt_lib_shutdown</STRONG> (Thumb, 0 bytes, Stack size unknown bytes, libshutdown.o(.ARM.Collect$$libshutdown$$00000000))
<BR><BR>[Called By]<UL><LI><a href="#[8b]">&gt;&gt;</a>&nbsp;&nbsp;&nbsp;__rt_exit_ls
</UL>

<P><STRONG><a name="[112]"></a>__rt_lib_shutdown_fp_trap_1</STRONG> (Thumb, 0 bytes, Stack size unknown bytes, libshutdown2.o(.ARM.Collect$$libshutdown$$00000006))

<P><STRONG><a name="[113]"></a>__rt_lib_shutdown_heap_1</STRONG> (Thumb, 0 bytes, Stack size unknown bytes, libshutdown2.o(.ARM.Collect$$libshutdown$$0000000E))

<P><STRONG><a name="[114]"></a>__rt_lib_shutdown_return</STRONG> (Thumb, 0 bytes, Stack size unknown bytes, libshutdown2.o(.ARM.Collect$$libshutdown$$0000000F))

<P><STRONG><a name="[115]"></a>__rt_lib_shutdown_signal_1</STRONG> (Thumb, 0 bytes, Stack size unknown bytes, libshutdown2.o(.ARM.Collect$$libshutdown$$00000009))

<P><STRONG><a name="[116]"></a>__rt_lib_shutdown_stdio_1</STRONG> (Thumb, 0 bytes, Stack size unknown bytes, libshutdown2.o(.ARM.Collect$$libshutdown$$00000003))

<P><STRONG><a name="[117]"></a>__rt_lib_shutdown_user_alloc_1</STRONG> (Thumb, 0 bytes, Stack size unknown bytes, libshutdown2.o(.ARM.Collect$$libshutdown$$0000000B))

<P><STRONG><a name="[80]"></a>__rt_entry</STRONG> (Thumb, 0 bytes, Stack size unknown bytes, __rtentry.o(.ARM.Collect$$rtentry$$00000000))
<BR><BR>[Called By]<UL><LI><a href="#[7e]">&gt;&gt;</a>&nbsp;&nbsp;&nbsp;__main
<LI><a href="#[81]">&gt;&gt;</a>&nbsp;&nbsp;&nbsp;__scatterload_rt2
</UL>

<P><STRONG><a name="[118]"></a>__rt_entry_presh_1</STRONG> (Thumb, 0 bytes, Stack size unknown bytes, __rtentry2.o(.ARM.Collect$$rtentry$$00000002))

<P><STRONG><a name="[84]"></a>__rt_entry_sh</STRONG> (Thumb, 0 bytes, Stack size unknown bytes, __rtentry4.o(.ARM.Collect$$rtentry$$00000004))
<BR><BR>[Stack]<UL><LI>Max Depth = 8 + Unknown Stack Size
<LI>Call Chain = __rt_entry_sh &rArr; __user_setup_stackheap
</UL>
<BR>[Calls]<UL><LI><a href="#[85]">&gt;&gt;</a>&nbsp;&nbsp;&nbsp;__user_setup_stackheap
</UL>

<P><STRONG><a name="[86]"></a>__rt_entry_li</STRONG> (Thumb, 0 bytes, Stack size unknown bytes, __rtentry2.o(.ARM.Collect$$rtentry$$0000000A))
<BR><BR>[Calls]<UL><LI><a href="#[87]">&gt;&gt;</a>&nbsp;&nbsp;&nbsp;__rt_lib_init
</UL>

<P><STRONG><a name="[119]"></a>__rt_entry_postsh_1</STRONG> (Thumb, 0 bytes, Stack size unknown bytes, __rtentry2.o(.ARM.Collect$$rtentry$$00000009))

<P><STRONG><a name="[88]"></a>__rt_entry_main</STRONG> (Thumb, 0 bytes, Stack size unknown bytes, __rtentry2.o(.ARM.Collect$$rtentry$$0000000D))
<BR><BR>[Stack]<UL><LI>Max Depth = 144 + Unknown Stack Size
<LI>Call Chain = __rt_entry_main &rArr; main &rArr; USBD_Init &rArr; DCD_Init &rArr; USB_OTG_CoreInitDev &rArr; USB_OTG_FlushRxFifo &rArr; USB_OTG_BSP_uDelay
</UL>
<BR>[Calls]<UL><LI><a href="#[89]">&gt;&gt;</a>&nbsp;&nbsp;&nbsp;main
<LI><a href="#[8a]">&gt;&gt;</a>&nbsp;&nbsp;&nbsp;exit
</UL>

<P><STRONG><a name="[11a]"></a>__rt_entry_postli_1</STRONG> (Thumb, 0 bytes, Stack size unknown bytes, __rtentry2.o(.ARM.Collect$$rtentry$$0000000C))

<P><STRONG><a name="[f8]"></a>__rt_exit</STRONG> (Thumb, 0 bytes, Stack size unknown bytes, rtexit.o(.ARM.Collect$$rtexit$$00000000))
<BR><BR>[Called By]<UL><LI><a href="#[8a]">&gt;&gt;</a>&nbsp;&nbsp;&nbsp;exit
</UL>

<P><STRONG><a name="[8b]"></a>__rt_exit_ls</STRONG> (Thumb, 0 bytes, Stack size unknown bytes, rtexit2.o(.ARM.Collect$$rtexit$$00000003))
<BR><BR>[Calls]<UL><LI><a href="#[8c]">&gt;&gt;</a>&nbsp;&nbsp;&nbsp;__rt_lib_shutdown
</UL>

<P><STRONG><a name="[11b]"></a>__rt_exit_prels_1</STRONG> (Thumb, 0 bytes, Stack size unknown bytes, rtexit2.o(.ARM.Collect$$rtexit$$00000002))

<P><STRONG><a name="[8d]"></a>__rt_exit_exit</STRONG> (Thumb, 0 bytes, Stack size unknown bytes, rtexit2.o(.ARM.Collect$$rtexit$$00000004))
<BR><BR>[Calls]<UL><LI><a href="#[8e]">&gt;&gt;</a>&nbsp;&nbsp;&nbsp;_sys_exit
</UL>

<P><STRONG><a name="[7c]"></a>SystemInit</STRONG> (Thumb, 88 bytes, Stack size 8 bytes, system_stm32f4xx.o(.text))
<BR><BR>[Stack]<UL><LI>Max Depth = 20<LI>Call Chain = SystemInit &rArr; SetSysClock
</UL>
<BR>[Calls]<UL><LI><a href="#[8f]">&gt;&gt;</a>&nbsp;&nbsp;&nbsp;SetSysClock
</UL>
<BR>[Address Reference Count : 1]<UL><LI> startup_stm32f4xx.o(.text)
</UL>
<P><STRONG><a name="[11c]"></a>SystemCoreClockUpdate</STRONG> (Thumb, 174 bytes, Stack size 16 bytes, system_stm32f4xx.o(.text), UNUSED)

<P><STRONG><a name="[20]"></a>Reset_Handler</STRONG> (Thumb, 8 bytes, Stack size 0 bytes, startup_stm32f4xx.o(.text))
<BR>[Address Reference Count : 1]<UL><LI> startup_stm32f4xx.o(RESET)
</UL>
<P><STRONG><a name="[3c]"></a>ADC_IRQHandler</STRONG> (Thumb, 0 bytes, Stack size 0 bytes, startup_stm32f4xx.o(.text))
<BR><BR>[Calls]<UL><LI><a href="#[3c]">&gt;&gt;</a>&nbsp;&nbsp;&nbsp;ADC_IRQHandler
</UL>
<BR>[Called By]<UL><LI><a href="#[3c]">&gt;&gt;</a>&nbsp;&nbsp;&nbsp;ADC_IRQHandler
</UL>
<BR>[Address Reference Count : 1]<UL><LI> startup_stm32f4xx.o(RESET)
</UL>
<P><STRONG><a name="[3e]"></a>CAN1_RX0_IRQHandler</STRONG> (Thumb, 0 bytes, Stack size 0 bytes, startup_stm32f4xx.o(.text))
<BR>[Address Reference Count : 1]<UL><LI> startup_stm32f4xx.o(RESET)
</UL>
<P><STRONG><a name="[3f]"></a>CAN1_RX1_IRQHandler</STRONG> (Thumb, 0 bytes, Stack size 0 bytes, startup_stm32f4xx.o(.text))
<BR>[Address Reference Count : 1]<UL><LI> startup_stm32f4xx.o(RESET)
</UL>
<P><STRONG><a name="[40]"></a>CAN1_SCE_IRQHandler</STRONG> (Thumb, 0 bytes, Stack size 0 bytes, startup_stm32f4xx.o(.text))
<BR>[Address Reference Count : 1]<UL><LI> startup_stm32f4xx.o(RESET)
</UL>
<P><STRONG><a name="[3d]"></a>CAN1_TX_IRQHandler</STRONG> (Thumb, 0 bytes, Stack size 0 bytes, startup_stm32f4xx.o(.text))
<BR>[Address Reference Count : 1]<UL><LI> startup_stm32f4xx.o(RESET)
</UL>
<P><STRONG><a name="[6a]"></a>CAN2_RX0_IRQHandler</STRONG> (Thumb, 0 bytes, Stack size 0 bytes, startup_stm32f4xx.o(.text))
<BR>[Address Reference Count : 1]<UL><LI> startup_stm32f4xx.o(RESET)
</UL>
<P><STRONG><a name="[6b]"></a>CAN2_RX1_IRQHandler</STRONG> (Thumb, 0 bytes, Stack size 0 bytes, startup_stm32f4xx.o(.text))
<BR>[Address Reference Count : 1]<UL><LI> startup_stm32f4xx.o(RESET)
</UL>
<P><STRONG><a name="[6c]"></a>CAN2_SCE_IRQHandler</STRONG> (Thumb, 0 bytes, Stack size 0 bytes, startup_stm32f4xx.o(.text))
<BR>[Address Reference Count : 1]<UL><LI> startup_stm32f4xx.o(RESET)
</UL>
<P><STRONG><a name="[69]"></a>CAN2_TX_IRQHandler</STRONG> (Thumb, 0 bytes, Stack size 0 bytes, startup_stm32f4xx.o(.text))
<BR>[Address Reference Count : 1]<UL><LI> startup_stm32f4xx.o(RESET)
</UL>
<P><STRONG><a name="[79]"></a>CRYP_IRQHandler</STRONG> (Thumb, 0 bytes, Stack size 0 bytes, startup_stm32f4xx.o(.text))
<BR>[Address Reference Count : 1]<UL><LI> startup_stm32f4xx.o(RESET)
</UL>
<P><STRONG><a name="[78]"></a>DCMI_IRQHandler</STRONG> (Thumb, 0 bytes, Stack size 0 bytes, startup_stm32f4xx.o(.text))
<BR>[Address Reference Count : 1]<UL><LI> startup_stm32f4xx.o(RESET)
</UL>
<P><STRONG><a name="[35]"></a>DMA1_Stream0_IRQHandler</STRONG> (Thumb, 0 bytes, Stack size 0 bytes, startup_stm32f4xx.o(.text))
<BR>[Address Reference Count : 1]<UL><LI> startup_stm32f4xx.o(RESET)
</UL>
<P><STRONG><a name="[36]"></a>DMA1_Stream1_IRQHandler</STRONG> (Thumb, 0 bytes, Stack size 0 bytes, startup_stm32f4xx.o(.text))
<BR>[Address Reference Count : 1]<UL><LI> startup_stm32f4xx.o(RESET)
</UL>
<P><STRONG><a name="[37]"></a>DMA1_Stream2_IRQHandler</STRONG> (Thumb, 0 bytes, Stack size 0 bytes, startup_stm32f4xx.o(.text))
<BR>[Address Reference Count : 1]<UL><LI> startup_stm32f4xx.o(RESET)
</UL>
<P><STRONG><a name="[38]"></a>DMA1_Stream3_IRQHandler</STRONG> (Thumb, 0 bytes, Stack size 0 bytes, startup_stm32f4xx.o(.text))
<BR>[Address Reference Count : 1]<UL><LI> startup_stm32f4xx.o(RESET)
</UL>
<P><STRONG><a name="[39]"></a>DMA1_Stream4_IRQHandler</STRONG> (Thumb, 0 bytes, Stack size 0 bytes, startup_stm32f4xx.o(.text))
<BR>[Address Reference Count : 1]<UL><LI> startup_stm32f4xx.o(RESET)
</UL>
<P><STRONG><a name="[3a]"></a>DMA1_Stream5_IRQHandler</STRONG> (Thumb, 0 bytes, Stack size 0 bytes, startup_stm32f4xx.o(.text))
<BR>[Address Reference Count : 1]<UL><LI> startup_stm32f4xx.o(RESET)
</UL>
<P><STRONG><a name="[3b]"></a>DMA1_Stream6_IRQHandler</STRONG> (Thumb, 0 bytes, Stack size 0 bytes, startup_stm32f4xx.o(.text))
<BR>[Address Reference Count : 1]<UL><LI> startup_stm32f4xx.o(RESET)
</UL>
<P><STRONG><a name="[59]"></a>DMA1_Stream7_IRQHandler</STRONG> (Thumb, 0 bytes, Stack size 0 bytes, startup_stm32f4xx.o(.text))
<BR>[Address Reference Count : 1]<UL><LI> startup_stm32f4xx.o(RESET)
</UL>
<P><STRONG><a name="[62]"></a>DMA2_Stream0_IRQHandler</STRONG> (Thumb, 0 bytes, Stack size 0 bytes, startup_stm32f4xx.o(.text))
<BR>[Address Reference Count : 1]<UL><LI> startup_stm32f4xx.o(RESET)
</UL>
<P><STRONG><a name="[63]"></a>DMA2_Stream1_IRQHandler</STRONG> (Thumb, 0 bytes, Stack size 0 bytes, startup_stm32f4xx.o(.text))
<BR>[Address Reference Count : 1]<UL><LI> startup_stm32f4xx.o(RESET)
</UL>
<P><STRONG><a name="[64]"></a>DMA2_Stream2_IRQHandler</STRONG> (Thumb, 0 bytes, Stack size 0 bytes, startup_stm32f4xx.o(.text))
<BR>[Address Reference Count : 1]<UL><LI> startup_stm32f4xx.o(RESET)
</UL>
<P><STRONG><a name="[65]"></a>DMA2_Stream3_IRQHandler</STRONG> (Thumb, 0 bytes, Stack size 0 bytes, startup_stm32f4xx.o(.text))
<BR>[Address Reference Count : 1]<UL><LI> startup_stm32f4xx.o(RESET)
</UL>
<P><STRONG><a name="[66]"></a>DMA2_Stream4_IRQHandler</STRONG> (Thumb, 0 bytes, Stack size 0 bytes, startup_stm32f4xx.o(.text))
<BR>[Address Reference Count : 1]<UL><LI> startup_stm32f4xx.o(RESET)
</UL>
<P><STRONG><a name="[6e]"></a>DMA2_Stream5_IRQHandler</STRONG> (Thumb, 0 bytes, Stack size 0 bytes, startup_stm32f4xx.o(.text))
<BR>[Address Reference Count : 1]<UL><LI> startup_stm32f4xx.o(RESET)
</UL>
<P><STRONG><a name="[6f]"></a>DMA2_Stream6_IRQHandler</STRONG> (Thumb, 0 bytes, Stack size 0 bytes, startup_stm32f4xx.o(.text))
<BR>[Address Reference Count : 1]<UL><LI> startup_stm32f4xx.o(RESET)
</UL>
<P><STRONG><a name="[70]"></a>DMA2_Stream7_IRQHandler</STRONG> (Thumb, 0 bytes, Stack size 0 bytes, startup_stm32f4xx.o(.text))
<BR>[Address Reference Count : 1]<UL><LI> startup_stm32f4xx.o(RESET)
</UL>
<P><STRONG><a name="[67]"></a>ETH_IRQHandler</STRONG> (Thumb, 0 bytes, Stack size 0 bytes, startup_stm32f4xx.o(.text))
<BR>[Address Reference Count : 1]<UL><LI> startup_stm32f4xx.o(RESET)
</UL>
<P><STRONG><a name="[68]"></a>ETH_WKUP_IRQHandler</STRONG> (Thumb, 0 bytes, Stack size 0 bytes, startup_stm32f4xx.o(.text))
<BR>[Address Reference Count : 1]<UL><LI> startup_stm32f4xx.o(RESET)
</UL>
<P><STRONG><a name="[30]"></a>EXTI0_IRQHandler</STRONG> (Thumb, 0 bytes, Stack size 0 bytes, startup_stm32f4xx.o(.text))
<BR>[Address Reference Count : 1]<UL><LI> startup_stm32f4xx.o(RESET)
</UL>
<P><STRONG><a name="[52]"></a>EXTI15_10_IRQHandler</STRONG> (Thumb, 0 bytes, Stack size 0 bytes, startup_stm32f4xx.o(.text))
<BR>[Address Reference Count : 1]<UL><LI> startup_stm32f4xx.o(RESET)
</UL>
<P><STRONG><a name="[31]"></a>EXTI1_IRQHandler</STRONG> (Thumb, 0 bytes, Stack size 0 bytes, startup_stm32f4xx.o(.text))
<BR>[Address Reference Count : 1]<UL><LI> startup_stm32f4xx.o(RESET)
</UL>
<P><STRONG><a name="[32]"></a>EXTI2_IRQHandler</STRONG> (Thumb, 0 bytes, Stack size 0 bytes, startup_stm32f4xx.o(.text))
<BR>[Address Reference Count : 1]<UL><LI> startup_stm32f4xx.o(RESET)
</UL>
<P><STRONG><a name="[33]"></a>EXTI3_IRQHandler</STRONG> (Thumb, 0 bytes, Stack size 0 bytes, startup_stm32f4xx.o(.text))
<BR>[Address Reference Count : 1]<UL><LI> startup_stm32f4xx.o(RESET)
</UL>
<P><STRONG><a name="[34]"></a>EXTI4_IRQHandler</STRONG> (Thumb, 0 bytes, Stack size 0 bytes, startup_stm32f4xx.o(.text))
<BR>[Address Reference Count : 1]<UL><LI> startup_stm32f4xx.o(RESET)
</UL>
<P><STRONG><a name="[41]"></a>EXTI9_5_IRQHandler</STRONG> (Thumb, 0 bytes, Stack size 0 bytes, startup_stm32f4xx.o(.text))
<BR>[Address Reference Count : 1]<UL><LI> startup_stm32f4xx.o(RESET)
</UL>
<P><STRONG><a name="[2e]"></a>FLASH_IRQHandler</STRONG> (Thumb, 0 bytes, Stack size 0 bytes, startup_stm32f4xx.o(.text))
<BR>[Address Reference Count : 1]<UL><LI> startup_stm32f4xx.o(RESET)
</UL>
<P><STRONG><a name="[7b]"></a>FPU_IRQHandler</STRONG> (Thumb, 0 bytes, Stack size 0 bytes, startup_stm32f4xx.o(.text))
<BR>[Address Reference Count : 1]<UL><LI> startup_stm32f4xx.o(RESET)
</UL>
<P><STRONG><a name="[5a]"></a>FSMC_IRQHandler</STRONG> (Thumb, 0 bytes, Stack size 0 bytes, startup_stm32f4xx.o(.text))
<BR>[Address Reference Count : 1]<UL><LI> startup_stm32f4xx.o(RESET)
</UL>
<P><STRONG><a name="[7a]"></a>HASH_RNG_IRQHandler</STRONG> (Thumb, 0 bytes, Stack size 0 bytes, startup_stm32f4xx.o(.text))
<BR>[Address Reference Count : 1]<UL><LI> startup_stm32f4xx.o(RESET)
</UL>
<P><STRONG><a name="[4a]"></a>I2C1_ER_IRQHandler</STRONG> (Thumb, 0 bytes, Stack size 0 bytes, startup_stm32f4xx.o(.text))
<BR>[Address Reference Count : 1]<UL><LI> startup_stm32f4xx.o(RESET)
</UL>
<P><STRONG><a name="[49]"></a>I2C1_EV_IRQHandler</STRONG> (Thumb, 0 bytes, Stack size 0 bytes, startup_stm32f4xx.o(.text))
<BR>[Address Reference Count : 1]<UL><LI> startup_stm32f4xx.o(RESET)
</UL>
<P><STRONG><a name="[4c]"></a>I2C2_ER_IRQHandler</STRONG> (Thumb, 0 bytes, Stack size 0 bytes, startup_stm32f4xx.o(.text))
<BR>[Address Reference Count : 1]<UL><LI> startup_stm32f4xx.o(RESET)
</UL>
<P><STRONG><a name="[4b]"></a>I2C2_EV_IRQHandler</STRONG> (Thumb, 0 bytes, Stack size 0 bytes, startup_stm32f4xx.o(.text))
<BR>[Address Reference Count : 1]<UL><LI> startup_stm32f4xx.o(RESET)
</UL>
<P><STRONG><a name="[73]"></a>I2C3_ER_IRQHandler</STRONG> (Thumb, 0 bytes, Stack size 0 bytes, startup_stm32f4xx.o(.text))
<BR>[Address Reference Count : 1]<UL><LI> startup_stm32f4xx.o(RESET)
</UL>
<P><STRONG><a name="[72]"></a>I2C3_EV_IRQHandler</STRONG> (Thumb, 0 bytes, Stack size 0 bytes, startup_stm32f4xx.o(.text))
<BR>[Address Reference Count : 1]<UL><LI> startup_stm32f4xx.o(RESET)
</UL>
<P><STRONG><a name="[6d]"></a>OTG_FS_IRQHandler</STRONG> (Thumb, 0 bytes, Stack size 0 bytes, startup_stm32f4xx.o(.text))
<BR>[Address Reference Count : 1]<UL><LI> startup_stm32f4xx.o(RESET)
</UL>
<P><STRONG><a name="[54]"></a>OTG_FS_WKUP_IRQHandler</STRONG> (Thumb, 0 bytes, Stack size 0 bytes, startup_stm32f4xx.o(.text))
<BR>[Address Reference Count : 1]<UL><LI> startup_stm32f4xx.o(RESET)
</UL>
<P><STRONG><a name="[75]"></a>OTG_HS_EP1_IN_IRQHandler</STRONG> (Thumb, 0 bytes, Stack size 0 bytes, startup_stm32f4xx.o(.text))
<BR>[Address Reference Count : 1]<UL><LI> startup_stm32f4xx.o(RESET)
</UL>
<P><STRONG><a name="[74]"></a>OTG_HS_EP1_OUT_IRQHandler</STRONG> (Thumb, 0 bytes, Stack size 0 bytes, startup_stm32f4xx.o(.text))
<BR>[Address Reference Count : 1]<UL><LI> startup_stm32f4xx.o(RESET)
</UL>
<P><STRONG><a name="[76]"></a>OTG_HS_WKUP_IRQHandler</STRONG> (Thumb, 0 bytes, Stack size 0 bytes, startup_stm32f4xx.o(.text))
<BR>[Address Reference Count : 1]<UL><LI> startup_stm32f4xx.o(RESET)
</UL>
<P><STRONG><a name="[2b]"></a>PVD_IRQHandler</STRONG> (Thumb, 0 bytes, Stack size 0 bytes, startup_stm32f4xx.o(.text))
<BR>[Address Reference Count : 1]<UL><LI> startup_stm32f4xx.o(RESET)
</UL>
<P><STRONG><a name="[2f]"></a>RCC_IRQHandler</STRONG> (Thumb, 0 bytes, Stack size 0 bytes, startup_stm32f4xx.o(.text))
<BR>[Address Reference Count : 1]<UL><LI> startup_stm32f4xx.o(RESET)
</UL>
<P><STRONG><a name="[53]"></a>RTC_Alarm_IRQHandler</STRONG> (Thumb, 0 bytes, Stack size 0 bytes, startup_stm32f4xx.o(.text))
<BR>[Address Reference Count : 1]<UL><LI> startup_stm32f4xx.o(RESET)
</UL>
<P><STRONG><a name="[2d]"></a>RTC_WKUP_IRQHandler</STRONG> (Thumb, 0 bytes, Stack size 0 bytes, startup_stm32f4xx.o(.text))
<BR>[Address Reference Count : 1]<UL><LI> startup_stm32f4xx.o(RESET)
</UL>
<P><STRONG><a name="[5b]"></a>SDIO_IRQHandler</STRONG> (Thumb, 0 bytes, Stack size 0 bytes, startup_stm32f4xx.o(.text))
<BR>[Address Reference Count : 1]<UL><LI> startup_stm32f4xx.o(RESET)
</UL>
<P><STRONG><a name="[4d]"></a>SPI1_IRQHandler</STRONG> (Thumb, 0 bytes, Stack size 0 bytes, startup_stm32f4xx.o(.text))
<BR>[Address Reference Count : 1]<UL><LI> startup_stm32f4xx.o(RESET)
</UL>
<P><STRONG><a name="[4e]"></a>SPI2_IRQHandler</STRONG> (Thumb, 0 bytes, Stack size 0 bytes, startup_stm32f4xx.o(.text))
<BR>[Address Reference Count : 1]<UL><LI> startup_stm32f4xx.o(RESET)
</UL>
<P><STRONG><a name="[5d]"></a>SPI3_IRQHandler</STRONG> (Thumb, 0 bytes, Stack size 0 bytes, startup_stm32f4xx.o(.text))
<BR>[Address Reference Count : 1]<UL><LI> startup_stm32f4xx.o(RESET)
</UL>
<P><STRONG><a name="[2c]"></a>TAMP_STAMP_IRQHandler</STRONG> (Thumb, 0 bytes, Stack size 0 bytes, startup_stm32f4xx.o(.text))
<BR>[Address Reference Count : 1]<UL><LI> startup_stm32f4xx.o(RESET)
</UL>
<P><STRONG><a name="[42]"></a>TIM1_BRK_TIM9_IRQHandler</STRONG> (Thumb, 0 bytes, Stack size 0 bytes, startup_stm32f4xx.o(.text))
<BR>[Address Reference Count : 1]<UL><LI> startup_stm32f4xx.o(RESET)
</UL>
<P><STRONG><a name="[45]"></a>TIM1_CC_IRQHandler</STRONG> (Thumb, 0 bytes, Stack size 0 bytes, startup_stm32f4xx.o(.text))
<BR>[Address Reference Count : 1]<UL><LI> startup_stm32f4xx.o(RESET)
</UL>
<P><STRONG><a name="[44]"></a>TIM1_TRG_COM_TIM11_IRQHandler</STRONG> (Thumb, 0 bytes, Stack size 0 bytes, startup_stm32f4xx.o(.text))
<BR>[Address Reference Count : 1]<UL><LI> startup_stm32f4xx.o(RESET)
</UL>
<P><STRONG><a name="[43]"></a>TIM1_UP_TIM10_IRQHandler</STRONG> (Thumb, 0 bytes, Stack size 0 bytes, startup_stm32f4xx.o(.text))
<BR>[Address Reference Count : 1]<UL><LI> startup_stm32f4xx.o(RESET)
</UL>
<P><STRONG><a name="[46]"></a>TIM2_IRQHandler</STRONG> (Thumb, 0 bytes, Stack size 0 bytes, startup_stm32f4xx.o(.text))
<BR>[Address Reference Count : 1]<UL><LI> startup_stm32f4xx.o(RESET)
</UL>
<P><STRONG><a name="[47]"></a>TIM3_IRQHandler</STRONG> (Thumb, 0 bytes, Stack size 0 bytes, startup_stm32f4xx.o(.text))
<BR>[Address Reference Count : 1]<UL><LI> startup_stm32f4xx.o(RESET)
</UL>
<P><STRONG><a name="[48]"></a>TIM4_IRQHandler</STRONG> (Thumb, 0 bytes, Stack size 0 bytes, startup_stm32f4xx.o(.text))
<BR>[Address Reference Count : 1]<UL><LI> startup_stm32f4xx.o(RESET)
</UL>
<P><STRONG><a name="[5c]"></a>TIM5_IRQHandler</STRONG> (Thumb, 0 bytes, Stack size 0 bytes, startup_stm32f4xx.o(.text))
<BR>[Address Reference Count : 1]<UL><LI> startup_stm32f4xx.o(RESET)
</UL>
<P><STRONG><a name="[60]"></a>TIM6_DAC_IRQHandler</STRONG> (Thumb, 0 bytes, Stack size 0 bytes, startup_stm32f4xx.o(.text))
<BR>[Address Reference Count : 1]<UL><LI> startup_stm32f4xx.o(RESET)
</UL>
<P><STRONG><a name="[61]"></a>TIM7_IRQHandler</STRONG> (Thumb, 0 bytes, Stack size 0 bytes, startup_stm32f4xx.o(.text))
<BR>[Address Reference Count : 1]<UL><LI> startup_stm32f4xx.o(RESET)
</UL>
<P><STRONG><a name="[55]"></a>TIM8_BRK_TIM12_IRQHandler</STRONG> (Thumb, 0 bytes, Stack size 0 bytes, startup_stm32f4xx.o(.text))
<BR>[Address Reference Count : 1]<UL><LI> startup_stm32f4xx.o(RESET)
</UL>
<P><STRONG><a name="[58]"></a>TIM8_CC_IRQHandler</STRONG> (Thumb, 0 bytes, Stack size 0 bytes, startup_stm32f4xx.o(.text))
<BR>[Address Reference Count : 1]<UL><LI> startup_stm32f4xx.o(RESET)
</UL>
<P><STRONG><a name="[57]"></a>TIM8_TRG_COM_TIM14_IRQHandler</STRONG> (Thumb, 0 bytes, Stack size 0 bytes, startup_stm32f4xx.o(.text))
<BR>[Address Reference Count : 1]<UL><LI> startup_stm32f4xx.o(RESET)
</UL>
<P><STRONG><a name="[56]"></a>TIM8_UP_TIM13_IRQHandler</STRONG> (Thumb, 0 bytes, Stack size 0 bytes, startup_stm32f4xx.o(.text))
<BR>[Address Reference Count : 1]<UL><LI> startup_stm32f4xx.o(RESET)
</UL>
<P><STRONG><a name="[5e]"></a>UART4_IRQHandler</STRONG> (Thumb, 0 bytes, Stack size 0 bytes, startup_stm32f4xx.o(.text))
<BR>[Address Reference Count : 1]<UL><LI> startup_stm32f4xx.o(RESET)
</UL>
<P><STRONG><a name="[5f]"></a>UART5_IRQHandler</STRONG> (Thumb, 0 bytes, Stack size 0 bytes, startup_stm32f4xx.o(.text))
<BR>[Address Reference Count : 1]<UL><LI> startup_stm32f4xx.o(RESET)
</UL>
<P><STRONG><a name="[4f]"></a>USART1_IRQHandler</STRONG> (Thumb, 0 bytes, Stack size 0 bytes, startup_stm32f4xx.o(.text))
<BR>[Address Reference Count : 1]<UL><LI> startup_stm32f4xx.o(RESET)
</UL>
<P><STRONG><a name="[50]"></a>USART2_IRQHandler</STRONG> (Thumb, 0 bytes, Stack size 0 bytes, startup_stm32f4xx.o(.text))
<BR>[Address Reference Count : 1]<UL><LI> startup_stm32f4xx.o(RESET)
</UL>
<P><STRONG><a name="[51]"></a>USART3_IRQHandler</STRONG> (Thumb, 0 bytes, Stack size 0 bytes, startup_stm32f4xx.o(.text))
<BR>[Address Reference Count : 1]<UL><LI> startup_stm32f4xx.o(RESET)
</UL>
<P><STRONG><a name="[71]"></a>USART6_IRQHandler</STRONG> (Thumb, 0 bytes, Stack size 0 bytes, startup_stm32f4xx.o(.text))
<BR>[Address Reference Count : 1]<UL><LI> startup_stm32f4xx.o(RESET)
</UL>
<P><STRONG><a name="[2a]"></a>WWDG_IRQHandler</STRONG> (Thumb, 0 bytes, Stack size 0 bytes, startup_stm32f4xx.o(.text))
<BR>[Address Reference Count : 1]<UL><LI> startup_stm32f4xx.o(RESET)
</UL>
<P><STRONG><a name="[f7]"></a>__user_initial_stackheap</STRONG> (Thumb, 0 bytes, Stack size unknown bytes, startup_stm32f4xx.o(.text))
<BR><BR>[Called By]<UL><LI><a href="#[85]">&gt;&gt;</a>&nbsp;&nbsp;&nbsp;__user_setup_stackheap
</UL>

<P><STRONG><a name="[89]"></a>main</STRONG> (Thumb, 104 bytes, Stack size 16 bytes, app.o(.text))
<BR><BR>[Stack]<UL><LI>Max Depth = 144<LI>Call Chain = main &rArr; USBD_Init &rArr; DCD_Init &rArr; USB_OTG_CoreInitDev &rArr; USB_OTG_FlushRxFifo &rArr; USB_OTG_BSP_uDelay
</UL>
<BR>[Calls]<UL><LI><a href="#[90]">&gt;&gt;</a>&nbsp;&nbsp;&nbsp;USBD_Init
</UL>
<BR>[Called By]<UL><LI><a href="#[88]">&gt;&gt;</a>&nbsp;&nbsp;&nbsp;__rt_entry_main
</UL>

<P><STRONG><a name="[21]"></a>NMI_Handler</STRONG> (Thumb, 2 bytes, Stack size 0 bytes, stm32fxxx_it.o(.text))
<BR>[Address Reference Count : 1]<UL><LI> startup_stm32f4xx.o(RESET)
</UL>
<P><STRONG><a name="[22]"></a>HardFault_Handler</STRONG> (Thumb, 4 bytes, Stack size 0 bytes, stm32fxxx_it.o(.text))
<BR>[Address Reference Count : 1]<UL><LI> startup_stm32f4xx.o(RESET)
</UL>
<P><STRONG><a name="[23]"></a>MemManage_Handler</STRONG> (Thumb, 4 bytes, Stack size 0 bytes, stm32fxxx_it.o(.text))
<BR>[Address Reference Count : 1]<UL><LI> startup_stm32f4xx.o(RESET)
</UL>
<P><STRONG><a name="[24]"></a>BusFault_Handler</STRONG> (Thumb, 4 bytes, Stack size 0 bytes, stm32fxxx_it.o(.text))
<BR>[Address Reference Count : 1]<UL><LI> startup_stm32f4xx.o(RESET)
</UL>
<P><STRONG><a name="[25]"></a>UsageFault_Handler</STRONG> (Thumb, 4 bytes, Stack size 0 bytes, stm32fxxx_it.o(.text))
<BR>[Address Reference Count : 1]<UL><LI> startup_stm32f4xx.o(RESET)
</UL>
<P><STRONG><a name="[26]"></a>SVC_Handler</STRONG> (Thumb, 2 bytes, Stack size 0 bytes, stm32fxxx_it.o(.text))
<BR>[Address Reference Count : 1]<UL><LI> startup_stm32f4xx.o(RESET)
</UL>
<P><STRONG><a name="[27]"></a>DebugMon_Handler</STRONG> (Thumb, 2 bytes, Stack size 0 bytes, stm32fxxx_it.o(.text))
<BR>[Address Reference Count : 1]<UL><LI> startup_stm32f4xx.o(RESET)
</UL>
<P><STRONG><a name="[28]"></a>PendSV_Handler</STRONG> (Thumb, 2 bytes, Stack size 0 bytes, stm32fxxx_it.o(.text))
<BR>[Address Reference Count : 1]<UL><LI> startup_stm32f4xx.o(RESET)
</UL>
<P><STRONG><a name="[29]"></a>SysTick_Handler</STRONG> (Thumb, 20 bytes, Stack size 8 bytes, stm32fxxx_it.o(.text))
<BR><BR>[Stack]<UL><LI>Max Depth = 104<LI>Call Chain = SysTick_Handler &rArr; USBD_HID_SendReport &rArr; DCD_EP_Tx &rArr; USB_OTG_EPStartXfer &rArr; USB_OTG_WritePacket
</UL>
<BR>[Calls]<UL><LI><a href="#[92]">&gt;&gt;</a>&nbsp;&nbsp;&nbsp;USBD_HID_SendReport
<LI><a href="#[91]">&gt;&gt;</a>&nbsp;&nbsp;&nbsp;USBD_HID_GetPos
</UL>
<BR>[Address Reference Count : 1]<UL><LI> startup_stm32f4xx.o(RESET)
</UL>
<P><STRONG><a name="[77]"></a>OTG_HS_IRQHandler</STRONG> (Thumb, 10 bytes, Stack size 8 bytes, stm32fxxx_it.o(.text))
<BR><BR>[Stack]<UL><LI>Max Depth = 112<LI>Call Chain = OTG_HS_IRQHandler &rArr; USBD_OTG_ISR_Handler &rArr; DCD_HandleInEP_ISR &rArr; DCD_WriteEmptyTxFifo &rArr; USB_OTG_WritePacket
</UL>
<BR>[Calls]<UL><LI><a href="#[93]">&gt;&gt;</a>&nbsp;&nbsp;&nbsp;USBD_OTG_ISR_Handler
</UL>
<BR>[Address Reference Count : 1]<UL><LI> startup_stm32f4xx.o(RESET)
</UL>
<P><STRONG><a name="[94]"></a>USB_OTG_BSP_Init</STRONG> (Thumb, 116 bytes, Stack size 16 bytes, usb_bsp.o(.text))
<BR><BR>[Stack]<UL><LI>Max Depth = 36<LI>Call Chain = USB_OTG_BSP_Init &rArr; GPIO_PinAFConfig
</UL>
<BR>[Calls]<UL><LI><a href="#[95]">&gt;&gt;</a>&nbsp;&nbsp;&nbsp;RCC_AHB1PeriphClockCmd
<LI><a href="#[97]">&gt;&gt;</a>&nbsp;&nbsp;&nbsp;GPIO_PinAFConfig
<LI><a href="#[96]">&gt;&gt;</a>&nbsp;&nbsp;&nbsp;GPIO_Init
</UL>
<BR>[Called By]<UL><LI><a href="#[90]">&gt;&gt;</a>&nbsp;&nbsp;&nbsp;USBD_Init
</UL>

<P><STRONG><a name="[98]"></a>USB_OTG_BSP_EnableInterrupt</STRONG> (Thumb, 44 bytes, Stack size 16 bytes, usb_bsp.o(.text))
<BR><BR>[Stack]<UL><LI>Max Depth = 32<LI>Call Chain = USB_OTG_BSP_EnableInterrupt &rArr; NVIC_Init
</UL>
<BR>[Calls]<UL><LI><a href="#[99]">&gt;&gt;</a>&nbsp;&nbsp;&nbsp;NVIC_PriorityGroupConfig
<LI><a href="#[9a]">&gt;&gt;</a>&nbsp;&nbsp;&nbsp;NVIC_Init
</UL>
<BR>[Called By]<UL><LI><a href="#[90]">&gt;&gt;</a>&nbsp;&nbsp;&nbsp;USBD_Init
</UL>

<P><STRONG><a name="[9c]"></a>USB_OTG_BSP_uDelay</STRONG> (Thumb, 30 bytes, Stack size 8 bytes, usb_bsp.o(.text))
<BR><BR>[Stack]<UL><LI>Max Depth = 8<LI>Call Chain = USB_OTG_BSP_uDelay
</UL>
<BR>[Called By]<UL><LI><a href="#[a1]">&gt;&gt;</a>&nbsp;&nbsp;&nbsp;USB_OTG_FlushRxFifo
<LI><a href="#[a0]">&gt;&gt;</a>&nbsp;&nbsp;&nbsp;USB_OTG_FlushTxFifo
<LI><a href="#[9e]">&gt;&gt;</a>&nbsp;&nbsp;&nbsp;USB_OTG_CoreReset
<LI><a href="#[9b]">&gt;&gt;</a>&nbsp;&nbsp;&nbsp;USB_OTG_BSP_mDelay
</UL>

<P><STRONG><a name="[9b]"></a>USB_OTG_BSP_mDelay</STRONG> (Thumb, 18 bytes, Stack size 8 bytes, usb_bsp.o(.text))
<BR><BR>[Stack]<UL><LI>Max Depth = 16<LI>Call Chain = USB_OTG_BSP_mDelay &rArr; USB_OTG_BSP_uDelay
</UL>
<BR>[Calls]<UL><LI><a href="#[9c]">&gt;&gt;</a>&nbsp;&nbsp;&nbsp;USB_OTG_BSP_uDelay
</UL>
<BR>[Called By]<UL><LI><a href="#[c0]">&gt;&gt;</a>&nbsp;&nbsp;&nbsp;DCD_DevDisconnect
<LI><a href="#[bf]">&gt;&gt;</a>&nbsp;&nbsp;&nbsp;DCD_DevConnect
<LI><a href="#[ac]">&gt;&gt;</a>&nbsp;&nbsp;&nbsp;USB_OTG_ActiveRemoteWakeup
<LI><a href="#[a2]">&gt;&gt;</a>&nbsp;&nbsp;&nbsp;USB_OTG_SetCurrentMode
<LI><a href="#[9f]">&gt;&gt;</a>&nbsp;&nbsp;&nbsp;USB_OTG_CoreInit
</UL>

<P><STRONG><a name="[2]"></a>USBD_USR_DeviceDescriptor</STRONG> (Thumb, 10 bytes, Stack size 0 bytes, usbd_desc.o(.text))
<BR>[Address Reference Count : 1]<UL><LI> usbd_desc.o(.data)
</UL>
<P><STRONG><a name="[3]"></a>USBD_USR_LangIDStrDescriptor</STRONG> (Thumb, 10 bytes, Stack size 0 bytes, usbd_desc.o(.text))
<BR>[Address Reference Count : 1]<UL><LI> usbd_desc.o(.data)
</UL>
<P><STRONG><a name="[5]"></a>USBD_USR_ProductStrDescriptor</STRONG> (Thumb, 34 bytes, Stack size 16 bytes, usbd_desc.o(.text))
<BR><BR>[Stack]<UL><LI>Max Depth = 40<LI>Call Chain = USBD_USR_ProductStrDescriptor &rArr; USBD_GetString
</UL>
<BR>[Calls]<UL><LI><a href="#[9d]">&gt;&gt;</a>&nbsp;&nbsp;&nbsp;USBD_GetString
</UL>
<BR>[Address Reference Count : 1]<UL><LI> usbd_desc.o(.data)
</UL>
<P><STRONG><a name="[4]"></a>USBD_USR_ManufacturerStrDescriptor</STRONG> (Thumb, 20 bytes, Stack size 16 bytes, usbd_desc.o(.text))
<BR><BR>[Stack]<UL><LI>Max Depth = 40<LI>Call Chain = USBD_USR_ManufacturerStrDescriptor &rArr; USBD_GetString
</UL>
<BR>[Calls]<UL><LI><a href="#[9d]">&gt;&gt;</a>&nbsp;&nbsp;&nbsp;USBD_GetString
</UL>
<BR>[Address Reference Count : 1]<UL><LI> usbd_desc.o(.data)
</UL>
<P><STRONG><a name="[6]"></a>USBD_USR_SerialStrDescriptor</STRONG> (Thumb, 34 bytes, Stack size 16 bytes, usbd_desc.o(.text))
<BR><BR>[Stack]<UL><LI>Max Depth = 40<LI>Call Chain = USBD_USR_SerialStrDescriptor &rArr; USBD_GetString
</UL>
<BR>[Calls]<UL><LI><a href="#[9d]">&gt;&gt;</a>&nbsp;&nbsp;&nbsp;USBD_GetString
</UL>
<BR>[Address Reference Count : 1]<UL><LI> usbd_desc.o(.data)
</UL>
<P><STRONG><a name="[7]"></a>USBD_USR_ConfigStrDescriptor</STRONG> (Thumb, 34 bytes, Stack size 16 bytes, usbd_desc.o(.text))
<BR><BR>[Stack]<UL><LI>Max Depth = 40<LI>Call Chain = USBD_USR_ConfigStrDescriptor &rArr; USBD_GetString
</UL>
<BR>[Calls]<UL><LI><a href="#[9d]">&gt;&gt;</a>&nbsp;&nbsp;&nbsp;USBD_GetString
</UL>
<BR>[Address Reference Count : 1]<UL><LI> usbd_desc.o(.data)
</UL>
<P><STRONG><a name="[8]"></a>USBD_USR_InterfaceStrDescriptor</STRONG> (Thumb, 34 bytes, Stack size 16 bytes, usbd_desc.o(.text))
<BR><BR>[Stack]<UL><LI>Max Depth = 40<LI>Call Chain = USBD_USR_InterfaceStrDescriptor &rArr; USBD_GetString
</UL>
<BR>[Calls]<UL><LI><a href="#[9d]">&gt;&gt;</a>&nbsp;&nbsp;&nbsp;USBD_GetString
</UL>
<BR>[Address Reference Count : 1]<UL><LI> usbd_desc.o(.data)
</UL>
<P><STRONG><a name="[9]"></a>USBD_USR_Init</STRONG> (Thumb, 2 bytes, Stack size 0 bytes, usbd_usr.o(.text))
<BR>[Address Reference Count : 1]<UL><LI> usbd_usr.o(.data)
</UL>
<P><STRONG><a name="[a]"></a>USBD_USR_DeviceReset</STRONG> (Thumb, 2 bytes, Stack size 0 bytes, usbd_usr.o(.text))
<BR>[Address Reference Count : 1]<UL><LI> usbd_usr.o(.data)
</UL>
<P><STRONG><a name="[b]"></a>USBD_USR_DeviceConfigured</STRONG> (Thumb, 2 bytes, Stack size 0 bytes, usbd_usr.o(.text))
<BR>[Address Reference Count : 1]<UL><LI> usbd_usr.o(.data)
</UL>
<P><STRONG><a name="[e]"></a>USBD_USR_DeviceConnected</STRONG> (Thumb, 2 bytes, Stack size 0 bytes, usbd_usr.o(.text))
<BR>[Address Reference Count : 1]<UL><LI> usbd_usr.o(.data)
</UL>
<P><STRONG><a name="[f]"></a>USBD_USR_DeviceDisconnected</STRONG> (Thumb, 2 bytes, Stack size 0 bytes, usbd_usr.o(.text))
<BR>[Address Reference Count : 1]<UL><LI> usbd_usr.o(.data)
</UL>
<P><STRONG><a name="[c]"></a>USBD_USR_DeviceSuspended</STRONG> (Thumb, 2 bytes, Stack size 0 bytes, usbd_usr.o(.text))
<BR>[Address Reference Count : 1]<UL><LI> usbd_usr.o(.data)
</UL>
<P><STRONG><a name="[d]"></a>USBD_USR_DeviceResumed</STRONG> (Thumb, 2 bytes, Stack size 0 bytes, usbd_usr.o(.text))
<BR>[Address Reference Count : 1]<UL><LI> usbd_usr.o(.data)
</UL>
<P><STRONG><a name="[ab]"></a>USB_OTG_WritePacket</STRONG> (Thumb, 64 bytes, Stack size 24 bytes, usb_core.o(.text))
<BR><BR>[Stack]<UL><LI>Max Depth = 24<LI>Call Chain = USB_OTG_WritePacket
</UL>
<BR>[Called By]<UL><LI><a href="#[cb]">&gt;&gt;</a>&nbsp;&nbsp;&nbsp;DCD_WriteEmptyTxFifo
<LI><a href="#[aa]">&gt;&gt;</a>&nbsp;&nbsp;&nbsp;USB_OTG_EPStartXfer
</UL>

<P><STRONG><a name="[ca]"></a>USB_OTG_ReadPacket</STRONG> (Thumb, 40 bytes, Stack size 20 bytes, usb_core.o(.text))
<BR><BR>[Stack]<UL><LI>Max Depth = 20<LI>Call Chain = USB_OTG_ReadPacket
</UL>
<BR>[Called By]<UL><LI><a href="#[c9]">&gt;&gt;</a>&nbsp;&nbsp;&nbsp;DCD_HandleRxStatusQueueLevel_ISR
</UL>

<P><STRONG><a name="[b2]"></a>USB_OTG_SelectCore</STRONG> (Thumb, 212 bytes, Stack size 16 bytes, usb_core.o(.text))
<BR><BR>[Stack]<UL><LI>Max Depth = 16<LI>Call Chain = USB_OTG_SelectCore
</UL>
<BR>[Called By]<UL><LI><a href="#[b1]">&gt;&gt;</a>&nbsp;&nbsp;&nbsp;DCD_Init
</UL>

<P><STRONG><a name="[9f]"></a>USB_OTG_CoreInit</STRONG> (Thumb, 282 bytes, Stack size 24 bytes, usb_core.o(.text))
<BR><BR>[Stack]<UL><LI>Max Depth = 56<LI>Call Chain = USB_OTG_CoreInit &rArr; USB_OTG_CoreReset &rArr; USB_OTG_BSP_uDelay
</UL>
<BR>[Calls]<UL><LI><a href="#[9e]">&gt;&gt;</a>&nbsp;&nbsp;&nbsp;USB_OTG_CoreReset
<LI><a href="#[9b]">&gt;&gt;</a>&nbsp;&nbsp;&nbsp;USB_OTG_BSP_mDelay
</UL>
<BR>[Called By]<UL><LI><a href="#[b1]">&gt;&gt;</a>&nbsp;&nbsp;&nbsp;DCD_Init
</UL>

<P><STRONG><a name="[b4]"></a>USB_OTG_EnableGlobalInt</STRONG> (Thumb, 34 bytes, Stack size 8 bytes, usb_core.o(.text))
<BR><BR>[Stack]<UL><LI>Max Depth = 8<LI>Call Chain = USB_OTG_EnableGlobalInt
</UL>
<BR>[Called By]<UL><LI><a href="#[b1]">&gt;&gt;</a>&nbsp;&nbsp;&nbsp;DCD_Init
</UL>

<P><STRONG><a name="[b3]"></a>USB_OTG_DisableGlobalInt</STRONG> (Thumb, 34 bytes, Stack size 8 bytes, usb_core.o(.text))
<BR><BR>[Stack]<UL><LI>Max Depth = 8<LI>Call Chain = USB_OTG_DisableGlobalInt
</UL>
<BR>[Called By]<UL><LI><a href="#[b1]">&gt;&gt;</a>&nbsp;&nbsp;&nbsp;DCD_Init
</UL>

<P><STRONG><a name="[a0]"></a>USB_OTG_FlushTxFifo</STRONG> (Thumb, 80 bytes, Stack size 24 bytes, usb_core.o(.text))
<BR><BR>[Stack]<UL><LI>Max Depth = 32<LI>Call Chain = USB_OTG_FlushTxFifo &rArr; USB_OTG_BSP_uDelay
</UL>
<BR>[Calls]<UL><LI><a href="#[9c]">&gt;&gt;</a>&nbsp;&nbsp;&nbsp;USB_OTG_BSP_uDelay
</UL>
<BR>[Called By]<UL><LI><a href="#[c7]">&gt;&gt;</a>&nbsp;&nbsp;&nbsp;DCD_HandleUsbReset_ISR
<LI><a href="#[be]">&gt;&gt;</a>&nbsp;&nbsp;&nbsp;DCD_EP_Flush
<LI><a href="#[ad]">&gt;&gt;</a>&nbsp;&nbsp;&nbsp;USB_OTG_StopDevice
<LI><a href="#[a8]">&gt;&gt;</a>&nbsp;&nbsp;&nbsp;USB_OTG_CoreInitDev
</UL>

<P><STRONG><a name="[a1]"></a>USB_OTG_FlushRxFifo</STRONG> (Thumb, 70 bytes, Stack size 24 bytes, usb_core.o(.text))
<BR><BR>[Stack]<UL><LI>Max Depth = 32<LI>Call Chain = USB_OTG_FlushRxFifo &rArr; USB_OTG_BSP_uDelay
</UL>
<BR>[Calls]<UL><LI><a href="#[9c]">&gt;&gt;</a>&nbsp;&nbsp;&nbsp;USB_OTG_BSP_uDelay
</UL>
<BR>[Called By]<UL><LI><a href="#[be]">&gt;&gt;</a>&nbsp;&nbsp;&nbsp;DCD_EP_Flush
<LI><a href="#[ad]">&gt;&gt;</a>&nbsp;&nbsp;&nbsp;USB_OTG_StopDevice
<LI><a href="#[a8]">&gt;&gt;</a>&nbsp;&nbsp;&nbsp;USB_OTG_CoreInitDev
</UL>

<P><STRONG><a name="[a2]"></a>USB_OTG_SetCurrentMode</STRONG> (Thumb, 78 bytes, Stack size 24 bytes, usb_core.o(.text))
<BR><BR>[Stack]<UL><LI>Max Depth = 40<LI>Call Chain = USB_OTG_SetCurrentMode &rArr; USB_OTG_BSP_mDelay &rArr; USB_OTG_BSP_uDelay
</UL>
<BR>[Calls]<UL><LI><a href="#[9b]">&gt;&gt;</a>&nbsp;&nbsp;&nbsp;USB_OTG_BSP_mDelay
</UL>
<BR>[Called By]<UL><LI><a href="#[b1]">&gt;&gt;</a>&nbsp;&nbsp;&nbsp;DCD_Init
</UL>

<P><STRONG><a name="[a4]"></a>USB_OTG_GetMode</STRONG> (Thumb, 12 bytes, Stack size 0 bytes, usb_core.o(.text))
<BR><BR>[Called By]<UL><LI><a href="#[a5]">&gt;&gt;</a>&nbsp;&nbsp;&nbsp;USB_OTG_IsHostMode
<LI><a href="#[a3]">&gt;&gt;</a>&nbsp;&nbsp;&nbsp;USB_OTG_IsDeviceMode
</UL>

<P><STRONG><a name="[a3]"></a>USB_OTG_IsDeviceMode</STRONG> (Thumb, 30 bytes, Stack size 4 bytes, usb_core.o(.text))
<BR><BR>[Stack]<UL><LI>Max Depth = 4<LI>Call Chain = USB_OTG_IsDeviceMode
</UL>
<BR>[Calls]<UL><LI><a href="#[a4]">&gt;&gt;</a>&nbsp;&nbsp;&nbsp;USB_OTG_GetMode
</UL>
<BR>[Called By]<UL><LI><a href="#[93]">&gt;&gt;</a>&nbsp;&nbsp;&nbsp;USBD_OTG_ISR_Handler
</UL>

<P><STRONG><a name="[a5]"></a>USB_OTG_IsHostMode</STRONG> (Thumb, 20 bytes, Stack size 4 bytes, usb_core.o(.text), UNUSED)
<BR><BR>[Calls]<UL><LI><a href="#[a4]">&gt;&gt;</a>&nbsp;&nbsp;&nbsp;USB_OTG_GetMode
</UL>

<P><STRONG><a name="[d2]"></a>USB_OTG_ReadCoreItr</STRONG> (Thumb, 16 bytes, Stack size 0 bytes, usb_core.o(.text))
<BR><BR>[Called By]<UL><LI><a href="#[93]">&gt;&gt;</a>&nbsp;&nbsp;&nbsp;USBD_OTG_ISR_Handler
</UL>

<P><STRONG><a name="[11d]"></a>USB_OTG_ReadOtgItr</STRONG> (Thumb, 8 bytes, Stack size 0 bytes, usb_core.o(.text), UNUSED)

<P><STRONG><a name="[a9]"></a>USB_OTG_InitDevSpeed</STRONG> (Thumb, 24 bytes, Stack size 8 bytes, usb_core.o(.text))
<BR><BR>[Stack]<UL><LI>Max Depth = 8<LI>Call Chain = USB_OTG_InitDevSpeed
</UL>
<BR>[Called By]<UL><LI><a href="#[a8]">&gt;&gt;</a>&nbsp;&nbsp;&nbsp;USB_OTG_CoreInitDev
</UL>

<P><STRONG><a name="[a6]"></a>USB_OTG_EnableDevInt</STRONG> (Thumb, 176 bytes, Stack size 16 bytes, usb_core.o(.text))
<BR><BR>[Stack]<UL><LI>Max Depth = 24<LI>Call Chain = USB_OTG_EnableDevInt &rArr; USB_OTG_EnableCommonInt
</UL>
<BR>[Calls]<UL><LI><a href="#[a7]">&gt;&gt;</a>&nbsp;&nbsp;&nbsp;USB_OTG_EnableCommonInt
</UL>
<BR>[Called By]<UL><LI><a href="#[a8]">&gt;&gt;</a>&nbsp;&nbsp;&nbsp;USB_OTG_CoreInitDev
</UL>

<P><STRONG><a name="[a8]"></a>USB_OTG_CoreInitDev</STRONG> (Thumb, 594 bytes, Stack size 48 bytes, usb_core.o(.text))
<BR><BR>[Stack]<UL><LI>Max Depth = 80<LI>Call Chain = USB_OTG_CoreInitDev &rArr; USB_OTG_FlushRxFifo &rArr; USB_OTG_BSP_uDelay
</UL>
<BR>[Calls]<UL><LI><a href="#[a6]">&gt;&gt;</a>&nbsp;&nbsp;&nbsp;USB_OTG_EnableDevInt
<LI><a href="#[a9]">&gt;&gt;</a>&nbsp;&nbsp;&nbsp;USB_OTG_InitDevSpeed
<LI><a href="#[a1]">&gt;&gt;</a>&nbsp;&nbsp;&nbsp;USB_OTG_FlushRxFifo
<LI><a href="#[a0]">&gt;&gt;</a>&nbsp;&nbsp;&nbsp;USB_OTG_FlushTxFifo
</UL>
<BR>[Called By]<UL><LI><a href="#[b1]">&gt;&gt;</a>&nbsp;&nbsp;&nbsp;DCD_Init
</UL>

<P><STRONG><a name="[c6]"></a>USB_OTG_GetDeviceSpeed</STRONG> (Thumb, 52 bytes, Stack size 8 bytes, usb_core.o(.text))
<BR><BR>[Stack]<UL><LI>Max Depth = 8<LI>Call Chain = USB_OTG_GetDeviceSpeed
</UL>
<BR>[Called By]<UL><LI><a href="#[c4]">&gt;&gt;</a>&nbsp;&nbsp;&nbsp;DCD_HandleEnumDone_ISR
</UL>

<P><STRONG><a name="[c5]"></a>USB_OTG_EP0Activate</STRONG> (Thumb, 106 bytes, Stack size 16 bytes, usb_core.o(.text))
<BR><BR>[Stack]<UL><LI>Max Depth = 16<LI>Call Chain = USB_OTG_EP0Activate
</UL>
<BR>[Called By]<UL><LI><a href="#[c4]">&gt;&gt;</a>&nbsp;&nbsp;&nbsp;DCD_HandleEnumDone_ISR
</UL>

<P><STRONG><a name="[b6]"></a>USB_OTG_EPActivate</STRONG> (Thumb, 152 bytes, Stack size 20 bytes, usb_core.o(.text))
<BR><BR>[Stack]<UL><LI>Max Depth = 20<LI>Call Chain = USB_OTG_EPActivate
</UL>
<BR>[Called By]<UL><LI><a href="#[b5]">&gt;&gt;</a>&nbsp;&nbsp;&nbsp;DCD_EP_Open
</UL>

<P><STRONG><a name="[b8]"></a>USB_OTG_EPDeactivate</STRONG> (Thumb, 94 bytes, Stack size 20 bytes, usb_core.o(.text))
<BR><BR>[Stack]<UL><LI>Max Depth = 20<LI>Call Chain = USB_OTG_EPDeactivate
</UL>
<BR>[Called By]<UL><LI><a href="#[b7]">&gt;&gt;</a>&nbsp;&nbsp;&nbsp;DCD_EP_Close
</UL>

<P><STRONG><a name="[aa]"></a>USB_OTG_EPStartXfer</STRONG> (Thumb, 502 bytes, Stack size 32 bytes, usb_core.o(.text))
<BR><BR>[Stack]<UL><LI>Max Depth = 56<LI>Call Chain = USB_OTG_EPStartXfer &rArr; USB_OTG_WritePacket
</UL>
<BR>[Calls]<UL><LI><a href="#[ab]">&gt;&gt;</a>&nbsp;&nbsp;&nbsp;USB_OTG_WritePacket
</UL>
<BR>[Called By]<UL><LI><a href="#[bb]">&gt;&gt;</a>&nbsp;&nbsp;&nbsp;DCD_EP_Tx
<LI><a href="#[b9]">&gt;&gt;</a>&nbsp;&nbsp;&nbsp;DCD_EP_PrepareRx
</UL>

<P><STRONG><a name="[ba]"></a>USB_OTG_EP0StartXfer</STRONG> (Thumb, 342 bytes, Stack size 32 bytes, usb_core.o(.text))
<BR><BR>[Stack]<UL><LI>Max Depth = 32<LI>Call Chain = USB_OTG_EP0StartXfer
</UL>
<BR>[Called By]<UL><LI><a href="#[bb]">&gt;&gt;</a>&nbsp;&nbsp;&nbsp;DCD_EP_Tx
<LI><a href="#[b9]">&gt;&gt;</a>&nbsp;&nbsp;&nbsp;DCD_EP_PrepareRx
</UL>

<P><STRONG><a name="[af]"></a>USB_OTG_EPSetStall</STRONG> (Thumb, 100 bytes, Stack size 16 bytes, usb_core.o(.text))
<BR><BR>[Stack]<UL><LI>Max Depth = 16<LI>Call Chain = USB_OTG_EPSetStall
</UL>
<BR>[Called By]<UL><LI><a href="#[bc]">&gt;&gt;</a>&nbsp;&nbsp;&nbsp;DCD_EP_Stall
<LI><a href="#[ae]">&gt;&gt;</a>&nbsp;&nbsp;&nbsp;USB_OTG_SetEPStatus
</UL>

<P><STRONG><a name="[b0]"></a>USB_OTG_EPClearStall</STRONG> (Thumb, 80 bytes, Stack size 16 bytes, usb_core.o(.text))
<BR><BR>[Stack]<UL><LI>Max Depth = 16<LI>Call Chain = USB_OTG_EPClearStall
</UL>
<BR>[Called By]<UL><LI><a href="#[bd]">&gt;&gt;</a>&nbsp;&nbsp;&nbsp;DCD_EP_ClrStall
<LI><a href="#[ae]">&gt;&gt;</a>&nbsp;&nbsp;&nbsp;USB_OTG_SetEPStatus
</UL>

<P><STRONG><a name="[d0]"></a>USB_OTG_ReadDevAllOutEp_itr</STRONG> (Thumb, 16 bytes, Stack size 0 bytes, usb_core.o(.text))
<BR><BR>[Called By]<UL><LI><a href="#[cf]">&gt;&gt;</a>&nbsp;&nbsp;&nbsp;DCD_HandleOutEP_ISR
</UL>

<P><STRONG><a name="[d1]"></a>USB_OTG_ReadDevOutEP_itr</STRONG> (Thumb, 20 bytes, Stack size 0 bytes, usb_core.o(.text))
<BR><BR>[Called By]<UL><LI><a href="#[cf]">&gt;&gt;</a>&nbsp;&nbsp;&nbsp;DCD_HandleOutEP_ISR
</UL>

<P><STRONG><a name="[cd]"></a>USB_OTG_ReadDevAllInEPItr</STRONG> (Thumb, 16 bytes, Stack size 0 bytes, usb_core.o(.text))
<BR><BR>[Called By]<UL><LI><a href="#[cc]">&gt;&gt;</a>&nbsp;&nbsp;&nbsp;DCD_HandleInEP_ISR
</UL>

<P><STRONG><a name="[c8]"></a>USB_OTG_EP0_OutStart</STRONG> (Thumb, 98 bytes, Stack size 16 bytes, usb_core.o(.text))
<BR><BR>[Stack]<UL><LI>Max Depth = 16<LI>Call Chain = USB_OTG_EP0_OutStart
</UL>
<BR>[Called By]<UL><LI><a href="#[e5]">&gt;&gt;</a>&nbsp;&nbsp;&nbsp;USBD_CtlError
<LI><a href="#[e0]">&gt;&gt;</a>&nbsp;&nbsp;&nbsp;USBD_CtlSendStatus
<LI><a href="#[e2]">&gt;&gt;</a>&nbsp;&nbsp;&nbsp;USBD_CtlReceiveStatus
<LI><a href="#[cf]">&gt;&gt;</a>&nbsp;&nbsp;&nbsp;DCD_HandleOutEP_ISR
<LI><a href="#[cc]">&gt;&gt;</a>&nbsp;&nbsp;&nbsp;DCD_HandleInEP_ISR
<LI><a href="#[c7]">&gt;&gt;</a>&nbsp;&nbsp;&nbsp;DCD_HandleUsbReset_ISR
</UL>

<P><STRONG><a name="[ac]"></a>USB_OTG_ActiveRemoteWakeup</STRONG> (Thumb, 106 bytes, Stack size 24 bytes, usb_core.o(.text), UNUSED)
<BR><BR>[Calls]<UL><LI><a href="#[9b]">&gt;&gt;</a>&nbsp;&nbsp;&nbsp;USB_OTG_BSP_mDelay
</UL>

<P><STRONG><a name="[11e]"></a>USB_OTG_UngateClock</STRONG> (Thumb, 54 bytes, Stack size 12 bytes, usb_core.o(.text), UNUSED)

<P><STRONG><a name="[ad]"></a>USB_OTG_StopDevice</STRONG> (Thumb, 82 bytes, Stack size 16 bytes, usb_core.o(.text), UNUSED)
<BR><BR>[Calls]<UL><LI><a href="#[a1]">&gt;&gt;</a>&nbsp;&nbsp;&nbsp;USB_OTG_FlushRxFifo
<LI><a href="#[a0]">&gt;&gt;</a>&nbsp;&nbsp;&nbsp;USB_OTG_FlushTxFifo
</UL>

<P><STRONG><a name="[c2]"></a>USB_OTG_GetEPStatus</STRONG> (Thumb, 106 bytes, Stack size 16 bytes, usb_core.o(.text), UNUSED)
<BR><BR>[Called By]<UL><LI><a href="#[c1]">&gt;&gt;</a>&nbsp;&nbsp;&nbsp;DCD_GetEPStatus
</UL>

<P><STRONG><a name="[ae]"></a>USB_OTG_SetEPStatus</STRONG> (Thumb, 282 bytes, Stack size 24 bytes, usb_core.o(.text), UNUSED)
<BR><BR>[Calls]<UL><LI><a href="#[b0]">&gt;&gt;</a>&nbsp;&nbsp;&nbsp;USB_OTG_EPClearStall
<LI><a href="#[af]">&gt;&gt;</a>&nbsp;&nbsp;&nbsp;USB_OTG_EPSetStall
</UL>
<BR>[Called By]<UL><LI><a href="#[c3]">&gt;&gt;</a>&nbsp;&nbsp;&nbsp;DCD_SetEPStatus
</UL>

<P><STRONG><a name="[b1]"></a>DCD_Init</STRONG> (Thumb, 156 bytes, Stack size 24 bytes, usb_dcd.o(.text))
<BR><BR>[Stack]<UL><LI>Max Depth = 104<LI>Call Chain = DCD_Init &rArr; USB_OTG_CoreInitDev &rArr; USB_OTG_FlushRxFifo &rArr; USB_OTG_BSP_uDelay
</UL>
<BR>[Calls]<UL><LI><a href="#[a8]">&gt;&gt;</a>&nbsp;&nbsp;&nbsp;USB_OTG_CoreInitDev
<LI><a href="#[a2]">&gt;&gt;</a>&nbsp;&nbsp;&nbsp;USB_OTG_SetCurrentMode
<LI><a href="#[b3]">&gt;&gt;</a>&nbsp;&nbsp;&nbsp;USB_OTG_DisableGlobalInt
<LI><a href="#[b4]">&gt;&gt;</a>&nbsp;&nbsp;&nbsp;USB_OTG_EnableGlobalInt
<LI><a href="#[9f]">&gt;&gt;</a>&nbsp;&nbsp;&nbsp;USB_OTG_CoreInit
<LI><a href="#[b2]">&gt;&gt;</a>&nbsp;&nbsp;&nbsp;USB_OTG_SelectCore
</UL>
<BR>[Called By]<UL><LI><a href="#[90]">&gt;&gt;</a>&nbsp;&nbsp;&nbsp;USBD_Init
</UL>

<P><STRONG><a name="[b5]"></a>DCD_EP_Open</STRONG> (Thumb, 104 bytes, Stack size 24 bytes, usb_dcd.o(.text))
<BR><BR>[Stack]<UL><LI>Max Depth = 44<LI>Call Chain = DCD_EP_Open &rArr; USB_OTG_EPActivate
</UL>
<BR>[Calls]<UL><LI><a href="#[b6]">&gt;&gt;</a>&nbsp;&nbsp;&nbsp;USB_OTG_EPActivate
</UL>
<BR>[Called By]<UL><LI><a href="#[1b]">&gt;&gt;</a>&nbsp;&nbsp;&nbsp;USBD_HID_Init
<LI><a href="#[14]">&gt;&gt;</a>&nbsp;&nbsp;&nbsp;USBD_Reset
</UL>

<P><STRONG><a name="[b7]"></a>DCD_EP_Close</STRONG> (Thumb, 74 bytes, Stack size 16 bytes, usb_dcd.o(.text))
<BR><BR>[Stack]<UL><LI>Max Depth = 36<LI>Call Chain = DCD_EP_Close &rArr; USB_OTG_EPDeactivate
</UL>
<BR>[Calls]<UL><LI><a href="#[b8]">&gt;&gt;</a>&nbsp;&nbsp;&nbsp;USB_OTG_EPDeactivate
</UL>
<BR>[Called By]<UL><LI><a href="#[1c]">&gt;&gt;</a>&nbsp;&nbsp;&nbsp;USBD_HID_DeInit
</UL>

<P><STRONG><a name="[b9]"></a>DCD_EP_PrepareRx</STRONG> (Thumb, 82 bytes, Stack size 24 bytes, usb_dcd.o(.text))
<BR><BR>[Stack]<UL><LI>Max Depth = 80<LI>Call Chain = DCD_EP_PrepareRx &rArr; USB_OTG_EPStartXfer &rArr; USB_OTG_WritePacket
</UL>
<BR>[Calls]<UL><LI><a href="#[ba]">&gt;&gt;</a>&nbsp;&nbsp;&nbsp;USB_OTG_EP0StartXfer
<LI><a href="#[aa]">&gt;&gt;</a>&nbsp;&nbsp;&nbsp;USB_OTG_EPStartXfer
</UL>
<BR>[Called By]<UL><LI><a href="#[e6]">&gt;&gt;</a>&nbsp;&nbsp;&nbsp;USBD_CtlPrepareRx
<LI><a href="#[e2]">&gt;&gt;</a>&nbsp;&nbsp;&nbsp;USBD_CtlReceiveStatus
<LI><a href="#[df]">&gt;&gt;</a>&nbsp;&nbsp;&nbsp;USBD_CtlContinueRx
</UL>

<P><STRONG><a name="[bb]"></a>DCD_EP_Tx</STRONG> (Thumb, 78 bytes, Stack size 24 bytes, usb_dcd.o(.text))
<BR><BR>[Stack]<UL><LI>Max Depth = 80<LI>Call Chain = DCD_EP_Tx &rArr; USB_OTG_EPStartXfer &rArr; USB_OTG_WritePacket
</UL>
<BR>[Calls]<UL><LI><a href="#[ba]">&gt;&gt;</a>&nbsp;&nbsp;&nbsp;USB_OTG_EP0StartXfer
<LI><a href="#[aa]">&gt;&gt;</a>&nbsp;&nbsp;&nbsp;USB_OTG_EPStartXfer
</UL>
<BR>[Called By]<UL><LI><a href="#[e4]">&gt;&gt;</a>&nbsp;&nbsp;&nbsp;USBD_CtlSendData
<LI><a href="#[e0]">&gt;&gt;</a>&nbsp;&nbsp;&nbsp;USBD_CtlSendStatus
<LI><a href="#[e1]">&gt;&gt;</a>&nbsp;&nbsp;&nbsp;USBD_CtlContinueSendData
<LI><a href="#[92]">&gt;&gt;</a>&nbsp;&nbsp;&nbsp;USBD_HID_SendReport
</UL>

<P><STRONG><a name="[bc]"></a>DCD_EP_Stall</STRONG> (Thumb, 72 bytes, Stack size 16 bytes, usb_dcd.o(.text))
<BR><BR>[Stack]<UL><LI>Max Depth = 32<LI>Call Chain = DCD_EP_Stall &rArr; USB_OTG_EPSetStall
</UL>
<BR>[Calls]<UL><LI><a href="#[af]">&gt;&gt;</a>&nbsp;&nbsp;&nbsp;USB_OTG_EPSetStall
</UL>
<BR>[Called By]<UL><LI><a href="#[e5]">&gt;&gt;</a>&nbsp;&nbsp;&nbsp;USBD_CtlError
<LI><a href="#[de]">&gt;&gt;</a>&nbsp;&nbsp;&nbsp;USBD_StdEPReq
<LI><a href="#[12]">&gt;&gt;</a>&nbsp;&nbsp;&nbsp;USBD_SetupStage
</UL>

<P><STRONG><a name="[bd]"></a>DCD_EP_ClrStall</STRONG> (Thumb, 72 bytes, Stack size 16 bytes, usb_dcd.o(.text))
<BR><BR>[Stack]<UL><LI>Max Depth = 32<LI>Call Chain = DCD_EP_ClrStall &rArr; USB_OTG_EPClearStall
</UL>
<BR>[Calls]<UL><LI><a href="#[b0]">&gt;&gt;</a>&nbsp;&nbsp;&nbsp;USB_OTG_EPClearStall
</UL>
<BR>[Called By]<UL><LI><a href="#[de]">&gt;&gt;</a>&nbsp;&nbsp;&nbsp;USBD_StdEPReq
</UL>

<P><STRONG><a name="[be]"></a>DCD_EP_Flush</STRONG> (Thumb, 36 bytes, Stack size 16 bytes, usb_dcd.o(.text))
<BR><BR>[Stack]<UL><LI>Max Depth = 48<LI>Call Chain = DCD_EP_Flush &rArr; USB_OTG_FlushRxFifo &rArr; USB_OTG_BSP_uDelay
</UL>
<BR>[Calls]<UL><LI><a href="#[a1]">&gt;&gt;</a>&nbsp;&nbsp;&nbsp;USB_OTG_FlushRxFifo
<LI><a href="#[a0]">&gt;&gt;</a>&nbsp;&nbsp;&nbsp;USB_OTG_FlushTxFifo
</UL>
<BR>[Called By]<UL><LI><a href="#[1e]">&gt;&gt;</a>&nbsp;&nbsp;&nbsp;USBD_HID_DataIn
</UL>

<P><STRONG><a name="[ef]"></a>DCD_EP_SetAddress</STRONG> (Thumb, 28 bytes, Stack size 8 bytes, usb_dcd.o(.text))
<BR><BR>[Stack]<UL><LI>Max Depth = 8<LI>Call Chain = DCD_EP_SetAddress
</UL>
<BR>[Called By]<UL><LI><a href="#[ee]">&gt;&gt;</a>&nbsp;&nbsp;&nbsp;USBD_SetAddress
</UL>

<P><STRONG><a name="[bf]"></a>DCD_DevConnect</STRONG> (Thumb, 32 bytes, Stack size 16 bytes, usb_dcd.o(.text), UNUSED)
<BR><BR>[Calls]<UL><LI><a href="#[9b]">&gt;&gt;</a>&nbsp;&nbsp;&nbsp;USB_OTG_BSP_mDelay
</UL>

<P><STRONG><a name="[c0]"></a>DCD_DevDisconnect</STRONG> (Thumb, 34 bytes, Stack size 16 bytes, usb_dcd.o(.text), UNUSED)
<BR><BR>[Calls]<UL><LI><a href="#[9b]">&gt;&gt;</a>&nbsp;&nbsp;&nbsp;USB_OTG_BSP_mDelay
</UL>

<P><STRONG><a name="[c1]"></a>DCD_GetEPStatus</STRONG> (Thumb, 64 bytes, Stack size 24 bytes, usb_dcd.o(.text), UNUSED)
<BR><BR>[Calls]<UL><LI><a href="#[c2]">&gt;&gt;</a>&nbsp;&nbsp;&nbsp;USB_OTG_GetEPStatus
</UL>

<P><STRONG><a name="[c3]"></a>DCD_SetEPStatus</STRONG> (Thumb, 62 bytes, Stack size 24 bytes, usb_dcd.o(.text), UNUSED)
<BR><BR>[Calls]<UL><LI><a href="#[ae]">&gt;&gt;</a>&nbsp;&nbsp;&nbsp;USB_OTG_SetEPStatus
</UL>

<P><STRONG><a name="[93]"></a>USBD_OTG_ISR_Handler</STRONG> (Thumb, 256 bytes, Stack size 24 bytes, usb_dcd_int.o(.text))
<BR><BR>[Stack]<UL><LI>Max Depth = 104<LI>Call Chain = USBD_OTG_ISR_Handler &rArr; DCD_HandleInEP_ISR &rArr; DCD_WriteEmptyTxFifo &rArr; USB_OTG_WritePacket
</UL>
<BR>[Calls]<UL><LI><a href="#[cf]">&gt;&gt;</a>&nbsp;&nbsp;&nbsp;DCD_HandleOutEP_ISR
<LI><a href="#[cc]">&gt;&gt;</a>&nbsp;&nbsp;&nbsp;DCD_HandleInEP_ISR
<LI><a href="#[d3]">&gt;&gt;</a>&nbsp;&nbsp;&nbsp;DCD_HandleResume_ISR
<LI><a href="#[d4]">&gt;&gt;</a>&nbsp;&nbsp;&nbsp;DCD_HandleUSBSuspend_ISR
<LI><a href="#[d5]">&gt;&gt;</a>&nbsp;&nbsp;&nbsp;DCD_HandleSof_ISR
<LI><a href="#[c9]">&gt;&gt;</a>&nbsp;&nbsp;&nbsp;DCD_HandleRxStatusQueueLevel_ISR
<LI><a href="#[c7]">&gt;&gt;</a>&nbsp;&nbsp;&nbsp;DCD_HandleUsbReset_ISR
<LI><a href="#[c4]">&gt;&gt;</a>&nbsp;&nbsp;&nbsp;DCD_HandleEnumDone_ISR
<LI><a href="#[d6]">&gt;&gt;</a>&nbsp;&nbsp;&nbsp;DCD_IsoINIncomplete_ISR
<LI><a href="#[d7]">&gt;&gt;</a>&nbsp;&nbsp;&nbsp;DCD_IsoOUTIncomplete_ISR
<LI><a href="#[d8]">&gt;&gt;</a>&nbsp;&nbsp;&nbsp;DCD_SessionRequest_ISR
<LI><a href="#[d9]">&gt;&gt;</a>&nbsp;&nbsp;&nbsp;DCD_OTG_ISR
<LI><a href="#[d2]">&gt;&gt;</a>&nbsp;&nbsp;&nbsp;USB_OTG_ReadCoreItr
<LI><a href="#[a3]">&gt;&gt;</a>&nbsp;&nbsp;&nbsp;USB_OTG_IsDeviceMode
</UL>
<BR>[Called By]<UL><LI><a href="#[77]">&gt;&gt;</a>&nbsp;&nbsp;&nbsp;OTG_HS_IRQHandler
</UL>

<P><STRONG><a name="[da]"></a>USBD_DeInit</STRONG> (Thumb, 6 bytes, Stack size 0 bytes, usbd_core.o(.text))
<BR><BR>[Called By]<UL><LI><a href="#[90]">&gt;&gt;</a>&nbsp;&nbsp;&nbsp;USBD_Init
</UL>

<P><STRONG><a name="[90]"></a>USBD_Init</STRONG> (Thumb, 66 bytes, Stack size 24 bytes, usbd_core.o(.text))
<BR><BR>[Stack]<UL><LI>Max Depth = 128<LI>Call Chain = USBD_Init &rArr; DCD_Init &rArr; USB_OTG_CoreInitDev &rArr; USB_OTG_FlushRxFifo &rArr; USB_OTG_BSP_uDelay
</UL>
<BR>[Calls]<UL><LI><a href="#[da]">&gt;&gt;</a>&nbsp;&nbsp;&nbsp;USBD_DeInit
<LI><a href="#[b1]">&gt;&gt;</a>&nbsp;&nbsp;&nbsp;DCD_Init
<LI><a href="#[98]">&gt;&gt;</a>&nbsp;&nbsp;&nbsp;USB_OTG_BSP_EnableInterrupt
<LI><a href="#[94]">&gt;&gt;</a>&nbsp;&nbsp;&nbsp;USB_OTG_BSP_Init
</UL>
<BR>[Called By]<UL><LI><a href="#[89]">&gt;&gt;</a>&nbsp;&nbsp;&nbsp;main
</UL>

<P><STRONG><a name="[ec]"></a>USBD_SetCfg</STRONG> (Thumb, 30 bytes, Stack size 16 bytes, usbd_core.o(.text))
<BR><BR>[Stack]<UL><LI>Max Depth = 16<LI>Call Chain = USBD_SetCfg
</UL>
<BR>[Called By]<UL><LI><a href="#[eb]">&gt;&gt;</a>&nbsp;&nbsp;&nbsp;USBD_SetConfig
</UL>

<P><STRONG><a name="[ed]"></a>USBD_ClrCfg</STRONG> (Thumb, 22 bytes, Stack size 16 bytes, usbd_core.o(.text))
<BR><BR>[Stack]<UL><LI>Max Depth = 16<LI>Call Chain = USBD_ClrCfg
</UL>
<BR>[Called By]<UL><LI><a href="#[eb]">&gt;&gt;</a>&nbsp;&nbsp;&nbsp;USBD_SetConfig
</UL>

<P><STRONG><a name="[92]"></a>USBD_HID_SendReport</STRONG> (Thumb, 34 bytes, Stack size 16 bytes, usbd_hid_core.o(.text))
<BR><BR>[Stack]<UL><LI>Max Depth = 96<LI>Call Chain = USBD_HID_SendReport &rArr; DCD_EP_Tx &rArr; USB_OTG_EPStartXfer &rArr; USB_OTG_WritePacket
</UL>
<BR>[Calls]<UL><LI><a href="#[bb]">&gt;&gt;</a>&nbsp;&nbsp;&nbsp;DCD_EP_Tx
</UL>
<BR>[Called By]<UL><LI><a href="#[29]">&gt;&gt;</a>&nbsp;&nbsp;&nbsp;SysTick_Handler
</UL>

<P><STRONG><a name="[e4]"></a>USBD_CtlSendData</STRONG> (Thumb, 46 bytes, Stack size 24 bytes, usbd_ioreq.o(.text))
<BR><BR>[Stack]<UL><LI>Max Depth = 104<LI>Call Chain = USBD_CtlSendData &rArr; DCD_EP_Tx &rArr; USB_OTG_EPStartXfer &rArr; USB_OTG_WritePacket
</UL>
<BR>[Calls]<UL><LI><a href="#[bb]">&gt;&gt;</a>&nbsp;&nbsp;&nbsp;DCD_EP_Tx
</UL>
<BR>[Called By]<UL><LI><a href="#[f0]">&gt;&gt;</a>&nbsp;&nbsp;&nbsp;USBD_GetDescriptor
<LI><a href="#[ea]">&gt;&gt;</a>&nbsp;&nbsp;&nbsp;USBD_GetConfig
<LI><a href="#[e9]">&gt;&gt;</a>&nbsp;&nbsp;&nbsp;USBD_GetStatus
<LI><a href="#[1d]">&gt;&gt;</a>&nbsp;&nbsp;&nbsp;USBD_HID_Setup
<LI><a href="#[de]">&gt;&gt;</a>&nbsp;&nbsp;&nbsp;USBD_StdEPReq
</UL>

<P><STRONG><a name="[e1]"></a>USBD_CtlContinueSendData</STRONG> (Thumb, 30 bytes, Stack size 24 bytes, usbd_ioreq.o(.text))
<BR><BR>[Stack]<UL><LI>Max Depth = 104<LI>Call Chain = USBD_CtlContinueSendData &rArr; DCD_EP_Tx &rArr; USB_OTG_EPStartXfer &rArr; USB_OTG_WritePacket
</UL>
<BR>[Calls]<UL><LI><a href="#[bb]">&gt;&gt;</a>&nbsp;&nbsp;&nbsp;DCD_EP_Tx
</UL>
<BR>[Called By]<UL><LI><a href="#[11]">&gt;&gt;</a>&nbsp;&nbsp;&nbsp;USBD_DataInStage
</UL>

<P><STRONG><a name="[e6]"></a>USBD_CtlPrepareRx</STRONG> (Thumb, 46 bytes, Stack size 24 bytes, usbd_ioreq.o(.text), UNUSED)
<BR><BR>[Calls]<UL><LI><a href="#[b9]">&gt;&gt;</a>&nbsp;&nbsp;&nbsp;DCD_EP_PrepareRx
</UL>

<P><STRONG><a name="[df]"></a>USBD_CtlContinueRx</STRONG> (Thumb, 30 bytes, Stack size 24 bytes, usbd_ioreq.o(.text))
<BR><BR>[Stack]<UL><LI>Max Depth = 104<LI>Call Chain = USBD_CtlContinueRx &rArr; DCD_EP_PrepareRx &rArr; USB_OTG_EPStartXfer &rArr; USB_OTG_WritePacket
</UL>
<BR>[Calls]<UL><LI><a href="#[b9]">&gt;&gt;</a>&nbsp;&nbsp;&nbsp;DCD_EP_PrepareRx
</UL>
<BR>[Called By]<UL><LI><a href="#[10]">&gt;&gt;</a>&nbsp;&nbsp;&nbsp;USBD_DataOutStage
</UL>

<P><STRONG><a name="[e0]"></a>USBD_CtlSendStatus</STRONG> (Thumb, 36 bytes, Stack size 16 bytes, usbd_ioreq.o(.text))
<BR><BR>[Stack]<UL><LI>Max Depth = 96<LI>Call Chain = USBD_CtlSendStatus &rArr; DCD_EP_Tx &rArr; USB_OTG_EPStartXfer &rArr; USB_OTG_WritePacket
</UL>
<BR>[Calls]<UL><LI><a href="#[bb]">&gt;&gt;</a>&nbsp;&nbsp;&nbsp;DCD_EP_Tx
<LI><a href="#[c8]">&gt;&gt;</a>&nbsp;&nbsp;&nbsp;USB_OTG_EP0_OutStart
</UL>
<BR>[Called By]<UL><LI><a href="#[ee]">&gt;&gt;</a>&nbsp;&nbsp;&nbsp;USBD_SetAddress
<LI><a href="#[eb]">&gt;&gt;</a>&nbsp;&nbsp;&nbsp;USBD_SetConfig
<LI><a href="#[e8]">&gt;&gt;</a>&nbsp;&nbsp;&nbsp;USBD_SetFeature
<LI><a href="#[e7]">&gt;&gt;</a>&nbsp;&nbsp;&nbsp;USBD_ClrFeature
<LI><a href="#[dd]">&gt;&gt;</a>&nbsp;&nbsp;&nbsp;USBD_StdItfReq
<LI><a href="#[de]">&gt;&gt;</a>&nbsp;&nbsp;&nbsp;USBD_StdEPReq
<LI><a href="#[10]">&gt;&gt;</a>&nbsp;&nbsp;&nbsp;USBD_DataOutStage
</UL>

<P><STRONG><a name="[e2]"></a>USBD_CtlReceiveStatus</STRONG> (Thumb, 36 bytes, Stack size 16 bytes, usbd_ioreq.o(.text))
<BR><BR>[Stack]<UL><LI>Max Depth = 96<LI>Call Chain = USBD_CtlReceiveStatus &rArr; DCD_EP_PrepareRx &rArr; USB_OTG_EPStartXfer &rArr; USB_OTG_WritePacket
</UL>
<BR>[Calls]<UL><LI><a href="#[b9]">&gt;&gt;</a>&nbsp;&nbsp;&nbsp;DCD_EP_PrepareRx
<LI><a href="#[c8]">&gt;&gt;</a>&nbsp;&nbsp;&nbsp;USB_OTG_EP0_OutStart
</UL>
<BR>[Called By]<UL><LI><a href="#[11]">&gt;&gt;</a>&nbsp;&nbsp;&nbsp;USBD_DataInStage
</UL>

<P><STRONG><a name="[11f]"></a>USBD_GetRxCount</STRONG> (Thumb, 20 bytes, Stack size 0 bytes, usbd_ioreq.o(.text), UNUSED)

<P><STRONG><a name="[e5]"></a>USBD_CtlError</STRONG> (Thumb, 30 bytes, Stack size 16 bytes, usbd_req.o(.text))
<BR><BR>[Stack]<UL><LI>Max Depth = 48<LI>Call Chain = USBD_CtlError &rArr; DCD_EP_Stall &rArr; USB_OTG_EPSetStall
</UL>
<BR>[Calls]<UL><LI><a href="#[bc]">&gt;&gt;</a>&nbsp;&nbsp;&nbsp;DCD_EP_Stall
<LI><a href="#[c8]">&gt;&gt;</a>&nbsp;&nbsp;&nbsp;USB_OTG_EP0_OutStart
</UL>
<BR>[Called By]<UL><LI><a href="#[f0]">&gt;&gt;</a>&nbsp;&nbsp;&nbsp;USBD_GetDescriptor
<LI><a href="#[ee]">&gt;&gt;</a>&nbsp;&nbsp;&nbsp;USBD_SetAddress
<LI><a href="#[eb]">&gt;&gt;</a>&nbsp;&nbsp;&nbsp;USBD_SetConfig
<LI><a href="#[ea]">&gt;&gt;</a>&nbsp;&nbsp;&nbsp;USBD_GetConfig
<LI><a href="#[e9]">&gt;&gt;</a>&nbsp;&nbsp;&nbsp;USBD_GetStatus
<LI><a href="#[e7]">&gt;&gt;</a>&nbsp;&nbsp;&nbsp;USBD_ClrFeature
<LI><a href="#[1d]">&gt;&gt;</a>&nbsp;&nbsp;&nbsp;USBD_HID_Setup
<LI><a href="#[dd]">&gt;&gt;</a>&nbsp;&nbsp;&nbsp;USBD_StdItfReq
<LI><a href="#[de]">&gt;&gt;</a>&nbsp;&nbsp;&nbsp;USBD_StdEPReq
<LI><a href="#[dc]">&gt;&gt;</a>&nbsp;&nbsp;&nbsp;USBD_StdDevReq
</UL>

<P><STRONG><a name="[dc]"></a>USBD_StdDevReq</STRONG> (Thumb, 114 bytes, Stack size 16 bytes, usbd_req.o(.text))
<BR><BR>[Stack]<UL><LI>Max Depth = 144<LI>Call Chain = USBD_StdDevReq &rArr; USBD_GetDescriptor &rArr; USBD_CtlSendData &rArr; DCD_EP_Tx &rArr; USB_OTG_EPStartXfer &rArr; USB_OTG_WritePacket
</UL>
<BR>[Calls]<UL><LI><a href="#[f0]">&gt;&gt;</a>&nbsp;&nbsp;&nbsp;USBD_GetDescriptor
<LI><a href="#[ee]">&gt;&gt;</a>&nbsp;&nbsp;&nbsp;USBD_SetAddress
<LI><a href="#[eb]">&gt;&gt;</a>&nbsp;&nbsp;&nbsp;USBD_SetConfig
<LI><a href="#[ea]">&gt;&gt;</a>&nbsp;&nbsp;&nbsp;USBD_GetConfig
<LI><a href="#[e9]">&gt;&gt;</a>&nbsp;&nbsp;&nbsp;USBD_GetStatus
<LI><a href="#[e8]">&gt;&gt;</a>&nbsp;&nbsp;&nbsp;USBD_SetFeature
<LI><a href="#[e7]">&gt;&gt;</a>&nbsp;&nbsp;&nbsp;USBD_ClrFeature
<LI><a href="#[e5]">&gt;&gt;</a>&nbsp;&nbsp;&nbsp;USBD_CtlError
</UL>
<BR>[Called By]<UL><LI><a href="#[12]">&gt;&gt;</a>&nbsp;&nbsp;&nbsp;USBD_SetupStage
</UL>

<P><STRONG><a name="[dd]"></a>USBD_StdItfReq</STRONG> (Thumb, 96 bytes, Stack size 16 bytes, usbd_req.o(.text))
<BR><BR>[Stack]<UL><LI>Max Depth = 112<LI>Call Chain = USBD_StdItfReq &rArr; USBD_CtlSendStatus &rArr; DCD_EP_Tx &rArr; USB_OTG_EPStartXfer &rArr; USB_OTG_WritePacket
</UL>
<BR>[Calls]<UL><LI><a href="#[e5]">&gt;&gt;</a>&nbsp;&nbsp;&nbsp;USBD_CtlError
<LI><a href="#[e0]">&gt;&gt;</a>&nbsp;&nbsp;&nbsp;USBD_CtlSendStatus
</UL>
<BR>[Called By]<UL><LI><a href="#[12]">&gt;&gt;</a>&nbsp;&nbsp;&nbsp;USBD_SetupStage
</UL>

<P><STRONG><a name="[de]"></a>USBD_StdEPReq</STRONG> (Thumb, 344 bytes, Stack size 24 bytes, usbd_req.o(.text))
<BR><BR>[Stack]<UL><LI>Max Depth = 128<LI>Call Chain = USBD_StdEPReq &rArr; USBD_CtlSendData &rArr; DCD_EP_Tx &rArr; USB_OTG_EPStartXfer &rArr; USB_OTG_WritePacket
</UL>
<BR>[Calls]<UL><LI><a href="#[e4]">&gt;&gt;</a>&nbsp;&nbsp;&nbsp;USBD_CtlSendData
<LI><a href="#[e5]">&gt;&gt;</a>&nbsp;&nbsp;&nbsp;USBD_CtlError
<LI><a href="#[e0]">&gt;&gt;</a>&nbsp;&nbsp;&nbsp;USBD_CtlSendStatus
<LI><a href="#[bd]">&gt;&gt;</a>&nbsp;&nbsp;&nbsp;DCD_EP_ClrStall
<LI><a href="#[bc]">&gt;&gt;</a>&nbsp;&nbsp;&nbsp;DCD_EP_Stall
</UL>
<BR>[Called By]<UL><LI><a href="#[12]">&gt;&gt;</a>&nbsp;&nbsp;&nbsp;USBD_SetupStage
</UL>

<P><STRONG><a name="[db]"></a>USBD_ParseSetupRequest</STRONG> (Thumb, 72 bytes, Stack size 0 bytes, usbd_req.o(.text))
<BR><BR>[Called By]<UL><LI><a href="#[12]">&gt;&gt;</a>&nbsp;&nbsp;&nbsp;USBD_SetupStage
</UL>

<P><STRONG><a name="[9d]"></a>USBD_GetString</STRONG> (Thumb, 82 bytes, Stack size 24 bytes, usbd_req.o(.text))
<BR><BR>[Stack]<UL><LI>Max Depth = 24<LI>Call Chain = USBD_GetString
</UL>
<BR>[Calls]<UL><LI><a href="#[f1]">&gt;&gt;</a>&nbsp;&nbsp;&nbsp;USBD_GetLen
</UL>
<BR>[Called By]<UL><LI><a href="#[8]">&gt;&gt;</a>&nbsp;&nbsp;&nbsp;USBD_USR_InterfaceStrDescriptor
<LI><a href="#[7]">&gt;&gt;</a>&nbsp;&nbsp;&nbsp;USBD_USR_ConfigStrDescriptor
<LI><a href="#[6]">&gt;&gt;</a>&nbsp;&nbsp;&nbsp;USBD_USR_SerialStrDescriptor
<LI><a href="#[4]">&gt;&gt;</a>&nbsp;&nbsp;&nbsp;USBD_USR_ManufacturerStrDescriptor
<LI><a href="#[5]">&gt;&gt;</a>&nbsp;&nbsp;&nbsp;USBD_USR_ProductStrDescriptor
</UL>

<P><STRONG><a name="[99]"></a>NVIC_PriorityGroupConfig</STRONG> (Thumb, 10 bytes, Stack size 0 bytes, misc.o(.text))
<BR><BR>[Called By]<UL><LI><a href="#[98]">&gt;&gt;</a>&nbsp;&nbsp;&nbsp;USB_OTG_BSP_EnableInterrupt
</UL>

<P><STRONG><a name="[9a]"></a>NVIC_Init</STRONG> (Thumb, 106 bytes, Stack size 16 bytes, misc.o(.text))
<BR><BR>[Stack]<UL><LI>Max Depth = 16<LI>Call Chain = NVIC_Init
</UL>
<BR>[Called By]<UL><LI><a href="#[98]">&gt;&gt;</a>&nbsp;&nbsp;&nbsp;USB_OTG_BSP_EnableInterrupt
</UL>

<P><STRONG><a name="[120]"></a>NVIC_SetVectorTable</STRONG> (Thumb, 14 bytes, Stack size 0 bytes, misc.o(.text), UNUSED)

<P><STRONG><a name="[121]"></a>NVIC_SystemLPConfig</STRONG> (Thumb, 34 bytes, Stack size 0 bytes, misc.o(.text), UNUSED)

<P><STRONG><a name="[122]"></a>SysTick_CLKSourceConfig</STRONG> (Thumb, 40 bytes, Stack size 0 bytes, misc.o(.text), UNUSED)

<P><STRONG><a name="[123]"></a>RCC_DeInit</STRONG> (Thumb, 60 bytes, Stack size 0 bytes, stm32f4xx_rcc.o(.text), UNUSED)

<P><STRONG><a name="[124]"></a>RCC_HSEConfig</STRONG> (Thumb, 14 bytes, Stack size 0 bytes, stm32f4xx_rcc.o(.text), UNUSED)

<P><STRONG><a name="[f3]"></a>RCC_GetFlagStatus</STRONG> (Thumb, 60 bytes, Stack size 8 bytes, stm32f4xx_rcc.o(.text), UNUSED)
<BR><BR>[Called By]<UL><LI><a href="#[f2]">&gt;&gt;</a>&nbsp;&nbsp;&nbsp;RCC_WaitForHSEStartUp
</UL>

<P><STRONG><a name="[f2]"></a>RCC_WaitForHSEStartUp</STRONG> (Thumb, 56 bytes, Stack size 16 bytes, stm32f4xx_rcc.o(.text), UNUSED)
<BR><BR>[Calls]<UL><LI><a href="#[f3]">&gt;&gt;</a>&nbsp;&nbsp;&nbsp;RCC_GetFlagStatus
</UL>

<P><STRONG><a name="[125]"></a>RCC_AdjustHSICalibrationValue</STRONG> (Thumb, 20 bytes, Stack size 0 bytes, stm32f4xx_rcc.o(.text), UNUSED)

<P><STRONG><a name="[126]"></a>RCC_HSICmd</STRONG> (Thumb, 6 bytes, Stack size 0 bytes, stm32f4xx_rcc.o(.text), UNUSED)

[...]

<P><STRONG><a name="[97]"></a>GPIO_PinAFConfig</STRONG> (Thumb, 70 bytes, Stack size 20 bytes, stm32f4xx_gpio.o(.text))
<BR><BR>[Stack]<UL><LI>Max Depth = 20<LI>Call Chain = GPIO_PinAFConfig
</UL>
<BR>[Called By]<UL><LI><a href="#[94]">&gt;&gt;</a>&nbsp;&nbsp;&nbsp;USB_OTG_BSP_Init
</UL>

<P><STRONG><a name="[156]"></a>__use_two_region_memory</STRONG> (Thumb, 2 bytes, Stack size 0 bytes, heapauxi.o(.text), UNUSED)

<P><STRONG><a name="[157]"></a>__rt_heap_escrow$2region</STRONG> (Thumb, 2 bytes, Stack size 0 bytes, heapauxi.o(.text), UNUSED)

<P><STRONG><a name="[158]"></a>__rt_heap_expand$2region</STRONG> (Thumb, 2 bytes, Stack size 0 bytes, heapauxi.o(.text), UNUSED)

<P><STRONG><a name="[85]"></a>__user_setup_stackheap</STRONG> (Thumb, 74 bytes, Stack size 8 bytes, sys_stackheap_outer.o(.text))
<BR><BR>[Stack]<UL><LI>Max Depth = 8 + Unknown Stack Size
<LI>Call Chain = __user_setup_stackheap
</UL>
<BR>[Calls]<UL><LI><a href="#[f7]">&gt;&gt;</a>&nbsp;&nbsp;&nbsp;__user_initial_stackheap
<LI><a href="#[f6]">&gt;&gt;</a>&nbsp;&nbsp;&nbsp;__user_perproc_libspace
</UL>
<BR>[Called By]<UL><LI><a href="#[84]">&gt;&gt;</a>&nbsp;&nbsp;&nbsp;__rt_entry_sh
</UL>

<P><STRONG><a name="[8a]"></a>exit</STRONG> (Thumb, 12 bytes, Stack size 0 bytes, exit.o(.text))
<BR><BR>[Calls]<UL><LI><a href="#[f8]">&gt;&gt;</a>&nbsp;&nbsp;&nbsp;__rt_exit
</UL>
<BR>[Called By]<UL><LI><a href="#[88]">&gt;&gt;</a>&nbsp;&nbsp;&nbsp;__rt_entry_main
</UL>

<P><STRONG><a name="[159]"></a>__user_libspace</STRONG> (Thumb, 8 bytes, Stack size 0 bytes, libspace.o(.text), UNUSED)

<P><STRONG><a name="[f6]"></a>__user_perproc_libspace</STRONG> (Thumb, 0 bytes, Stack size 0 bytes, libspace.o(.text))
<BR><BR>[Called By]<UL><LI><a href="#[85]">&gt;&gt;</a>&nbsp;&nbsp;&nbsp;__user_setup_stackheap
</UL>

<P><STRONG><a name="[15a]"></a>__user_perthread_libspace</STRONG> (Thumb, 0 bytes, Stack size 0 bytes, libspace.o(.text), UNUSED)

<P><STRONG><a name="[8e]"></a>_sys_exit</STRONG> (Thumb, 8 bytes, Stack size 0 bytes, sys_exit.o(.text))
<BR><BR>[Called By]<UL><LI><a href="#[8d]">&gt;&gt;</a>&nbsp;&nbsp;&nbsp;__rt_exit_exit
</UL>

<P><STRONG><a name="[15b]"></a>__I$use$semihosting</STRONG> (Thumb, 0 bytes, Stack size 0 bytes, use_no_semi.o(.text), UNUSED)

<P><STRONG><a name="[15c]"></a>__use_no_semihosting_swi</STRONG> (Thumb, 2 bytes, Stack size 0 bytes, use_no_semi.o(.text), UNUSED)

<P><STRONG><a name="[15d]"></a>__semihosting_library_function</STRONG> (Thumb, 0 bytes, Stack size 0 bytes, indicate_semi.o(.text), UNUSED)

<P><STRONG><a name="[83]"></a>_fp_init</STRONG> (Thumb, 10 bytes, Stack size 0 bytes, fpinit.o(x$fpl$fpinit))
<BR><BR>[Called By]<UL><LI><a href="#[82]">&gt;&gt;</a>&nbsp;&nbsp;&nbsp;__rt_lib_init_fp_1
</UL>

<P><STRONG><a name="[15e]"></a>__fplib_config_fpu_vfp</STRONG> (Thumb, 0 bytes, Stack size unknown bytes, fpinit.o(x$fpl$fpinit), UNUSED)

<P><STRONG><a name="[15f]"></a>__fplib_config_pureend_doubles</STRONG> (Thumb, 0 bytes, Stack size unknown bytes, fpinit.o(x$fpl$fpinit), UNUSED)
<P>
<H3>
Local Symbols
</H3>
<P><STRONG><a name="[8f]"></a>SetSysClock</STRONG> (Thumb, 220 bytes, Stack size 12 bytes, system_stm32f4xx.o(.text))
<BR><BR>[Stack]<UL><LI>Max Depth = 12<LI>Call Chain = SetSysClock
</UL>
<BR>[Called By]<UL><LI><a href="#[7c]">&gt;&gt;</a>&nbsp;&nbsp;&nbsp;SystemInit
</UL>

<P><STRONG><a name="[91]"></a>USBD_HID_GetPos</STRONG> (Thumb, 24 bytes, Stack size 0 bytes, stm32fxxx_it.o(.text))
<BR><BR>[Called By]<UL><LI><a href="#[29]">&gt;&gt;</a>&nbsp;&nbsp;&nbsp;SysTick_Handler
</UL>

<P><STRONG><a name="[a7]"></a>USB_OTG_EnableCommonInt</STRONG> (Thumb, 52 bytes, Stack size 8 bytes, usb_core.o(.text))
<BR><BR>[Stack]<UL><LI>Max Depth = 8<LI>Call Chain = USB_OTG_EnableCommonInt
</UL>
<BR>[Called By]<UL><LI><a href="#[a6]">&gt;&gt;</a>&nbsp;&nbsp;&nbsp;USB_OTG_EnableDevInt
</UL>

<P><STRONG><a name="[9e]"></a>USB_OTG_CoreReset</STRONG> (Thumb, 108 bytes, Stack size 24 bytes, usb_core.o(.text))
<BR><BR>[Stack]<UL><LI>Max Depth = 32<LI>Call Chain = USB_OTG_CoreReset &rArr; USB_OTG_BSP_uDelay
</UL>
<BR>[Calls]<UL><LI><a href="#[9c]">&gt;&gt;</a>&nbsp;&nbsp;&nbsp;USB_OTG_BSP_uDelay
</UL>
<BR>[Called By]<UL><LI><a href="#[9f]">&gt;&gt;</a>&nbsp;&nbsp;&nbsp;USB_OTG_CoreInit
</UL>

<P><STRONG><a name="[d9]"></a>DCD_OTG_ISR</STRONG> (Thumb, 38 bytes, Stack size 16 bytes, usb_dcd_int.o(.text))
<BR><BR>[Stack]<UL><LI>Max Depth = 16<LI>Call Chain = DCD_OTG_ISR
</UL>
<BR>[Called By]<UL><LI><a href="#[93]">&gt;&gt;</a>&nbsp;&nbsp;&nbsp;USBD_OTG_ISR_Handler
</UL>

<P><STRONG><a name="[d8]"></a>DCD_SessionRequest_ISR</STRONG> (Thumb, 40 bytes, Stack size 16 bytes, usb_dcd_int.o(.text))
<BR><BR>[Stack]<UL><LI>Max Depth = 16<LI>Call Chain = DCD_SessionRequest_ISR
</UL>
<BR>[Called By]<UL><LI><a href="#[93]">&gt;&gt;</a>&nbsp;&nbsp;&nbsp;USBD_OTG_ISR_Handler
</UL>

<P><STRONG><a name="[d7]"></a>DCD_IsoOUTIncomplete_ISR</STRONG> (Thumb, 40 bytes, Stack size 16 bytes, usb_dcd_int.o(.text))
<BR><BR>[Stack]<UL><LI>Max Depth = 16<LI>Call Chain = DCD_IsoOUTIncomplete_ISR
</UL>
<BR>[Called By]<UL><LI><a href="#[93]">&gt;&gt;</a>&nbsp;&nbsp;&nbsp;USBD_OTG_ISR_Handler
</UL>

<P><STRONG><a name="[d6]"></a>DCD_IsoINIncomplete_ISR</STRONG> (Thumb, 40 bytes, Stack size 16 bytes, usb_dcd_int.o(.text))
<BR><BR>[Stack]<UL><LI>Max Depth = 16<LI>Call Chain = DCD_IsoINIncomplete_ISR
</UL>
<BR>[Called By]<UL><LI><a href="#[93]">&gt;&gt;</a>&nbsp;&nbsp;&nbsp;USBD_OTG_ISR_Handler
</UL>

<P><STRONG><a name="[c4]"></a>DCD_HandleEnumDone_ISR</STRONG> (Thumb, 102 bytes, Stack size 16 bytes, usb_dcd_int.o(.text))
<BR><BR>[Stack]<UL><LI>Max Depth = 32<LI>Call Chain = DCD_HandleEnumDone_ISR &rArr; USB_OTG_EP0Activate
</UL>
<BR>[Calls]<UL><LI><a href="#[c5]">&gt;&gt;</a>&nbsp;&nbsp;&nbsp;USB_OTG_EP0Activate
<LI><a href="#[c6]">&gt;&gt;</a>&nbsp;&nbsp;&nbsp;USB_OTG_GetDeviceSpeed
</UL>
<BR>[Called By]<UL><LI><a href="#[93]">&gt;&gt;</a>&nbsp;&nbsp;&nbsp;USBD_OTG_ISR_Handler
</UL>

<P><STRONG><a name="[c7]"></a>DCD_HandleUsbReset_ISR</STRONG> (Thumb, 254 bytes, Stack size 40 bytes, usb_dcd_int.o(.text))
<BR><BR>[Stack]<UL><LI>Max Depth = 72<LI>Call Chain = DCD_HandleUsbReset_ISR &rArr; USB_OTG_FlushTxFifo &rArr; USB_OTG_BSP_uDelay
</UL>
<BR>[Calls]<UL><LI><a href="#[c8]">&gt;&gt;</a>&nbsp;&nbsp;&nbsp;USB_OTG_EP0_OutStart
<LI><a href="#[a0]">&gt;&gt;</a>&nbsp;&nbsp;&nbsp;USB_OTG_FlushTxFifo
</UL>
<BR>[Called By]<UL><LI><a href="#[93]">&gt;&gt;</a>&nbsp;&nbsp;&nbsp;USBD_OTG_ISR_Handler
</UL>

<P><STRONG><a name="[c9]"></a>DCD_HandleRxStatusQueueLevel_ISR</STRONG> (Thumb, 176 bytes, Stack size 24 bytes, usb_dcd_int.o(.text))
<BR><BR>[Stack]<UL><LI>Max Depth = 44<LI>Call Chain = DCD_HandleRxStatusQueueLevel_ISR &rArr; USB_OTG_ReadPacket
</UL>
<BR>[Calls]<UL><LI><a href="#[ca]">&gt;&gt;</a>&nbsp;&nbsp;&nbsp;USB_OTG_ReadPacket
</UL>
<BR>[Called By]<UL><LI><a href="#[93]">&gt;&gt;</a>&nbsp;&nbsp;&nbsp;USBD_OTG_ISR_Handler
</UL>

<P><STRONG><a name="[d5]"></a>DCD_HandleSof_ISR</STRONG> (Thumb, 38 bytes, Stack size 16 bytes, usb_dcd_int.o(.text))
<BR><BR>[Stack]<UL><LI>Max Depth = 16<LI>Call Chain = DCD_HandleSof_ISR
</UL>
<BR>[Called By]<UL><LI><a href="#[93]">&gt;&gt;</a>&nbsp;&nbsp;&nbsp;USBD_OTG_ISR_Handler
</UL>

<P><STRONG><a name="[d4]"></a>DCD_HandleUSBSuspend_ISR</STRONG> (Thumb, 158 bytes, Stack size 24 bytes, usb_dcd_int.o(.text))
<BR><BR>[Stack]<UL><LI>Max Depth = 24<LI>Call Chain = DCD_HandleUSBSuspend_ISR
</UL>
<BR>[Called By]<UL><LI><a href="#[93]">&gt;&gt;</a>&nbsp;&nbsp;&nbsp;USBD_OTG_ISR_Handler
</UL>

<P><STRONG><a name="[d3]"></a>DCD_HandleResume_ISR</STRONG> (Thumb, 100 bytes, Stack size 24 bytes, usb_dcd_int.o(.text))
<BR><BR>[Stack]<UL><LI>Max Depth = 24<LI>Call Chain = DCD_HandleResume_ISR
</UL>
<BR>[Called By]<UL><LI><a href="#[93]">&gt;&gt;</a>&nbsp;&nbsp;&nbsp;USBD_OTG_ISR_Handler
</UL>

<P><STRONG><a name="[cb]"></a>DCD_WriteEmptyTxFifo</STRONG> (Thumb, 156 bytes, Stack size 32 bytes, usb_dcd_int.o(.text))
<BR><BR>[Stack]<UL><LI>Max Depth = 56<LI>Call Chain = DCD_WriteEmptyTxFifo &rArr; USB_OTG_WritePacket
</UL>
<BR>[Calls]<UL><LI><a href="#[ab]">&gt;&gt;</a>&nbsp;&nbsp;&nbsp;USB_OTG_WritePacket
</UL>
<BR>[Called By]<UL><LI><a href="#[cc]">&gt;&gt;</a>&nbsp;&nbsp;&nbsp;DCD_HandleInEP_ISR
</UL>

<P><STRONG><a name="[ce]"></a>DCD_ReadDevInEP</STRONG> (Thumb, 40 bytes, Stack size 12 bytes, usb_dcd_int.o(.text))
<BR><BR>[Stack]<UL><LI>Max Depth = 12<LI>Call Chain = DCD_ReadDevInEP
</UL>
<BR>[Called By]<UL><LI><a href="#[cc]">&gt;&gt;</a>&nbsp;&nbsp;&nbsp;DCD_HandleInEP_ISR
</UL>

<P><STRONG><a name="[cc]"></a>DCD_HandleInEP_ISR</STRONG> (Thumb, 320 bytes, Stack size 24 bytes, usb_dcd_int.o(.text))
<BR><BR>[Stack]<UL><LI>Max Depth = 80<LI>Call Chain = DCD_HandleInEP_ISR &rArr; DCD_WriteEmptyTxFifo &rArr; USB_OTG_WritePacket
</UL>
<BR>[Calls]<UL><LI><a href="#[ce]">&gt;&gt;</a>&nbsp;&nbsp;&nbsp;DCD_ReadDevInEP
<LI><a href="#[cb]">&gt;&gt;</a>&nbsp;&nbsp;&nbsp;DCD_WriteEmptyTxFifo
<LI><a href="#[c8]">&gt;&gt;</a>&nbsp;&nbsp;&nbsp;USB_OTG_EP0_OutStart
<LI><a href="#[cd]">&gt;&gt;</a>&nbsp;&nbsp;&nbsp;USB_OTG_ReadDevAllInEPItr
</UL>
<BR>[Called By]<UL><LI><a href="#[93]">&gt;&gt;</a>&nbsp;&nbsp;&nbsp;USBD_OTG_ISR_Handler
</UL>

<P><STRONG><a name="[cf]"></a>DCD_HandleOutEP_ISR</STRONG> (Thumb, 252 bytes, Stack size 24 bytes, usb_dcd_int.o(.text))
<BR><BR>[Stack]<UL><LI>Max Depth = 40<LI>Call Chain = DCD_HandleOutEP_ISR &rArr; USB_OTG_EP0_OutStart
</UL>
<BR>[Calls]<UL><LI><a href="#[c8]">&gt;&gt;</a>&nbsp;&nbsp;&nbsp;USB_OTG_EP0_OutStart
<LI><a href="#[d1]">&gt;&gt;</a>&nbsp;&nbsp;&nbsp;USB_OTG_ReadDevOutEP_itr
<LI><a href="#[d0]">&gt;&gt;</a>&nbsp;&nbsp;&nbsp;USB_OTG_ReadDevAllOutEp_itr
</UL>
<BR>[Called By]<UL><LI><a href="#[93]">&gt;&gt;</a>&nbsp;&nbsp;&nbsp;USBD_OTG_ISR_Handler
</UL>

<P><STRONG><a name="[12]"></a>USBD_SetupStage</STRONG> (Thumb, 84 bytes, Stack size 16 bytes, usbd_core.o(.text))
<BR><BR>[Stack]<UL><LI>Max Depth = 160<LI>Call Chain = USBD_SetupStage &rArr; USBD_StdDevReq &rArr; USBD_GetDescriptor &rArr; USBD_CtlSendData &rArr; DCD_EP_Tx &rArr; USB_OTG_EPStartXfer &rArr; USB_OTG_WritePacket
</UL>
<BR>[Calls]<UL><LI><a href="#[dd]">&gt;&gt;</a>&nbsp;&nbsp;&nbsp;USBD_StdItfReq
<LI><a href="#[de]">&gt;&gt;</a>&nbsp;&nbsp;&nbsp;USBD_StdEPReq
<LI><a href="#[dc]">&gt;&gt;</a>&nbsp;&nbsp;&nbsp;USBD_StdDevReq
<LI><a href="#[db]">&gt;&gt;</a>&nbsp;&nbsp;&nbsp;USBD_ParseSetupRequest
<LI><a href="#[bc]">&gt;&gt;</a>&nbsp;&nbsp;&nbsp;DCD_EP_Stall
</UL>
<BR>[Address Reference Count : 1]<UL><LI> usbd_core.o(.data)
</UL>
<P><STRONG><a name="[10]"></a>USBD_DataOutStage</STRONG> (Thumb, 150 bytes, Stack size 16 bytes, usbd_core.o(.text))
<BR><BR>[Stack]<UL><LI>Max Depth = 120<LI>Call Chain = USBD_DataOutStage &rArr; USBD_CtlContinueRx &rArr; DCD_EP_PrepareRx &rArr; USB_OTG_EPStartXfer &rArr; USB_OTG_WritePacket
</UL>
<BR>[Calls]<UL><LI><a href="#[e0]">&gt;&gt;</a>&nbsp;&nbsp;&nbsp;USBD_CtlSendStatus
<LI><a href="#[df]">&gt;&gt;</a>&nbsp;&nbsp;&nbsp;USBD_CtlContinueRx
</UL>
<BR>[Address Reference Count : 1]<UL><LI> usbd_core.o(.data)
</UL>
<P><STRONG><a name="[e3]"></a>USBD_RunTestMode</STRONG> (Thumb, 14 bytes, Stack size 0 bytes, usbd_core.o(.text))
<BR><BR>[Called By]<UL><LI><a href="#[11]">&gt;&gt;</a>&nbsp;&nbsp;&nbsp;USBD_DataInStage
</UL>

<P><STRONG><a name="[11]"></a>USBD_DataInStage</STRONG> (Thumb, 208 bytes, Stack size 16 bytes, usbd_core.o(.text))
<BR><BR>[Stack]<UL><LI>Max Depth = 120<LI>Call Chain = USBD_DataInStage &rArr; USBD_CtlContinueSendData &rArr; DCD_EP_Tx &rArr; USB_OTG_EPStartXfer &rArr; USB_OTG_WritePacket
</UL>
<BR>[Calls]<UL><LI><a href="#[e2]">&gt;&gt;</a>&nbsp;&nbsp;&nbsp;USBD_CtlReceiveStatus
<LI><a href="#[e1]">&gt;&gt;</a>&nbsp;&nbsp;&nbsp;USBD_CtlContinueSendData
<LI><a href="#[e3]">&gt;&gt;</a>&nbsp;&nbsp;&nbsp;USBD_RunTestMode
</UL>
<BR>[Address Reference Count : 1]<UL><LI> usbd_core.o(.data)
</UL>
<P><STRONG><a name="[14]"></a>USBD_Reset</STRONG> (Thumb, 50 bytes, Stack size 8 bytes, usbd_core.o(.text))
<BR><BR>[Stack]<UL><LI>Max Depth = 52<LI>Call Chain = USBD_Reset &rArr; DCD_EP_Open &rArr; USB_OTG_EPActivate
</UL>
<BR>[Calls]<UL><LI><a href="#[b5]">&gt;&gt;</a>&nbsp;&nbsp;&nbsp;DCD_EP_Open
</UL>
<BR>[Address Reference Count : 1]<UL><LI> usbd_core.o(.data)
</UL>
<P><STRONG><a name="[16]"></a>USBD_Resume</STRONG> (Thumb, 30 bytes, Stack size 8 bytes, usbd_core.o(.text))
<BR><BR>[Stack]<UL><LI>Max Depth = 8<LI>Call Chain = USBD_Resume
</UL>
<BR>[Address Reference Count : 1]<UL><LI> usbd_core.o(.data)
</UL>
<P><STRONG><a name="[15]"></a>USBD_Suspend</STRONG> (Thumb, 32 bytes, Stack size 8 bytes, usbd_core.o(.text))
<BR><BR>[Stack]<UL><LI>Max Depth = 8<LI>Call Chain = USBD_Suspend
</UL>
<BR>[Address Reference Count : 1]<UL><LI> usbd_core.o(.data)
</UL>
<P><STRONG><a name="[13]"></a>USBD_SOF</STRONG> (Thumb, 26 bytes, Stack size 8 bytes, usbd_core.o(.text))
<BR><BR>[Stack]<UL><LI>Max Depth = 8<LI>Call Chain = USBD_SOF
</UL>
<BR>[Address Reference Count : 1]<UL><LI> usbd_core.o(.data)
</UL>
<P><STRONG><a name="[17]"></a>USBD_IsoINIncomplete</STRONG> (Thumb, 18 bytes, Stack size 8 bytes, usbd_core.o(.text))
<BR><BR>[Stack]<UL><LI>Max Depth = 8<LI>Call Chain = USBD_IsoINIncomplete
</UL>
<BR>[Address Reference Count : 1]<UL><LI> usbd_core.o(.data)
</UL>
<P><STRONG><a name="[18]"></a>USBD_IsoOUTIncomplete</STRONG> (Thumb, 18 bytes, Stack size 8 bytes, usbd_core.o(.text))
<BR><BR>[Stack]<UL><LI>Max Depth = 8<LI>Call Chain = USBD_IsoOUTIncomplete
</UL>
<BR>[Address Reference Count : 1]<UL><LI> usbd_core.o(.data)
</UL>
<P><STRONG><a name="[19]"></a>USBD_DevConnected</STRONG> (Thumb, 24 bytes, Stack size 8 bytes, usbd_core.o(.text))
<BR><BR>[Stack]<UL><LI>Max Depth = 8<LI>Call Chain = USBD_DevConnected
</UL>
<BR>[Address Reference Count : 1]<UL><LI> usbd_core.o(.data)
</UL>
<P><STRONG><a name="[1a]"></a>USBD_DevDisconnected</STRONG> (Thumb, 36 bytes, Stack size 8 bytes, usbd_core.o(.text))
<BR><BR>[Stack]<UL><LI>Max Depth = 8<LI>Call Chain = USBD_DevDisconnected
</UL>
<BR>[Address Reference Count : 1]<UL><LI> usbd_core.o(.data)
</UL>
<P><STRONG><a name="[1b]"></a>USBD_HID_Init</STRONG> (Thumb, 34 bytes, Stack size 16 bytes, usbd_hid_core.o(.text))
<BR><BR>[Stack]<UL><LI>Max Depth = 60<LI>Call Chain = USBD_HID_Init &rArr; DCD_EP_Open &rArr; USB_OTG_EPActivate
</UL>
<BR>[Calls]<UL><LI><a href="#[b5]">&gt;&gt;</a>&nbsp;&nbsp;&nbsp;DCD_EP_Open
</UL>
<BR>[Address Reference Count : 1]<UL><LI> usbd_hid_core.o(.data)
</UL>
<P><STRONG><a name="[1c]"></a>USBD_HID_DeInit</STRONG> (Thumb, 26 bytes, Stack size 16 bytes, usbd_hid_core.o(.text))
<BR><BR>[Stack]<UL><LI>Max Depth = 52<LI>Call Chain = USBD_HID_DeInit &rArr; DCD_EP_Close &rArr; USB_OTG_EPDeactivate
</UL>
<BR>[Calls]<UL><LI><a href="#[b7]">&gt;&gt;</a>&nbsp;&nbsp;&nbsp;DCD_EP_Close
</UL>
<BR>[Address Reference Count : 1]<UL><LI> usbd_hid_core.o(.data)
</UL>
<P><STRONG><a name="[1d]"></a>USBD_HID_Setup</STRONG> (Thumb, 214 bytes, Stack size 24 bytes, usbd_hid_core.o(.text))
<BR><BR>[Stack]<UL><LI>Max Depth = 128<LI>Call Chain = USBD_HID_Setup &rArr; USBD_CtlSendData &rArr; DCD_EP_Tx &rArr; USB_OTG_EPStartXfer &rArr; USB_OTG_WritePacket
</UL>
<BR>[Calls]<UL><LI><a href="#[e4]">&gt;&gt;</a>&nbsp;&nbsp;&nbsp;USBD_CtlSendData
<LI><a href="#[e5]">&gt;&gt;</a>&nbsp;&nbsp;&nbsp;USBD_CtlError
</UL>
<BR>[Address Reference Count : 1]<UL><LI> usbd_hid_core.o(.data)
</UL>
<P><STRONG><a name="[1f]"></a>USBD_HID_GetCfgDesc</STRONG> (Thumb, 10 bytes, Stack size 0 bytes, usbd_hid_core.o(.text))
<BR>[Address Reference Count : 1]<UL><LI> usbd_hid_core.o(.data)
</UL>
<P><STRONG><a name="[1e]"></a>USBD_HID_DataIn</STRONG> (Thumb, 18 bytes, Stack size 16 bytes, usbd_hid_core.o(.text))
<BR><BR>[Stack]<UL><LI>Max Depth = 64<LI>Call Chain = USBD_HID_DataIn &rArr; DCD_EP_Flush &rArr; USB_OTG_FlushRxFifo &rArr; USB_OTG_BSP_uDelay
</UL>
<BR>[Calls]<UL><LI><a href="#[be]">&gt;&gt;</a>&nbsp;&nbsp;&nbsp;DCD_EP_Flush
</UL>
<BR>[Address Reference Count : 1]<UL><LI> usbd_hid_core.o(.data)
</UL>
<P><STRONG><a name="[e7]"></a>USBD_ClrFeature</STRONG> (Thumb, 72 bytes, Stack size 16 bytes, usbd_req.o(.text))
<BR><BR>[Stack]<UL><LI>Max Depth = 112<LI>Call Chain = USBD_ClrFeature &rArr; USBD_CtlSendStatus &rArr; DCD_EP_Tx &rArr; USB_OTG_EPStartXfer &rArr; USB_OTG_WritePacket
</UL>
<BR>[Calls]<UL><LI><a href="#[e5]">&gt;&gt;</a>&nbsp;&nbsp;&nbsp;USBD_CtlError
<LI><a href="#[e0]">&gt;&gt;</a>&nbsp;&nbsp;&nbsp;USBD_CtlSendStatus
</UL>
<BR>[Called By]<UL><LI><a href="#[dc]">&gt;&gt;</a>&nbsp;&nbsp;&nbsp;USBD_StdDevReq
</UL>

<P><STRONG><a name="[e8]"></a>USBD_SetFeature</STRONG> (Thumb, 160 bytes, Stack size 24 bytes, usbd_req.o(.text))
<BR><BR>[Stack]<UL><LI>Max Depth = 120<LI>Call Chain = USBD_SetFeature &rArr; USBD_CtlSendStatus &rArr; DCD_EP_Tx &rArr; USB_OTG_EPStartXfer &rArr; USB_OTG_WritePacket
</UL>
<BR>[Calls]<UL><LI><a href="#[e0]">&gt;&gt;</a>&nbsp;&nbsp;&nbsp;USBD_CtlSendStatus
</UL>
<BR>[Called By]<UL><LI><a href="#[dc]">&gt;&gt;</a>&nbsp;&nbsp;&nbsp;USBD_StdDevReq
</UL>

<P><STRONG><a name="[e9]"></a>USBD_GetStatus</STRONG> (Thumb, 74 bytes, Stack size 16 bytes, usbd_req.o(.text))
<BR><BR>[Stack]<UL><LI>Max Depth = 120<LI>Call Chain = USBD_GetStatus &rArr; USBD_CtlSendData &rArr; DCD_EP_Tx &rArr; USB_OTG_EPStartXfer &rArr; USB_OTG_WritePacket
</UL>
<BR>[Calls]<UL><LI><a href="#[e4]">&gt;&gt;</a>&nbsp;&nbsp;&nbsp;USBD_CtlSendData
<LI><a href="#[e5]">&gt;&gt;</a>&nbsp;&nbsp;&nbsp;USBD_CtlError
</UL>
<BR>[Called By]<UL><LI><a href="#[dc]">&gt;&gt;</a>&nbsp;&nbsp;&nbsp;USBD_StdDevReq
</UL>

<P><STRONG><a name="[ea]"></a>USBD_GetConfig</STRONG> (Thumb, 78 bytes, Stack size 16 bytes, usbd_req.o(.text))
<BR><BR>[Stack]<UL><LI>Max Depth = 120<LI>Call Chain = USBD_GetConfig &rArr; USBD_CtlSendData &rArr; DCD_EP_Tx &rArr; USB_OTG_EPStartXfer &rArr; USB_OTG_WritePacket
</UL>
<BR>[Calls]<UL><LI><a href="#[e4]">&gt;&gt;</a>&nbsp;&nbsp;&nbsp;USBD_CtlSendData
<LI><a href="#[e5]">&gt;&gt;</a>&nbsp;&nbsp;&nbsp;USBD_CtlError
</UL>
<BR>[Called By]<UL><LI><a href="#[dc]">&gt;&gt;</a>&nbsp;&nbsp;&nbsp;USBD_StdDevReq
</UL>

<P><STRONG><a name="[eb]"></a>USBD_SetConfig</STRONG> (Thumb, 204 bytes, Stack size 16 bytes, usbd_req.o(.text))
<BR><BR>[Stack]<UL><LI>Max Depth = 112<LI>Call Chain = USBD_SetConfig &rArr; USBD_CtlSendStatus &rArr; DCD_EP_Tx &rArr; USB_OTG_EPStartXfer &rArr; USB_OTG_WritePacket
</UL>
<BR>[Calls]<UL><LI><a href="#[e5]">&gt;&gt;</a>&nbsp;&nbsp;&nbsp;USBD_CtlError
<LI><a href="#[e0]">&gt;&gt;</a>&nbsp;&nbsp;&nbsp;USBD_CtlSendStatus
<LI><a href="#[ed]">&gt;&gt;</a>&nbsp;&nbsp;&nbsp;USBD_ClrCfg
<LI><a href="#[ec]">&gt;&gt;</a>&nbsp;&nbsp;&nbsp;USBD_SetCfg
</UL>
<BR>[Called By]<UL><LI><a href="#[dc]">&gt;&gt;</a>&nbsp;&nbsp;&nbsp;USBD_StdDevReq
</UL>

<P><STRONG><a name="[ee]"></a>USBD_SetAddress</STRONG> (Thumb, 92 bytes, Stack size 16 bytes, usbd_req.o(.text))
<BR><BR>[Stack]<UL><LI>Max Depth = 112<LI>Call Chain = USBD_SetAddress &rArr; USBD_CtlSendStatus &rArr; DCD_EP_Tx &rArr; USB_OTG_EPStartXfer &rArr; USB_OTG_WritePacket
</UL>
<BR>[Calls]<UL><LI><a href="#[e5]">&gt;&gt;</a>&nbsp;&nbsp;&nbsp;USBD_CtlError
<LI><a href="#[e0]">&gt;&gt;</a>&nbsp;&nbsp;&nbsp;USBD_CtlSendStatus
<LI><a href="#[ef]">&gt;&gt;</a>&nbsp;&nbsp;&nbsp;DCD_EP_SetAddress
</UL>
<BR>[Called By]<UL><LI><a href="#[dc]">&gt;&gt;</a>&nbsp;&nbsp;&nbsp;USBD_StdDevReq
</UL>

<P><STRONG><a name="[f0]"></a>USBD_GetDescriptor</STRONG> (Thumb, 382 bytes, Stack size 24 bytes, usbd_req.o(.text))
<BR><BR>[Stack]<UL><LI>Max Depth = 128<LI>Call Chain = USBD_GetDescriptor &rArr; USBD_CtlSendData &rArr; DCD_EP_Tx &rArr; USB_OTG_EPStartXfer &rArr; USB_OTG_WritePacket
</UL>
<BR>[Calls]<UL><LI><a href="#[e4]">&gt;&gt;</a>&nbsp;&nbsp;&nbsp;USBD_CtlSendData
<LI><a href="#[e5]">&gt;&gt;</a>&nbsp;&nbsp;&nbsp;USBD_CtlError
</UL>
<BR>[Called By]<UL><LI><a href="#[dc]">&gt;&gt;</a>&nbsp;&nbsp;&nbsp;USBD_StdDevReq
</UL>

<P><STRONG><a name="[f1]"></a>USBD_GetLen</STRONG> (Thumb, 20 bytes, Stack size 0 bytes, usbd_req.o(.text))
<BR><BR>[Called By]<UL><LI><a href="#[9d]">&gt;&gt;</a>&nbsp;&nbsp;&nbsp;USBD_GetString
</UL>
<P>
<H3>
Undefined Global Symbols
</H3><HR></body></html>
