Component: ARM Compiler 5.05 (build 41) Tool: armlink [4d0eb9]

==============================================================================

Section Cross References

    system_stm32f4xx.o(.text) refers to system_stm32f4xx.o(.data) for SystemCoreClock
    startup_stm32f4xx.o(STACK) refers (Special) to heapauxi.o(.text) for __use_two_region_memory
    startup_stm32f4xx.o(HEAP) refers (Special) to heapauxi.o(.text) for __use_two_region_memory
    startup_stm32f4xx.o(RESET) refers (Special) to heapauxi.o(.text) for __use_two_region_memory
    startup_stm32f4xx.o(RESET) refers to startup_stm32f4xx.o(STACK) for __initial_sp
    startup_stm32f4xx.o(RESET) refers to startup_stm32f4xx.o(.text) for Reset_Handler
    startup_stm32f4xx.o(RESET) refers to stm32fxxx_it.o(.text) for NMI_Handler
    startup_stm32f4xx.o(.text) refers (Special) to heapauxi.o(.text) for __use_two_region_memory
    startup_stm32f4xx.o(.text) refers to system_stm32f4xx.o(.text) for SystemInit
    startup_stm32f4xx.o(.text) refers to __main.o(!!!main) for __main
    startup_stm32f4xx.o(.text) refers to startup_stm32f4xx.o(HEAP) for Heap_Mem
    startup_stm32f4xx.o(.text) refers to startup_stm32f4xx.o(STACK) for Stack_Mem
    app.o(.text) refers to usbd_core.o(.text) for USBD_Init
    app.o(.text) refers to usbd_usr.o(.data) for USR_cb
    app.o(.text) refers to usbd_hid_core.o(.data) for USBD_HID_cb
    app.o(.text) refers to usbd_desc.o(.data) for USR_desc
    app.o(.text) refers to app.o(.bss) for USB_OTG_dev
    app.o(.text) refers to system_stm32f4xx.o(.data) for SystemCoreClock
    stm32fxxx_it.o(.text) refers to usbd_hid_core.o(.text) for USBD_HID_SendReport
    stm32fxxx_it.o(.text) refers to usb_dcd_int.o(.text) for USBD_OTG_ISR_Handler
    stm32fxxx_it.o(.text) refers to stm32fxxx_it.o(.data) for HID_Buffer
    stm32fxxx_it.o(.text) refers to app.o(.bss) for USB_OTG_dev
    usb_bsp.o(.text) refers to stm32f4xx_rcc.o(.text) for RCC_AHB1PeriphClockCmd
    usb_bsp.o(.text) refers to stm32f4xx_gpio.o(.text) for GPIO_Init
    usb_bsp.o(.text) refers to misc.o(.text) for NVIC_PriorityGroupConfig
    usbd_desc.o(.text) refers to usbd_req.o(.text) for USBD_GetString
    usbd_desc.o(.text) refers to usbd_desc.o(.data) for USBD_DeviceDesc
    usbd_desc.o(.text) refers to usbd_req.o(.bss) for USBD_StrDesc
    usbd_desc.o(.data) refers to usbd_desc.o(.text) for USBD_USR_DeviceDescriptor
    usbd_usr.o(.data) refers to usbd_usr.o(.text) for USBD_USR_Init
    usb_core.o(.text) refers to usb_bsp.o(.text) for USB_OTG_BSP_uDelay
    usb_dcd.o(.text) refers to usb_core.o(.text) for USB_OTG_SelectCore
    usb_dcd.o(.text) refers to usb_bsp.o(.text) for USB_OTG_BSP_mDelay
    usb_dcd_int.o(.text) refers to usb_core.o(.text) for USB_OTG_EP0Activate
    usb_dcd_int.o(.text) refers to usbd_core.o(.data) for USBD_DCD_INT_fops
    usbd_core.o(.text) refers to usb_bsp.o(.text) for USB_OTG_BSP_Init
    usbd_core.o(.text) refers to usb_dcd.o(.text) for DCD_Init
    usbd_core.o(.text) refers to usbd_req.o(.text) for USBD_ParseSetupRequest
    usbd_core.o(.text) refers to usbd_ioreq.o(.text) for USBD_CtlContinueRx
    usbd_core.o(.text) refers to usbd_core.o(.data) for SET_TEST_MODE
    usbd_core.o(.data) refers to usbd_core.o(.text) for USBD_DataOutStage
    usbd_hid_core.o(.text) refers to usb_dcd.o(.text) for DCD_EP_Open
    usbd_hid_core.o(.text) refers to usbd_ioreq.o(.text) for USBD_CtlSendData
    usbd_hid_core.o(.text) refers to usbd_req.o(.text) for USBD_CtlError
    usbd_hid_core.o(.text) refers to usbd_hid_core.o(.data) for USBD_HID_Protocol
    usbd_hid_core.o(.data) refers to usbd_hid_core.o(.text) for USBD_HID_Init
    usbd_ioreq.o(.text) refers to usb_dcd.o(.text) for DCD_EP_Tx
    usbd_ioreq.o(.text) refers to usb_core.o(.text) for USB_OTG_EP0_OutStart
    usbd_req.o(.text) refers to usb_dcd.o(.text) for DCD_EP_Stall
    usbd_req.o(.text) refers to usb_core.o(.text) for USB_OTG_EP0_OutStart
    usbd_req.o(.text) refers to usbd_ioreq.o(.text) for USBD_CtlSendStatus
    usbd_req.o(.text) refers to usbd_core.o(.text) for USBD_SetCfg
    usbd_req.o(.text) refers to usbd_core.o(.data) for SET_TEST_MODE
    usbd_req.o(.text) refers to usbd_req.o(.data) for USBD_cfg_status
    usbd_req.o(.text) refers to usbd_desc.o(.data) for USBD_DeviceQualifierDesc
    stm32f4xx_rcc.o(.text) refers to stm32f4xx_rcc.o(.data) for APBAHBPrescTable
    stm32f4xx_gpio.o(.text) refers to stm32f4xx_rcc.o(.text) for RCC_AHB1PeriphResetCmd
    __main.o(!!!main) refers to __rtentry.o(.ARM.Collect$$rtentry$$00000000) for __rt_entry
    __rtentry.o(.ARM.Collect$$rtentry$$00000000) refers (Special) to __rtentry2.o(.ARM.Collect$$rtentry$$0000000A) for __rt_entry_li
    __rtentry.o(.ARM.Collect$$rtentry$$00000000) refers (Special) to __rtentry2.o(.ARM.Collect$$rtentry$$0000000D) for __rt_entry_main
    __rtentry.o(.ARM.Collect$$rtentry$$00000000) refers (Special) to __rtentry2.o(.ARM.Collect$$rtentry$$0000000C) for __rt_entry_postli_1
    __rtentry.o(.ARM.Collect$$rtentry$$00000000) refers (Special) to __rtentry2.o(.ARM.Collect$$rtentry$$00000009) for __rt_entry_postsh_1
    __rtentry.o(.ARM.Collect$$rtentry$$00000000) refers (Special) to __rtentry2.o(.ARM.Collect$$rtentry$$00000002) for __rt_entry_presh_1
    __rtentry.o(.ARM.Collect$$rtentry$$00000000) refers (Special) to __rtentry4.o(.ARM.Collect$$rtentry$$00000004) for __rt_entry_sh
    __rtentry2.o(.ARM.Collect$$rtentry$$00000008) refers to boardinit2.o(.text) for _platform_post_stackheap_init
    __rtentry2.o(.ARM.Collect$$rtentry$$0000000A) refers to libinit.o(.ARM.Collect$$libinit$$00000000) for __rt_lib_init
    __rtentry2.o(.ARM.Collect$$rtentry$$0000000B) refers to boardinit3.o(.text) for _platform_post_lib_init
    __rtentry2.o(.ARM.Collect$$rtentry$$0000000D) refers to app.o(.text) for main
    __rtentry2.o(.ARM.Collect$$rtentry$$0000000D) refers to exit.o(.text) for exit
    __rtentry2.o(.ARM.exidx) refers to __rtentry2.o(.ARM.Collect$$rtentry$$00000001) for .ARM.Collect$$rtentry$$00000001
    __rtentry2.o(.ARM.exidx) refers to __rtentry2.o(.ARM.Collect$$rtentry$$00000008) for .ARM.Collect$$rtentry$$00000008
    __rtentry2.o(.ARM.exidx) refers to __rtentry2.o(.ARM.Collect$$rtentry$$0000000A) for .ARM.Collect$$rtentry$$0000000A
    __rtentry2.o(.ARM.exidx) refers to __rtentry2.o(.ARM.Collect$$rtentry$$0000000B) for .ARM.Collect$$rtentry$$0000000B
    __rtentry2.o(.ARM.exidx) refers to __rtentry2.o(.ARM.Collect$$rtentry$$0000000D) for .ARM.Collect$$rtentry$$0000000D
    __rtentry4.o(.ARM.Collect$$rtentry$$00000004) refers to sys_stackheap_outer.o(.text) for __user_setup_stackheap
    __rtentry4.o(.ARM.exidx) refers to __rtentry4.o(.ARM.Collect$$rtentry$$00000004) for .ARM.Collect$$rtentry$$00000004
    sys_stackheap_outer.o(.text) refers to libspace.o(.text) for __user_perproc_libspace
    sys_stackheap_outer.o(.text) refers to startup_stm32f4xx.o(.text) for __user_initial_stackheap
    exit.o(.text) refers to rtexit.o(.ARM.Collect$$rtexit$$00000000) for __rt_exit
    libinit.o(.ARM.Collect$$libinit$$00000000) refers (Special) to libinit2.o(.ARM.Collect$$libinit$$0000002E) for __rt_lib_init_alloca_1
    libinit.o(.ARM.Collect$$libinit$$00000000) refers (Special) to libinit2.o(.ARM.Collect$$libinit$$0000002C) for __rt_lib_init_argv_1
    libinit.o(.ARM.Collect$$libinit$$00000000) refers (Special) to libinit2.o(.ARM.Collect$$libinit$$0000001B) for __rt_lib_init_atexit_1
    libinit.o(.ARM.Collect$$libinit$$00000000) refers (Special) to libinit2.o(.ARM.Collect$$libinit$$00000021) for __rt_lib_init_clock_1
    libinit.o(.ARM.Collect$$libinit$$00000000) refers (Special) to libinit2.o(.ARM.Collect$$libinit$$00000032) for __rt_lib_init_cpp_1
    libinit.o(.ARM.Collect$$libinit$$00000000) refers (Special) to libinit2.o(.ARM.Collect$$libinit$$00000030) for __rt_lib_init_exceptions_1
    libinit.o(.ARM.Collect$$libinit$$00000000) refers (Special) to libinit2.o(.ARM.Collect$$libinit$$00000001) for __rt_lib_init_fp_1
    libinit.o(.ARM.Collect$$libinit$$00000000) refers (Special) to libinit2.o(.ARM.Collect$$libinit$$0000001F) for __rt_lib_init_fp_trap_1
    libinit.o(.ARM.Collect$$libinit$$00000000) refers (Special) to libinit2.o(.ARM.Collect$$libinit$$00000023) for __rt_lib_init_getenv_1
    libinit.o(.ARM.Collect$$libinit$$00000000) refers (Special) to libinit2.o(.ARM.Collect$$libinit$$0000000A) for __rt_lib_init_heap_1
    libinit.o(.ARM.Collect$$libinit$$00000000) refers (Special) to libinit2.o(.ARM.Collect$$libinit$$00000011) for __rt_lib_init_lc_collate_1
    libinit.o(.ARM.Collect$$libinit$$00000000) refers (Special) to libinit2.o(.ARM.Collect$$libinit$$00000013) for __rt_lib_init_lc_ctype_1
    libinit.o(.ARM.Collect$$libinit$$00000000) refers (Special) to libinit2.o(.ARM.Collect$$libinit$$00000015) for __rt_lib_init_lc_monetary_1
    libinit.o(.ARM.Collect$$libinit$$00000000) refers (Special) to libinit2.o(.ARM.Collect$$libinit$$00000017) for __rt_lib_init_lc_numeric_1
    libinit.o(.ARM.Collect$$libinit$$00000000) refers (Special) to libinit2.o(.ARM.Collect$$libinit$$00000019) for __rt_lib_init_lc_time_1
    libinit.o(.ARM.Collect$$libinit$$00000000) refers (Special) to libinit2.o(.ARM.Collect$$libinit$$00000004) for __rt_lib_init_preinit_1
    libinit.o(.ARM.Collect$$libinit$$00000000) refers (Special) to libinit2.o(.ARM.Collect$$libinit$$0000000E) for __rt_lib_init_rand_1
    libinit.o(.ARM.Collect$$libinit$$00000000) refers (Special) to libinit2.o(.ARM.Collect$$libinit$$00000033) for __rt_lib_init_return
    libinit.o(.ARM.Collect$$libinit$$00000000) refers (Special) to libinit2.o(.ARM.Collect$$libinit$$0000001D) for __rt_lib_init_signal_1
    libinit.o(.ARM.Collect$$libinit$$00000000) refers (Special) to libinit2.o(.ARM.Collect$$libinit$$00000025) for __rt_lib_init_stdio_1
    libinit.o(.ARM.Collect$$libinit$$00000000) refers (Special) to libinit2.o(.ARM.Collect$$libinit$$0000000C) for __rt_lib_init_user_alloc_1
    libspace.o(.text) refers to libspace.o(.bss) for __libspace_start
    rtexit.o(.ARM.Collect$$rtexit$$00000000) refers (Special) to rtexit2.o(.ARM.Collect$$rtexit$$00000004) for __rt_exit_exit
    rtexit.o(.ARM.Collect$$rtexit$$00000000) refers (Special) to rtexit2.o(.ARM.Collect$$rtexit$$00000003) for __rt_exit_ls
    rtexit.o(.ARM.Collect$$rtexit$$00000000) refers (Special) to rtexit2.o(.ARM.Collect$$rtexit$$00000002) for __rt_exit_prels_1
    rtexit.o(.ARM.exidx) refers (Special) to rtexit2.o(.ARM.Collect$$rtexit$$00000004) for __rt_exit_exit
    rtexit.o(.ARM.exidx) refers (Special) to rtexit2.o(.ARM.Collect$$rtexit$$00000003) for __rt_exit_ls
    rtexit.o(.ARM.exidx) refers (Special) to rtexit2.o(.ARM.Collect$$rtexit$$00000002) for __rt_exit_prels_1
    rtexit.o(.ARM.exidx) refers to rtexit.o(.ARM.Collect$$rtexit$$00000000) for .ARM.Collect$$rtexit$$00000000
    libinit2.o(.ARM.Collect$$libinit$$00000001) refers to fpinit.o(x$fpl$fpinit) for _fp_init
    libinit2.o(.ARM.Collect$$libinit$$00000010) refers to libinit2.o(.ARM.Collect$$libinit$$0000000F) for .ARM.Collect$$libinit$$0000000F
    libinit2.o(.ARM.Collect$$libinit$$00000012) refers to libinit2.o(.ARM.Collect$$libinit$$0000000F) for .ARM.Collect$$libinit$$0000000F
    libinit2.o(.ARM.Collect$$libinit$$00000014) refers to libinit2.o(.ARM.Collect$$libinit$$0000000F) for .ARM.Collect$$libinit$$0000000F
    libinit2.o(.ARM.Collect$$libinit$$00000016) refers to libinit2.o(.ARM.Collect$$libinit$$0000000F) for .ARM.Collect$$libinit$$0000000F
    libinit2.o(.ARM.Collect$$libinit$$00000018) refers to libinit2.o(.ARM.Collect$$libinit$$0000000F) for .ARM.Collect$$libinit$$0000000F
    libinit2.o(.ARM.Collect$$libinit$$00000026) refers to argv_veneer.o(.emb_text) for __ARM_argv_veneer
    libinit2.o(.ARM.Collect$$libinit$$00000027) refers to argv_veneer.o(.emb_text) for __ARM_argv_veneer
    rtexit2.o(.ARM.Collect$$rtexit$$00000003) refers to libshutdown.o(.ARM.Collect$$libshutdown$$00000000) for __rt_lib_shutdown
    rtexit2.o(.ARM.Collect$$rtexit$$00000004) refers to sys_exit.o(.text) for _sys_exit
    rtexit2.o(.ARM.exidx) refers to rtexit2.o(.ARM.Collect$$rtexit$$00000001) for .ARM.Collect$$rtexit$$00000001
    rtexit2.o(.ARM.exidx) refers to rtexit2.o(.ARM.Collect$$rtexit$$00000003) for .ARM.Collect$$rtexit$$00000003
    rtexit2.o(.ARM.exidx) refers to rtexit2.o(.ARM.Collect$$rtexit$$00000004) for .ARM.Collect$$rtexit$$00000004
    argv_veneer.o(.emb_text) refers to no_argv.o(.text) for __ARM_get_argv
    sys_exit.o(.text) refers (Special) to use_no_semi.o(.text) for __I$use$semihosting
    sys_exit.o(.text) refers (Special) to indicate_semi.o(.text) for __semihosting_library_function
    _get_argv_nomalloc.o(.text) refers (Special) to hrguard.o(.text) for __heap_region$guard
    _get_argv_nomalloc.o(.text) refers to defsig_rtmem_outer.o(.text) for __rt_SIGRTMEM
    _get_argv_nomalloc.o(.text) refers to sys_command.o(.text) for _sys_command_string
    libshutdown.o(.ARM.Collect$$libshutdown$$00000000) refers (Special) to libshutdown2.o(.ARM.Collect$$libshutdown$$00000006) for __rt_lib_shutdown_fp_trap_1
    libshutdown.o(.ARM.Collect$$libshutdown$$00000000) refers (Special) to libshutdown2.o(.ARM.Collect$$libshutdown$$0000000E) for __rt_lib_shutdown_heap_1
    libshutdown.o(.ARM.Collect$$libshutdown$$00000000) refers (Special) to libshutdown2.o(.ARM.Collect$$libshutdown$$0000000F) for __rt_lib_shutdown_return
    libshutdown.o(.ARM.Collect$$libshutdown$$00000000) refers (Special) to libshutdown2.o(.ARM.Collect$$libshutdown$$00000009) for __rt_lib_shutdown_signal_1
    libshutdown.o(.ARM.Collect$$libshutdown$$00000000) refers (Special) to libshutdown2.o(.ARM.Collect$$libshutdown$$00000003) for __rt_lib_shutdown_stdio_1
    libshutdown.o(.ARM.Collect$$libshutdown$$00000000) refers (Special) to libshutdown2.o(.ARM.Collect$$libshutdown$$0000000B) for __rt_lib_shutdown_user_alloc_1
    sys_command.o(.text) refers (Special) to use_no_semi.o(.text) for __I$use$semihosting
    sys_command.o(.text) refers (Special) to indicate_semi.o(.text) for __semihosting_library_function
    defsig_rtmem_outer.o(.text) refers to defsig_rtmem_inner.o(.text) for __rt_SIGRTMEM_inner
    defsig_rtmem_outer.o(.text) refers to defsig_exit.o(.text) for __sig_exit
    defsig_rtmem_formal.o(.text) refers to rt_raise.o(.text) for __rt_raise
    rt_raise.o(.text) refers to __raise.o(.text) for __raise
    rt_raise.o(.text) refers to sys_exit.o(.text) for _sys_exit
    defsig_exit.o(.text) refers to sys_exit.o(.text) for _sys_exit
    defsig_rtmem_inner.o(.text) refers to defsig_general.o(.text) for __default_signal_display
    __raise.o(.text) refers to defsig.o(CL$$defsig) for __default_signal_handler
    defsig_general.o(.text) refers to sys_wrch.o(.text) for _ttywrch
    sys_wrch.o(.text) refers (Special) to use_no_semi.o(.text) for __I$use$semihosting
    sys_wrch.o(.text) refers (Special) to indicate_semi.o(.text) for __semihosting_library_function
    defsig.o(CL$$defsig) refers to defsig_rtmem_inner.o(.text) for __rt_SIGRTMEM_inner
    defsig_abrt_inner.o(.text) refers to defsig_general.o(.text) for __default_signal_display
    defsig_fpe_inner.o(.text) refers to defsig_general.o(.text) for __default_signal_display
    defsig_rtred_inner.o(.text) refers to defsig_general.o(.text) for __default_signal_display
    defsig_stak_inner.o(.text) refers to defsig_general.o(.text) for __default_signal_display
    defsig_pvfn_inner.o(.text) refers to defsig_general.o(.text) for __default_signal_display
    defsig_cppl_inner.o(.text) refers to defsig_general.o(.text) for __default_signal_display
    defsig_segv_inner.o(.text) refers to defsig_general.o(.text) for __default_signal_display
    defsig_other.o(.text) refers to defsig_general.o(.text) for __default_signal_display


==============================================================================

Removing Unused input sections from the image.

    Removing system_stm32f4xx.o(.emb_text), (8 bytes).
    Removing app.o(.emb_text), (8 bytes).
    Removing stm32fxxx_it.o(.emb_text), (8 bytes).
    Removing usb_bsp.o(.emb_text), (8 bytes).
    Removing usbd_desc.o(.emb_text), (8 bytes).
    Removing usbd_usr.o(.emb_text), (8 bytes).
    Removing usb_core.o(.emb_text), (8 bytes).
    Removing usb_dcd.o(.emb_text), (8 bytes).
    Removing usb_dcd_int.o(.emb_text), (8 bytes).
    Removing usbd_core.o(.emb_text), (8 bytes).
    Removing usbd_hid_core.o(.emb_text), (8 bytes).
    Removing usbd_ioreq.o(.emb_text), (8 bytes).
    Removing usbd_req.o(.emb_text), (8 bytes).
    Removing misc.o(.emb_text), (8 bytes).
    Removing stm32f4xx_rcc.o(.emb_text), (8 bytes).
    Removing stm32f4xx_gpio.o(.emb_text), (8 bytes).

16 unused section(s) (total 128 bytes) removed from the image.

==============================================================================

Image Symbol Table

    Local Symbols

    Symbol Name                              Value     Ov Type        Size  Object(Section)

    ../clib/angel/boardlib.s                 0x00000000   Number         0  boardshut.o ABSOLUTE
    ../clib/angel/boardlib.s                 0x00000000   Number         0  boardinit3.o ABSOLUTE
    ../clib/angel/boardlib.s                 0x00000000   Number         0  boardinit1.o ABSOLUTE
    ../clib/angel/boardlib.s                 0x00000000   Number         0  boardinit2.o ABSOLUTE
    ../clib/angel/dczerorl2.s                0x00000000   Number         0  __dczerorl2.o ABSOLUTE
    ../clib/angel/handlers.s                 0x00000000   Number         0  __scatter_zi.o ABSOLUTE
    ../clib/angel/kernel.s                   0x00000000   Number         0  rtexit2.o ABSOLUTE
    ../clib/angel/kernel.s                   0x00000000   Number         0  rtexit.o ABSOLUTE
    ../clib/angel/kernel.s                   0x00000000   Number         0  __rtentry4.o ABSOLUTE
    ../clib/angel/kernel.s                   0x00000000   Number         0  __rtentry2.o ABSOLUTE
    ../clib/angel/kernel.s                   0x00000000   Number         0  __rtentry.o ABSOLUTE
    ../clib/angel/rt.s                       0x00000000   Number         0  rt_raise.o ABSOLUTE
    ../clib/angel/scatter.s                  0x00000000   Number         0  __scatter.o ABSOLUTE
    ../clib/angel/startup.s                  0x00000000   Number         0  __main.o ABSOLUTE
    ../clib/angel/sys.s                      0x00000000   Number         0  sys_stackheap_outer.o ABSOLUTE
    ../clib/angel/sys.s                      0x00000000   Number         0  libspace.o ABSOLUTE
    ../clib/angel/sys.s                      0x00000000   Number         0  use_no_semi.o ABSOLUTE
    ../clib/angel/sys.s                      0x00000000   Number         0  indicate_semi.o ABSOLUTE
    ../clib/angel/sysapp.c                   0x00000000   Number         0  sys_wrch.o ABSOLUTE
    ../clib/angel/sysapp.c                   0x00000000   Number         0  sys_exit.o ABSOLUTE
    ../clib/angel/sysapp.c                   0x00000000   Number         0  sys_command.o ABSOLUTE
    ../clib/armsys.c                         0x00000000   Number         0  argv_veneer.o ABSOLUTE
    ../clib/armsys.c                         0x00000000   Number         0  no_argv.o ABSOLUTE
    ../clib/armsys.c                         0x00000000   Number         0  _get_argv_nomalloc.o ABSOLUTE
    ../clib/armsys.c                         0x00000000   Number         0  argv_veneer.o ABSOLUTE
    ../clib/heapalloc.c                      0x00000000   Number         0  hrguard.o ABSOLUTE
    ../clib/heapaux.c                        0x00000000   Number         0  heapauxi.o ABSOLUTE
    ../clib/libinit.s                        0x00000000   Number         0  libinit2.o ABSOLUTE
    ../clib/libinit.s                        0x00000000   Number         0  libinit.o ABSOLUTE
    ../clib/libinit.s                        0x00000000   Number         0  libshutdown.o ABSOLUTE
    ../clib/libinit.s                        0x00000000   Number         0  libshutdown2.o ABSOLUTE
    ../clib/signal.c                         0x00000000   Number         0  defsig_general.o ABSOLUTE
    ../clib/signal.c                         0x00000000   Number         0  defsig_abrt_inner.o ABSOLUTE
    ../clib/signal.c                         0x00000000   Number         0  defsig_fpe_inner.o ABSOLUTE
    ../clib/signal.c                         0x00000000   Number         0  defsig_rtred_inner.o ABSOLUTE
    ../clib/signal.c                         0x00000000   Number         0  defsig_cppl_inner.o ABSOLUTE
    ../clib/signal.c                         0x00000000   Number         0  defsig_stak_inner.o ABSOLUTE
    ../clib/signal.c                         0x00000000   Number         0  defsig_pvfn_inner.o ABSOLUTE
    ../clib/signal.c                         0x00000000   Number         0  defsig_other.o ABSOLUTE
    ../clib/signal.c                         0x00000000   Number         0  defsig_segv_inner.o ABSOLUTE
    ../clib/signal.c                         0x00000000   Number         0  __raise.o ABSOLUTE
    ../clib/signal.c                         0x00000000   Number         0  defsig_rtmem_inner.o ABSOLUTE
    ../clib/signal.c                         0x00000000   Number         0  defsig_exit.o ABSOLUTE
    ../clib/signal.c                         0x00000000   Number         0  defsig_rtmem_formal.o ABSOLUTE
    ../clib/signal.c                         0x00000000   Number         0  defsig_rtmem_outer.o ABSOLUTE
    ../clib/signal.s                         0x00000000   Number         0  defsig.o ABSOLUTE
    ../clib/stdlib.c                         0x00000000   Number         0  exit.o ABSOLUTE
    ../fplib/fpinit.s                        0x00000000   Number         0  fpinit.o ABSOLUTE
    ..\CMSIS\startup_stm32f4xx.s             0x00000000   Number         0  startup_stm32f4xx.o ABSOLUTE
    ..\CMSIS\system_stm32f4xx.c              0x00000000   Number         0  system_stm32f4xx.o ABSOLUTE
    ..\STM32F4xx_StdPeriph_Driver\src\misc.c 0x00000000   Number         0  misc.o ABSOLUTE
    ..\STM32F4xx_StdPeriph_Driver\src\stm32f4xx_gpio.c 0x00000000   Number         0  stm32f4xx_gpio.o ABSOLUTE
    ..\STM32F4xx_StdPeriph_Driver\src\stm32f4xx_rcc.c 0x00000000   Number         0  stm32f4xx_rcc.o ABSOLUTE
    ..\STM32_USB_Device_Library\src\usbd_core.c 0x00000000   Number         0  usbd_core.o ABSOLUTE
    ..\STM32_USB_Device_Library\src\usbd_hid_core.c 0x00000000   Number         0  usbd_hid_core.o ABSOLUTE
    ..\STM32_USB_Device_Library\src\usbd_ioreq.c 0x00000000   Number         0  usbd_ioreq.o ABSOLUTE
    ..\STM32_USB_Device_Library\src\usbd_req.c 0x00000000   Number         0  usbd_req.o ABSOLUTE
    ..\STM32_USB_OTG_Driver\src\usb_core.c   0x00000000   Number         0  usb_core.o ABSOLUTE
    ..\STM32_USB_OTG_Driver\src\usb_dcd.c    0x00000000   Number         0  usb_dcd.o ABSOLUTE
    ..\STM32_USB_OTG_Driver\src\usb_dcd_int.c 0x00000000   Number         0  usb_dcd_int.o ABSOLUTE
    ..\USER\app.c                            0x00000000   Number         0  app.o ABSOLUTE
    ..\USER\stm32fxxx_it.c                   0x00000000   Number         0  stm32fxxx_it.o ABSOLUTE
    ..\USER\usb_bsp.c                        0x00000000   Number         0  usb_bsp.o ABSOLUTE
    ..\USER\usbd_desc.c                      0x00000000   Number         0  usbd_desc.o ABSOLUTE
    ..\USER\usbd_usr.c                       0x00000000   Number         0  usbd_usr.o ABSOLUTE
    ..\\CMSIS\\system_stm32f4xx.c            0x00000000   Number         0  system_stm32f4xx.o ABSOLUTE
    ..\\STM32F4xx_StdPeriph_Driver\\src\\misc.c 0x00000000   Number         0  misc.o ABSOLUTE
    ..\\STM32F4xx_StdPeriph_Driver\\src\\stm32f4xx_gpio.c 0x00000000   Number         0  stm32f4xx_gpio.o ABSOLUTE
    ..\\STM32F4xx_StdPeriph_Driver\\src\\stm32f4xx_rcc.c 0x00000000   Number         0  stm32f4xx_rcc.o ABSOLUTE
    ..\\STM32_USB_Device_Library\\src\\usbd_core.c 0x00000000   Number         0  usbd_core.o ABSOLUTE
    ..\\STM32_USB_Device_Library\\src\\usbd_hid_core.c 0x00000000   Number         0  usbd_hid_core.o ABSOLUTE
    ..\\STM32_USB_Device_Library\\src\\usbd_ioreq.c 0x00000000   Number         0  usbd_ioreq.o ABSOLUTE
    ..\\STM32_USB_Device_Library\\src\\usbd_req.c 0x00000000   Number         0  usbd_req.o ABSOLUTE
    ..\\STM32_USB_OTG_Driver\\src\\usb_core.c 0x00000000   Number         0  usb_core.o ABSOLUTE
    ..\\STM32_USB_OTG_Driver\\src\\usb_dcd.c 0x00000000   Number         0  usb_dcd.o ABSOLUTE
    ..\\STM32_USB_OTG_Driver\\src\\usb_dcd_int.c 0x00000000   Number         0  usb_dcd_int.o ABSOLUTE
    ..\\USER\\app.c                          0x00000000   Number         0  app.o ABSOLUTE
    ..\\USER\\stm32fxxx_it.c                 0x00000000   Number         0  stm32fxxx_it.o ABSOLUTE
    ..\\USER\\usb_bsp.c                      0x00000000   Number         0  usb_bsp.o ABSOLUTE
    ..\\USER\\usbd_desc.c                    0x00000000   Number         0  usbd_desc.o ABSOLUTE
    ..\\USER\\usbd_usr.c                     0x00000000   Number         0  usbd_usr.o ABSOLUTE
    dc.s                                     0x00000000   Number         0  dc.o ABSOLUTE
    RESET                                    0x08000000   Section      392  startup_stm32f4xx.o(RESET)
    !!!main                                  0x08000188   Section        8  __main.o(!!!main)
    !!!scatter                               0x08000190   Section       52  __scatter.o(!!!scatter)
    !!dczerorl2                              0x080001c4   Section       90  __dczerorl2.o(!!dczerorl2)
    !!handler_zi                             0x08000220   Section       28  __scatter_zi.o(!!handler_zi)
    .ARM.Collect$$libinit$$00000000          0x0800023c   Section        2  libinit.o(.ARM.Collect$$libinit$$00000000)
    .ARM.Collect$$libinit$$00000001          0x0800023e   Section        4  libinit2.o(.ARM.Collect$$libinit$$00000001)
    .ARM.Collect$$libinit$$00000004          0x08000242   Section        0  libinit2.o(.ARM.Collect$$libinit$$00000004)
    .ARM.Collect$$libinit$$0000000A          0x08000242   Section        0  libinit2.o(.ARM.Collect$$libinit$$0000000A)
    .ARM.Collect$$libinit$$0000000C          0x08000242   Section        0  libinit2.o(.ARM.Collect$$libinit$$0000000C)
    .ARM.Collect$$libinit$$0000000E          0x08000242   Section        0  libinit2.o(.ARM.Collect$$libinit$$0000000E)
    .ARM.Collect$$libinit$$00000011          0x08000242   Section        0  libinit2.o(.ARM.Collect$$libinit$$00000011)
    .ARM.Collect$$libinit$$00000013          0x08000242   Section        0  libinit2.o(.ARM.Collect$$libinit$$00000013)
    .ARM.Collect$$libinit$$00000015          0x08000242   Section        0  libinit2.o(.ARM.Collect$$libinit$$00000015)
    .ARM.Collect$$libinit$$00000017          0x08000242   Section        0  libinit2.o(.ARM.Collect$$libinit$$00000017)
    .ARM.Collect$$libinit$$00000019          0x08000242   Section        0  libinit2.o(.ARM.Collect$$libinit$$00000019)
    .ARM.Collect$$libinit$$0000001B          0x08000242   Section        0  libinit2.o(.ARM.Collect$$libinit$$0000001B)
    .ARM.Collect$$libinit$$0000001D          0x08000242   Section        0  libinit2.o(.ARM.Collect$$libinit$$0000001D)
    .ARM.Collect$$libinit$$0000001F          0x08000242   Section        0  libinit2.o(.ARM.Collect$$libinit$$0000001F)
    .ARM.Collect$$libinit$$00000021          0x08000242   Section        0  libinit2.o(.ARM.Collect$$libinit$$00000021)
    .ARM.Collect$$libinit$$00000023          0x08000242   Section        0  libinit2.o(.ARM.Collect$$libinit$$00000023)
    .ARM.Collect$$libinit$$00000025          0x08000242   Section        0  libinit2.o(.ARM.Collect$$libinit$$00000025)
    .ARM.Collect$$libinit$$0000002C          0x08000242   Section        0  libinit2.o(.ARM.Collect$$libinit$$0000002C)
    .ARM.Collect$$libinit$$0000002E          0x08000242   Section        0  libinit2.o(.ARM.Collect$$libinit$$0000002E)
    .ARM.Collect$$libinit$$00000030          0x08000242   Section        0  libinit2.o(.ARM.Collect$$libinit$$00000030)
    .ARM.Collect$$libinit$$00000032          0x08000242   Section        0  libinit2.o(.ARM.Collect$$libinit$$00000032)
    .ARM.Collect$$libinit$$00000033          0x08000242   Section        2  libinit2.o(.ARM.Collect$$libinit$$00000033)
    .ARM.Collect$$libshutdown$$00000000      0x08000244   Section        2  libshutdown.o(.ARM.Collect$$libshutdown$$00000000)
    .ARM.Collect$$libshutdown$$00000003      0x08000246   Section        0  libshutdown2.o(.ARM.Collect$$libshutdown$$00000003)
    .ARM.Collect$$libshutdown$$00000006      0x08000246   Section        0  libshutdown2.o(.ARM.Collect$$libshutdown$$00000006)
    .ARM.Collect$$libshutdown$$00000009      0x08000246   Section        0  libshutdown2.o(.ARM.Collect$$libshutdown$$00000009)
    .ARM.Collect$$libshutdown$$0000000B      0x08000246   Section        0  libshutdown2.o(.ARM.Collect$$libshutdown$$0000000B)
    .ARM.Collect$$libshutdown$$0000000E      0x08000246   Section        0  libshutdown2.o(.ARM.Collect$$libshutdown$$0000000E)
    .ARM.Collect$$libshutdown$$0000000F      0x08000246   Section        2  libshutdown2.o(.ARM.Collect$$libshutdown$$0000000F)
    .ARM.Collect$$rtentry$$00000000          0x08000248   Section        0  __rtentry.o(.ARM.Collect$$rtentry$$00000000)
    .ARM.Collect$$rtentry$$00000002          0x08000248   Section        0  __rtentry2.o(.ARM.Collect$$rtentry$$00000002)
    .ARM.Collect$$rtentry$$00000004          0x08000248   Section        6  __rtentry4.o(.ARM.Collect$$rtentry$$00000004)
    .ARM.Collect$$rtentry$$00000009          0x0800024e   Section        0  __rtentry2.o(.ARM.Collect$$rtentry$$00000009)
    .ARM.Collect$$rtentry$$0000000A          0x0800024e   Section        4  __rtentry2.o(.ARM.Collect$$rtentry$$0000000A)
    .ARM.Collect$$rtentry$$0000000C          0x08000252   Section        0  __rtentry2.o(.ARM.Collect$$rtentry$$0000000C)
    .ARM.Collect$$rtentry$$0000000D          0x08000252   Section        8  __rtentry2.o(.ARM.Collect$$rtentry$$0000000D)
    .ARM.Collect$$rtexit$$00000000           0x0800025a   Section        2  rtexit.o(.ARM.Collect$$rtexit$$00000000)
    .ARM.Collect$$rtexit$$00000002           0x0800025c   Section        0  rtexit2.o(.ARM.Collect$$rtexit$$00000002)
    .ARM.Collect$$rtexit$$00000003           0x0800025c   Section        4  rtexit2.o(.ARM.Collect$$rtexit$$00000003)
    .ARM.Collect$$rtexit$$00000004           0x08000260   Section        6  rtexit2.o(.ARM.Collect$$rtexit$$00000004)
    .text                                    0x08000268   Section        0  system_stm32f4xx.o(.text)
    SetSysClock                              0x08000269   Thumb Code   220  system_stm32f4xx.o(.text)
    .text                                    0x08000478   Section       64  startup_stm32f4xx.o(.text)
    $v0                                      0x08000478   Number         0  startup_stm32f4xx.o(.text)
    .text                                    0x080004b8   Section        0  app.o(.text)
    .text                                    0x0800053c   Section        0  stm32fxxx_it.o(.text)
    USBD_HID_GetPos                          0x08000555   Thumb Code    24  stm32fxxx_it.o(.text)
    .text                                    0x08000594   Section        0  usb_bsp.o(.text)
    .text                                    0x08000668   Section        0  usbd_desc.o(.text)
    .text                                    0x0800079c   Section        0  usbd_usr.o(.text)
    .text                                    0x080007ac   Section        0  usb_core.o(.text)
    USB_OTG_EnableCommonInt                  0x080007ad   Thumb Code    52  usb_core.o(.text)
    USB_OTG_CoreReset                        0x080007e1   Thumb Code   108  usb_core.o(.text)
    .text                                    0x080017da   Section        0  usb_dcd.o(.text)
    .text                                    0x08001b58   Section        0  usb_dcd_int.o(.text)
    DCD_OTG_ISR                              0x08001b59   Thumb Code    38  usb_dcd_int.o(.text)
    DCD_SessionRequest_ISR                   0x08001b7f   Thumb Code    40  usb_dcd_int.o(.text)
    DCD_IsoOUTIncomplete_ISR                 0x08001ba7   Thumb Code    40  usb_dcd_int.o(.text)
    DCD_IsoINIncomplete_ISR                  0x08001bcf   Thumb Code    40  usb_dcd_int.o(.text)
    DCD_HandleEnumDone_ISR                   0x08001bf7   Thumb Code   102  usb_dcd_int.o(.text)
    DCD_HandleUsbReset_ISR                   0x08001c5d   Thumb Code   254  usb_dcd_int.o(.text)
    DCD_HandleRxStatusQueueLevel_ISR         0x08001d5b   Thumb Code   176  usb_dcd_int.o(.text)
    DCD_HandleSof_ISR                        0x08001e0b   Thumb Code    38  usb_dcd_int.o(.text)
    DCD_HandleUSBSuspend_ISR                 0x08001e31   Thumb Code   158  usb_dcd_int.o(.text)
    DCD_HandleResume_ISR                     0x08001ecf   Thumb Code   100  usb_dcd_int.o(.text)
    DCD_WriteEmptyTxFifo                     0x08001f33   Thumb Code   156  usb_dcd_int.o(.text)
    DCD_ReadDevInEP                          0x08001fcf   Thumb Code    40  usb_dcd_int.o(.text)
    DCD_HandleInEP_ISR                       0x08001ff7   Thumb Code   320  usb_dcd_int.o(.text)
    DCD_HandleOutEP_ISR                      0x08002137   Thumb Code   252  usb_dcd_int.o(.text)
    .text                                    0x08002338   Section        0  usbd_core.o(.text)
    USBD_SetupStage                          0x08002381   Thumb Code    84  usbd_core.o(.text)
    USBD_DataOutStage                        0x080023d5   Thumb Code   150  usbd_core.o(.text)
    USBD_RunTestMode                         0x0800246b   Thumb Code    14  usbd_core.o(.text)
    USBD_DataInStage                         0x08002479   Thumb Code   208  usbd_core.o(.text)
    USBD_Reset                               0x08002549   Thumb Code    50  usbd_core.o(.text)
    USBD_Resume                              0x0800257b   Thumb Code    30  usbd_core.o(.text)
    USBD_Suspend                             0x08002599   Thumb Code    32  usbd_core.o(.text)
    USBD_SOF                                 0x080025b9   Thumb Code    26  usbd_core.o(.text)
    USBD_IsoINIncomplete                     0x08002607   Thumb Code    18  usbd_core.o(.text)
    USBD_IsoOUTIncomplete                    0x08002619   Thumb Code    18  usbd_core.o(.text)
    USBD_DevConnected                        0x0800262b   Thumb Code    24  usbd_core.o(.text)
    USBD_DevDisconnected                     0x08002643   Thumb Code    36  usbd_core.o(.text)
    .text                                    0x0800266c   Section        0  usbd_hid_core.o(.text)
    USBD_HID_Init                            0x0800266d   Thumb Code    34  usbd_hid_core.o(.text)
    USBD_HID_DeInit                          0x0800268f   Thumb Code    26  usbd_hid_core.o(.text)
    USBD_HID_Setup                           0x080026a9   Thumb Code   214  usbd_hid_core.o(.text)
    USBD_HID_GetCfgDesc                      0x080027a1   Thumb Code    10  usbd_hid_core.o(.text)
    USBD_HID_DataIn                          0x080027ab   Thumb Code    18  usbd_hid_core.o(.text)
    .text                                    0x080027d4   Section        0  usbd_ioreq.o(.text)
    .text                                    0x080028c8   Section        0  usbd_req.o(.text)
    USBD_ClrFeature                          0x080028e7   Thumb Code    72  usbd_req.o(.text)
    USBD_SetFeature                          0x0800292f   Thumb Code   160  usbd_req.o(.text)
    USBD_GetStatus                           0x080029cf   Thumb Code    74  usbd_req.o(.text)
    USBD_GetConfig                           0x08002a19   Thumb Code    78  usbd_req.o(.text)
    USBD_SetConfig                           0x08002a67   Thumb Code   204  usbd_req.o(.text)
    USBD_SetAddress                          0x08002b33   Thumb Code    92  usbd_req.o(.text)
    USBD_GetDescriptor                       0x08002b8f   Thumb Code   382  usbd_req.o(.text)
    USBD_GetLen                              0x08002f7f   Thumb Code    20  usbd_req.o(.text)
    .text                                    0x08002fe8   Section        0  misc.o(.text)
    .text                                    0x080030c8   Section        0  stm32f4xx_rcc.o(.text)
    .text                                    0x08003650   Section        0  stm32f4xx_gpio.o(.text)
    .text                                    0x080038ac   Section        0  heapauxi.o(.text)
    .text                                    0x080038b2   Section       74  sys_stackheap_outer.o(.text)
    .text                                    0x080038fc   Section        0  exit.o(.text)
    .text                                    0x08003908   Section        8  libspace.o(.text)
    .text                                    0x08003910   Section        0  sys_exit.o(.text)
    .text                                    0x0800391c   Section        2  use_no_semi.o(.text)
    .text                                    0x0800391e   Section        0  indicate_semi.o(.text)
    x$fpl$fpinit                             0x0800391e   Section       10  fpinit.o(x$fpl$fpinit)
    $v0                                      0x0800391e   Number         0  fpinit.o(x$fpl$fpinit)
    .data                                    0x20000000   Section       20  system_stm32f4xx.o(.data)
    .data                                    0x20000014   Section        8  stm32fxxx_it.o(.data)
    HID_Buffer                               0x20000018   Data           4  stm32fxxx_it.o(.data)
    .data                                    0x2000001c   Section       64  usbd_desc.o(.data)
    .data                                    0x2000005c   Section       28  usbd_usr.o(.data)
    .data                                    0x20000078   Section       52  usbd_core.o(.data)
    .data                                    0x200000ac   Section      182  usbd_hid_core.o(.data)
    USBD_HID_AltSet                          0x200000dc   Data           4  usbd_hid_core.o(.data)
    USBD_HID_Protocol                        0x200000e0   Data           4  usbd_hid_core.o(.data)
    USBD_HID_IdleState                       0x200000e4   Data           4  usbd_hid_core.o(.data)
    USBD_HID_CfgDesc                         0x200000e8   Data          34  usbd_hid_core.o(.data)
    USBD_HID_Desc                            0x2000010c   Data           9  usbd_hid_core.o(.data)
    HID_MOUSE_ReportDesc                     0x20000118   Data          74  usbd_hid_core.o(.data)
    .data                                    0x20000164   Section       13  usbd_req.o(.data)
    cfgidx                                   0x20000170   Data           1  usbd_req.o(.data)
    .data                                    0x20000171   Section       16  stm32f4xx_rcc.o(.data)
    APBAHBPrescTable                         0x20000171   Data          16  stm32f4xx_rcc.o(.data)
    .bss                                     0x20000184   Section     1524  app.o(.bss)
    .bss                                     0x20000778   Section       64  usbd_req.o(.bss)
    .bss                                     0x200007b8   Section       96  libspace.o(.bss)
    HEAP                                     0x20000818   Section      512  startup_stm32f4xx.o(HEAP)
    Heap_Mem                                 0x20000818   Data         512  startup_stm32f4xx.o(HEAP)
    STACK                                    0x20000a18   Section     1024  startup_stm32f4xx.o(STACK)
    Stack_Mem                                0x20000a18   Data        1024  startup_stm32f4xx.o(STACK)
    __initial_sp                             0x20000e18   Data           0  startup_stm32f4xx.o(STACK)

    Global Symbols

    Symbol Name                              Value     Ov Type        Size  Object(Section)

    BuildAttributes$$THM_ISAv4$E$P$D$K$B$S$7EM$VFPi3$EXTD16$VFPS$VFMA$PE$A:L22UL41UL21$X:L11$S22US41US21$IEEE1$IW$USESV6$~STKCKD$USESV7$~SHL$OSPACE$ROPI$EBA8$UX$STANDARDLIB$REQ8$PRES8$EABIv2 0x00000000   Number         0  anon$$obj.o ABSOLUTE
    __ARM_use_no_argv                        0x00000000   Number         0  app.o ABSOLUTE
    __ARM_exceptions_init                     - Undefined Weak Reference
    __alloca_initialize                       - Undefined Weak Reference
    __arm_preinit_                            - Undefined Weak Reference
    __cpp_initialize__aeabi_                  - Undefined Weak Reference
    __cxa_finalize                            - Undefined Weak Reference
    __rt_locale                               - Undefined Weak Reference
    __sigvec_lookup                           - Undefined Weak Reference
    _atexit_init                              - Undefined Weak Reference
    _call_atexit_fns                          - Undefined Weak Reference
    _clock_init                               - Undefined Weak Reference
    _fp_trap_init                             - Undefined Weak Reference
    _fp_trap_shutdown                         - Undefined Weak Reference
    _get_lc_collate                           - Undefined Weak Reference
    _get_lc_ctype                             - Undefined Weak Reference
    _get_lc_monetary                          - Undefined Weak Reference
    _get_lc_numeric                           - Undefined Weak Reference
    _get_lc_time                              - Undefined Weak Reference
    _getenv_init                              - Undefined Weak Reference
    _handle_redirection                       - Undefined Weak Reference
    _init_alloc                               - Undefined Weak Reference
    _init_user_alloc                          - Undefined Weak Reference
    _initio                                   - Undefined Weak Reference
    _rand_init                                - Undefined Weak Reference
    _signal_finish                            - Undefined Weak Reference
    _signal_init                              - Undefined Weak Reference
    _terminate_alloc                          - Undefined Weak Reference
    _terminate_user_alloc                     - Undefined Weak Reference
    _terminateio                              - Undefined Weak Reference
    __Vectors_Size                           0x00000188   Number         0  startup_stm32f4xx.o ABSOLUTE
    __Vectors                                0x08000000   Data           4  startup_stm32f4xx.o(RESET)
    __Vectors_End                            0x08000188   Data           0  startup_stm32f4xx.o(RESET)
    __main                                   0x08000189   Thumb Code     8  __main.o(!!!main)
    __scatterload                            0x08000191   Thumb Code     0  __scatter.o(!!!scatter)
    __scatterload_rt2                        0x08000191   Thumb Code    44  __scatter.o(!!!scatter)
    __scatterload_rt2_thumb_only             0x08000191   Thumb Code     0  __scatter.o(!!!scatter)
    __scatterload_null                       0x0800019f   Thumb Code     0  __scatter.o(!!!scatter)
    __decompress                             0x080001c5   Thumb Code    90  __dczerorl2.o(!!dczerorl2)
    __decompress1                            0x080001c5   Thumb Code     0  __dczerorl2.o(!!dczerorl2)
    __scatterload_zeroinit                   0x08000221   Thumb Code    28  __scatter_zi.o(!!handler_zi)
    __rt_lib_init                            0x0800023d   Thumb Code     0  libinit.o(.ARM.Collect$$libinit$$00000000)
    __rt_lib_init_fp_1                       0x0800023f   Thumb Code     0  libinit2.o(.ARM.Collect$$libinit$$00000001)
    __rt_lib_init_alloca_1                   0x08000243   Thumb Code     0  libinit2.o(.ARM.Collect$$libinit$$0000002E)
    __rt_lib_init_argv_1                     0x08000243   Thumb Code     0  libinit2.o(.ARM.Collect$$libinit$$0000002C)
    __rt_lib_init_atexit_1                   0x08000243   Thumb Code     0  libinit2.o(.ARM.Collect$$libinit$$0000001B)
    __rt_lib_init_clock_1                    0x08000243   Thumb Code     0  libinit2.o(.ARM.Collect$$libinit$$00000021)
    __rt_lib_init_cpp_1                      0x08000243   Thumb Code     0  libinit2.o(.ARM.Collect$$libinit$$00000032)
    __rt_lib_init_exceptions_1               0x08000243   Thumb Code     0  libinit2.o(.ARM.Collect$$libinit$$00000030)
    __rt_lib_init_fp_trap_1                  0x08000243   Thumb Code     0  libinit2.o(.ARM.Collect$$libinit$$0000001F)
    __rt_lib_init_getenv_1                   0x08000243   Thumb Code     0  libinit2.o(.ARM.Collect$$libinit$$00000023)
    __rt_lib_init_heap_1                     0x08000243   Thumb Code     0  libinit2.o(.ARM.Collect$$libinit$$0000000A)
    __rt_lib_init_lc_collate_1               0x08000243   Thumb Code     0  libinit2.o(.ARM.Collect$$libinit$$00000011)
    __rt_lib_init_lc_ctype_1                 0x08000243   Thumb Code     0  libinit2.o(.ARM.Collect$$libinit$$00000013)
    __rt_lib_init_lc_monetary_1              0x08000243   Thumb Code     0  libinit2.o(.ARM.Collect$$libinit$$00000015)
    __rt_lib_init_lc_numeric_1               0x08000243   Thumb Code     0  libinit2.o(.ARM.Collect$$libinit$$00000017)
    __rt_lib_init_lc_time_1                  0x08000243   Thumb Code     0  libinit2.o(.ARM.Collect$$libinit$$00000019)
    __rt_lib_init_preinit_1                  0x08000243   Thumb Code     0  libinit2.o(.ARM.Collect$$libinit$$00000004)
    __rt_lib_init_rand_1                     0x08000243   Thumb Code     0  libinit2.o(.ARM.Collect$$libinit$$0000000E)
    __rt_lib_init_return                     0x08000243   Thumb Code     0  libinit2.o(.ARM.Collect$$libinit$$00000033)
    __rt_lib_init_signal_1                   0x08000243   Thumb Code     0  libinit2.o(.ARM.Collect$$libinit$$0000001D)
    __rt_lib_init_stdio_1                    0x08000243   Thumb Code     0  libinit2.o(.ARM.Collect$$libinit$$00000025)
    __rt_lib_init_user_alloc_1               0x08000243   Thumb Code     0  libinit2.o(.ARM.Collect$$libinit$$0000000C)
    __rt_lib_shutdown                        0x08000245   Thumb Code     0  libshutdown.o(.ARM.Collect$$libshutdown$$00000000)
    __rt_lib_shutdown_fp_trap_1              0x08000247   Thumb Code     0  libshutdown2.o(.ARM.Collect$$libshutdown$$00000006)
    __rt_lib_shutdown_heap_1                 0x08000247   Thumb Code     0  libshutdown2.o(.ARM.Collect$$libshutdown$$0000000E)
    __rt_lib_shutdown_return                 0x08000247   Thumb Code     0  libshutdown2.o(.ARM.Collect$$libshutdown$$0000000F)
    __rt_lib_shutdown_signal_1               0x08000247   Thumb Code     0  libshutdown2.o(.ARM.Collect$$libshutdown$$00000009)
    __rt_lib_shutdown_stdio_1                0x08000247   Thumb Code     0  libshutdown2.o(.ARM.Collect$$libshutdown$$00000003)
    __rt_lib_shutdown_user_alloc_1           0x08000247   Thumb Code     0  libshutdown2.o(.ARM.Collect$$libshutdown$$0000000B)
    __rt_entry                               0x08000249   Thumb Code     0  __rtentry.o(.ARM.Collect$$rtentry$$00000000)
    __rt_entry_presh_1                       0x08000249   Thumb Code     0  __rtentry2.o(.ARM.Collect$$rtentry$$00000002)
    __rt_entry_sh                            0x08000249   Thumb Code     0  __rtentry4.o(.ARM.Collect$$rtentry$$00000004)
    __rt_entry_li                            0x0800024f   Thumb Code     0  __rtentry2.o(.ARM.Collect$$rtentry$$0000000A)
    __rt_entry_postsh_1                      0x0800024f   Thumb Code     0  __rtentry2.o(.ARM.Collect$$rtentry$$00000009)
    __rt_entry_main                          0x08000253   Thumb Code     0  __rtentry2.o(.ARM.Collect$$rtentry$$0000000D)
    __rt_entry_postli_1                      0x08000253   Thumb Code     0  __rtentry2.o(.ARM.Collect$$rtentry$$0000000C)
    __rt_exit                                0x0800025b   Thumb Code     0  rtexit.o(.ARM.Collect$$rtexit$$00000000)
    __rt_exit_ls                             0x0800025d   Thumb Code     0  rtexit2.o(.ARM.Collect$$rtexit$$00000003)
    __rt_exit_prels_1                        0x0800025d   Thumb Code     0  rtexit2.o(.ARM.Collect$$rtexit$$00000002)
    __rt_exit_exit                           0x08000261   Thumb Code     0  rtexit2.o(.ARM.Collect$$rtexit$$00000004)
    SystemInit                               0x08000345   Thumb Code    88  system_stm32f4xx.o(.text)
    SystemCoreClockUpdate                    0x0800039d   Thumb Code   174  system_stm32f4xx.o(.text)
    Reset_Handler                            0x08000479   Thumb Code     8  startup_stm32f4xx.o(.text)
    ADC_IRQHandler                           0x08000493   Thumb Code     0  startup_stm32f4xx.o(.text)
    CAN1_RX0_IRQHandler                      0x08000493   Thumb Code     0  startup_stm32f4xx.o(.text)
    CAN1_RX1_IRQHandler                      0x08000493   Thumb Code     0  startup_stm32f4xx.o(.text)
    CAN1_SCE_IRQHandler                      0x08000493   Thumb Code     0  startup_stm32f4xx.o(.text)
    CAN1_TX_IRQHandler                       0x08000493   Thumb Code     0  startup_stm32f4xx.o(.text)
    CAN2_RX0_IRQHandler                      0x08000493   Thumb Code     0  startup_stm32f4xx.o(.text)
    CAN2_RX1_IRQHandler                      0x08000493   Thumb Code     0  startup_stm32f4xx.o(.text)
    CAN2_SCE_IRQHandler                      0x08000493   Thumb Code     0  startup_stm32f4xx.o(.text)
    CAN2_TX_IRQHandler                       0x08000493   Thumb Code     0  startup_stm32f4xx.o(.text)
    CRYP_IRQHandler                          0x08000493   Thumb Code     0  startup_stm32f4xx.o(.text)
    DCMI_IRQHandler                          0x08000493   Thumb Code     0  startup_stm32f4xx.o(.text)
    DMA1_Stream0_IRQHandler                  0x08000493   Thumb Code     0  startup_stm32f4xx.o(.text)
    DMA1_Stream1_IRQHandler                  0x08000493   Thumb Code     0  startup_stm32f4xx.o(.text)
    DMA1_Stream2_IRQHandler                  0x08000493   Thumb Code     0  startup_stm32f4xx.o(.text)
    DMA1_Stream3_IRQHandler                  0x08000493   Thumb Code     0  startup_stm32f4xx.o(.text)
    DMA1_Stream4_IRQHandler                  0x08000493   Thumb Code     0  startup_stm32f4xx.o(.text)
    DMA1_Stream5_IRQHandler                  0x08000493   Thumb Code     0  startup_stm32f4xx.o(.text)
    DMA1_Stream6_IRQHandler                  0x08000493   Thumb Code     0  startup_stm32f4xx.o(.text)
    DMA1_Stream7_IRQHandler                  0x08000493   Thumb Code     0  startup_stm32f4xx.o(.text)
    DMA2_Stream0_IRQHandler                  0x08000493   Thumb Code     0  startup_stm32f4xx.o(.text)
    DMA2_Stream1_IRQHandler                  0x08000493   Thumb Code     0  startup_stm32f4xx.o(.text)
    DMA2_Stream2_IRQHandler                  0x08000493   Thumb Code     0  startup_stm32f4xx.o(.text)
    DMA2_Stream3_IRQHandler                  0x08000493   Thumb Code     0  startup_stm32f4xx.o(.text)
    DMA2_Stream4_IRQHandler                  0x08000493   Thumb Code     0  startup_stm32f4xx.o(.text)
    DMA2_Stream5_IRQHandler                  0x08000493   Thumb Code     0  startup_stm32f4xx.o(.text)
    DMA2_Stream6_IRQHandler                  0x08000493   Thumb Code     0  startup_stm32f4xx.o(.text)
    DMA2_Stream7_IRQHandler                  0x08000493   Thumb Code     0  startup_stm32f4xx.o(.text)
    ETH_IRQHandler                           0x08000493   Thumb Code     0  startup_stm32f4xx.o(.text)
    ETH_WKUP_IRQHandler                      0x08000493   Thumb Code     0  startup_stm32f4xx.o(.text)
    EXTI0_IRQHandler                         0x08000493   Thumb Code     0  startup_stm32f4xx.o(.text)
    EXTI15_10_IRQHandler                     0x08000493   Thumb Code     0  startup_stm32f4xx.o(.text)
    EXTI1_IRQHandler                         0x08000493   Thumb Code     0  startup_stm32f4xx.o(.text)
    EXTI2_IRQHandler                         0x08000493   Thumb Code     0  startup_stm32f4xx.o(.text)
    EXTI3_IRQHandler                         0x08000493   Thumb Code     0  startup_stm32f4xx.o(.text)
    EXTI4_IRQHandler                         0x08000493   Thumb Code     0  startup_stm32f4xx.o(.text)
    EXTI9_5_IRQHandler                       0x08000493   Thumb Code     0  startup_stm32f4xx.o(.text)
    FLASH_IRQHandler                         0x08000493   Thumb Code     0  startup_stm32f4xx.o(.text)
    FPU_IRQHandler                           0x08000493   Thumb Code     0  startup_stm32f4xx.o(.text)
    FSMC_IRQHandler                          0x08000493   Thumb Code     0  startup_stm32f4xx.o(.text)
    HASH_RNG_IRQHandler                      0x08000493   Thumb Code     0  startup_stm32f4xx.o(.text)
    I2C1_ER_IRQHandler                       0x08000493   Thumb Code     0  startup_stm32f4xx.o(.text)
    I2C1_EV_IRQHandler                       0x08000493   Thumb Code     0  startup_stm32f4xx.o(.text)
    I2C2_ER_IRQHandler                       0x08000493   Thumb Code     0  startup_stm32f4xx.o(.text)
    I2C2_EV_IRQHandler                       0x08000493   Thumb Code     0  startup_stm32f4xx.o(.text)
    I2C3_ER_IRQHandler                       0x08000493   Thumb Code     0  startup_stm32f4xx.o(.text)
    I2C3_EV_IRQHandler                       0x08000493   Thumb Code     0  startup_stm32f4xx.o(.text)
    OTG_FS_IRQHandler                        0x08000493   Thumb Code     0  startup_stm32f4xx.o(.text)
    OTG_FS_WKUP_IRQHandler                   0x08000493   Thumb Code     0  startup_stm32f4xx.o(.text)
    OTG_HS_EP1_IN_IRQHandler                 0x08000493   Thumb Code     0  startup_stm32f4xx.o(.text)
    OTG_HS_EP1_OUT_IRQHandler                0x08000493   Thumb Code     0  startup_stm32f4xx.o(.text)
    OTG_HS_WKUP_IRQHandler                   0x08000493   Thumb Code     0  startup_stm32f4xx.o(.text)
    PVD_IRQHandler                           0x08000493   Thumb Code     0  startup_stm32f4xx.o(.text)
    RCC_IRQHandler                           0x08000493   Thumb Code     0  startup_stm32f4xx.o(.text)
    RTC_Alarm_IRQHandler                     0x08000493   Thumb Code     0  startup_stm32f4xx.o(.text)
    RTC_WKUP_IRQHandler                      0x08000493   Thumb Code     0  startup_stm32f4xx.o(.text)
    SDIO_IRQHandler                          0x08000493   Thumb Code     0  startup_stm32f4xx.o(.text)
    SPI1_IRQHandler                          0x08000493   Thumb Code     0  startup_stm32f4xx.o(.text)
    SPI2_IRQHandler                          0x08000493   Thumb Code     0  startup_stm32f4xx.o(.text)
    SPI3_IRQHandler                          0x08000493   Thumb Code     0  startup_stm32f4xx.o(.text)
    TAMP_STAMP_IRQHandler                    0x08000493   Thumb Code     0  startup_stm32f4xx.o(.text)
    TIM1_BRK_TIM9_IRQHandler                 0x08000493   Thumb Code     0  startup_stm32f4xx.o(.text)
    TIM1_CC_IRQHandler                       0x08000493   Thumb Code     0  startup_stm32f4xx.o(.text)
    TIM1_TRG_COM_TIM11_IRQHandler            0x08000493   Thumb Code     0  startup_stm32f4xx.o(.text)
    TIM1_UP_TIM10_IRQHandler                 0x08000493   Thumb Code     0  startup_stm32f4xx.o(.text)
    TIM2_IRQHandler                          0x08000493   Thumb Code     0  startup_stm32f4xx.o(.text)
    TIM3_IRQHandler                          0x08000493   Thumb Code     0  startup_stm32f4xx.o(.text)
    TIM4_IRQHandler                          0x08000493   Thumb Code     0  startup_stm32f4xx.o(.text)
    TIM5_IRQHandler                          0x08000493   Thumb Code     0  startup_stm32f4xx.o(.text)
    TIM6_DAC_IRQHandler                      0x08000493   Thumb Code     0  startup_stm32f4xx.o(.text)
    TIM7_IRQHandler                          0x08000493   Thumb Code     0  startup_stm32f4xx.o(.text)
    TIM8_BRK_TIM12_IRQHandler                0x08000493   Thumb Code     0  startup_stm32f4xx.o(.text)
    TIM8_CC_IRQHandler                       0x08000493   Thumb Code     0  startup_stm32f4xx.o(.text)
    TIM8_TRG_COM_TIM14_IRQHandler            0x08000493   Thumb Code     0  startup_stm32f4xx.o(.text)
    TIM8_UP_TIM13_IRQHandler                 0x08000493   Thumb Code     0  startup_stm32f4xx.o(.text)
    UART4_IRQHandler                         0x08000493   Thumb Code     0  startup_stm32f4xx.o(.text)
    UART5_IRQHandler                         0x08000493   Thumb Code     0  startup_stm32f4xx.o(.text)
    USART1_IRQHandler                        0x08000493   Thumb Code     0  startup_stm32f4xx.o(.text)
    USART2_IRQHandler                        0x08000493   Thumb Code     0  startup_stm32f4xx.o(.text)
    USART3_IRQHandler                        0x08000493   Thumb Code     0  startup_stm32f4xx.o(.text)
    USART6_IRQHandler                        0x08000493   Thumb Code     0  startup_stm32f4xx.o(.text)
    WWDG_IRQHandler                          0x08000493   Thumb Code     0  startup_stm32f4xx.o(.text)
    __user_initial_stackheap                 0x08000495   Thumb Code     0  startup_stm32f4xx.o(.text)
    main                                     0x080004b9   Thumb Code   104  app.o(.text)
    NMI_Handler                              0x0800053d   Thumb Code     2  stm32fxxx_it.o(.text)
    HardFault_Handler                        0x0800053f   Thumb Code     4  stm32fxxx_it.o(.text)
    MemManage_Handler                        0x08000543   Thumb Code     4  stm32fxxx_it.o(.text)
    BusFault_Handler                         0x08000547   Thumb Code     4  stm32fxxx_it.o(.text)
    UsageFault_Handler                       0x0800054b   Thumb Code     4  stm32fxxx_it.o(.text)
    SVC_Handler                              0x0800054f   Thumb Code     2  stm32fxxx_it.o(.text)
    DebugMon_Handler                         0x08000551   Thumb Code     2  stm32fxxx_it.o(.text)
    PendSV_Handler                           0x08000553   Thumb Code     2  stm32fxxx_it.o(.text)
    SysTick_Handler                          0x0800056d   Thumb Code    20  stm32fxxx_it.o(.text)
    OTG_HS_IRQHandler                        0x08000581   Thumb Code    10  stm32fxxx_it.o(.text)
    USB_OTG_BSP_Init                         0x08000595   Thumb Code   116  usb_bsp.o(.text)
    USB_OTG_BSP_EnableInterrupt              0x08000609   Thumb Code    44  usb_bsp.o(.text)
    USB_OTG_BSP_uDelay                       0x08000635   Thumb Code    30  usb_bsp.o(.text)
    USB_OTG_BSP_mDelay                       0x08000653   Thumb Code    18  usb_bsp.o(.text)
    USBD_USR_DeviceDescriptor                0x08000669   Thumb Code    10  usbd_desc.o(.text)
    USBD_USR_LangIDStrDescriptor             0x08000673   Thumb Code    10  usbd_desc.o(.text)
    USBD_USR_ProductStrDescriptor            0x0800067d   Thumb Code    34  usbd_desc.o(.text)
    USBD_USR_ManufacturerStrDescriptor       0x0800069f   Thumb Code    20  usbd_desc.o(.text)
    USBD_USR_SerialStrDescriptor             0x080006b3   Thumb Code    34  usbd_desc.o(.text)
    USBD_USR_ConfigStrDescriptor             0x080006d5   Thumb Code    34  usbd_desc.o(.text)
    USBD_USR_InterfaceStrDescriptor          0x080006f7   Thumb Code    34  usbd_desc.o(.text)
    USBD_USR_Init                            0x0800079d   Thumb Code     2  usbd_usr.o(.text)
    USBD_USR_DeviceReset                     0x0800079f   Thumb Code     2  usbd_usr.o(.text)
    USBD_USR_DeviceConfigured                0x080007a1   Thumb Code     2  usbd_usr.o(.text)
    USBD_USR_DeviceConnected                 0x080007a3   Thumb Code     2  usbd_usr.o(.text)
    USBD_USR_DeviceDisconnected              0x080007a5   Thumb Code     2  usbd_usr.o(.text)
    USBD_USR_DeviceSuspended                 0x080007a7   Thumb Code     2  usbd_usr.o(.text)
    USBD_USR_DeviceResumed                   0x080007a9   Thumb Code     2  usbd_usr.o(.text)
    USB_OTG_WritePacket                      0x0800084d   Thumb Code    64  usb_core.o(.text)
    USB_OTG_ReadPacket                       0x0800088d   Thumb Code    40  usb_core.o(.text)
    USB_OTG_SelectCore                       0x080008b5   Thumb Code   212  usb_core.o(.text)
    USB_OTG_CoreInit                         0x08000989   Thumb Code   282  usb_core.o(.text)
    USB_OTG_EnableGlobalInt                  0x08000aa3   Thumb Code    34  usb_core.o(.text)
    USB_OTG_DisableGlobalInt                 0x08000ac5   Thumb Code    34  usb_core.o(.text)
    USB_OTG_FlushTxFifo                      0x08000ae7   Thumb Code    80  usb_core.o(.text)
    USB_OTG_FlushRxFifo                      0x08000b37   Thumb Code    70  usb_core.o(.text)
    USB_OTG_SetCurrentMode                   0x08000b7d   Thumb Code    78  usb_core.o(.text)
    USB_OTG_GetMode                          0x08000bcb   Thumb Code    12  usb_core.o(.text)
    USB_OTG_IsDeviceMode                     0x08000bd7   Thumb Code    30  usb_core.o(.text)
    USB_OTG_IsHostMode                       0x08000bf5   Thumb Code    20  usb_core.o(.text)
    USB_OTG_ReadCoreItr                      0x08000c09   Thumb Code    16  usb_core.o(.text)
    USB_OTG_ReadOtgItr                       0x08000c19   Thumb Code     8  usb_core.o(.text)
    USB_OTG_InitDevSpeed                     0x08000c21   Thumb Code    24  usb_core.o(.text)
    USB_OTG_EnableDevInt                     0x08000c39   Thumb Code   176  usb_core.o(.text)
    USB_OTG_CoreInitDev                      0x08000ce9   Thumb Code   594  usb_core.o(.text)
    USB_OTG_GetDeviceSpeed                   0x08000f3b   Thumb Code    52  usb_core.o(.text)
    USB_OTG_EP0Activate                      0x08000f6f   Thumb Code   106  usb_core.o(.text)
    USB_OTG_EPActivate                       0x08000fd9   Thumb Code   152  usb_core.o(.text)
    USB_OTG_EPDeactivate                     0x08001071   Thumb Code    94  usb_core.o(.text)
    USB_OTG_EPStartXfer                      0x080010cf   Thumb Code   502  usb_core.o(.text)
    USB_OTG_EP0StartXfer                     0x080012c5   Thumb Code   342  usb_core.o(.text)
    USB_OTG_EPSetStall                       0x0800141b   Thumb Code   100  usb_core.o(.text)
    USB_OTG_EPClearStall                     0x0800147f   Thumb Code    80  usb_core.o(.text)
    USB_OTG_ReadDevAllOutEp_itr              0x080014cf   Thumb Code    16  usb_core.o(.text)
    USB_OTG_ReadDevOutEP_itr                 0x080014df   Thumb Code    20  usb_core.o(.text)
    USB_OTG_ReadDevAllInEPItr                0x080014f3   Thumb Code    16  usb_core.o(.text)
    USB_OTG_EP0_OutStart                     0x08001503   Thumb Code    98  usb_core.o(.text)
    USB_OTG_ActiveRemoteWakeup               0x08001565   Thumb Code   106  usb_core.o(.text)
    USB_OTG_UngateClock                      0x080015cf   Thumb Code    54  usb_core.o(.text)
    USB_OTG_StopDevice                       0x08001605   Thumb Code    82  usb_core.o(.text)
    USB_OTG_GetEPStatus                      0x08001657   Thumb Code   106  usb_core.o(.text)
    USB_OTG_SetEPStatus                      0x080016c1   Thumb Code   282  usb_core.o(.text)
    DCD_Init                                 0x080017db   Thumb Code   156  usb_dcd.o(.text)
    DCD_EP_Open                              0x08001877   Thumb Code   104  usb_dcd.o(.text)
    DCD_EP_Close                             0x080018df   Thumb Code    74  usb_dcd.o(.text)
    DCD_EP_PrepareRx                         0x08001929   Thumb Code    82  usb_dcd.o(.text)
    DCD_EP_Tx                                0x0800197b   Thumb Code    78  usb_dcd.o(.text)
    DCD_EP_Stall                             0x080019c9   Thumb Code    72  usb_dcd.o(.text)
    DCD_EP_ClrStall                          0x08001a11   Thumb Code    72  usb_dcd.o(.text)
    DCD_EP_Flush                             0x08001a59   Thumb Code    36  usb_dcd.o(.text)
    DCD_EP_SetAddress                        0x08001a7d   Thumb Code    28  usb_dcd.o(.text)
    DCD_DevConnect                           0x08001a99   Thumb Code    32  usb_dcd.o(.text)
    DCD_DevDisconnect                        0x08001ab9   Thumb Code    34  usb_dcd.o(.text)
    DCD_GetEPStatus                          0x08001adb   Thumb Code    64  usb_dcd.o(.text)
    DCD_SetEPStatus                          0x08001b1b   Thumb Code    62  usb_dcd.o(.text)
    USBD_OTG_ISR_Handler                     0x08002233   Thumb Code   256  usb_dcd_int.o(.text)
    USBD_DeInit                              0x08002339   Thumb Code     6  usbd_core.o(.text)
    USBD_Init                                0x0800233f   Thumb Code    66  usbd_core.o(.text)
    USBD_SetCfg                              0x080025d3   Thumb Code    30  usbd_core.o(.text)
    USBD_ClrCfg                              0x080025f1   Thumb Code    22  usbd_core.o(.text)
    USBD_HID_SendReport                      0x0800277f   Thumb Code    34  usbd_hid_core.o(.text)
    USBD_CtlSendData                         0x080027d5   Thumb Code    46  usbd_ioreq.o(.text)
    USBD_CtlContinueSendData                 0x08002803   Thumb Code    30  usbd_ioreq.o(.text)
    USBD_CtlPrepareRx                        0x08002821   Thumb Code    46  usbd_ioreq.o(.text)
    USBD_CtlContinueRx                       0x0800284f   Thumb Code    30  usbd_ioreq.o(.text)
    USBD_CtlSendStatus                       0x0800286d   Thumb Code    36  usbd_ioreq.o(.text)
    USBD_CtlReceiveStatus                    0x08002891   Thumb Code    36  usbd_ioreq.o(.text)
    USBD_GetRxCount                          0x080028b5   Thumb Code    20  usbd_ioreq.o(.text)
    USBD_CtlError                            0x080028c9   Thumb Code    30  usbd_req.o(.text)
    USBD_StdDevReq                           0x08002d0d   Thumb Code   114  usbd_req.o(.text)
    USBD_StdItfReq                           0x08002d7f   Thumb Code    96  usbd_req.o(.text)
    USBD_StdEPReq                            0x08002ddf   Thumb Code   344  usbd_req.o(.text)
    USBD_ParseSetupRequest                   0x08002f37   Thumb Code    72  usbd_req.o(.text)
    USBD_GetString                           0x08002f93   Thumb Code    82  usbd_req.o(.text)
    NVIC_PriorityGroupConfig                 0x08002fe9   Thumb Code    10  misc.o(.text)
    NVIC_Init                                0x08002ff3   Thumb Code   106  misc.o(.text)
    NVIC_SetVectorTable                      0x0800305d   Thumb Code    14  misc.o(.text)
    NVIC_SystemLPConfig                      0x0800306b   Thumb Code    34  misc.o(.text)
    SysTick_CLKSourceConfig                  0x0800308d   Thumb Code    40  misc.o(.text)
    RCC_DeInit                               0x080030c9   Thumb Code    60  stm32f4xx_rcc.o(.text)
    RCC_HSEConfig                            0x08003105   Thumb Code    14  stm32f4xx_rcc.o(.text)
    RCC_GetFlagStatus                        0x08003113   Thumb Code    60  stm32f4xx_rcc.o(.text)
    RCC_WaitForHSEStartUp                    0x0800314f   Thumb Code    56  stm32f4xx_rcc.o(.text)
    RCC_AdjustHSICalibrationValue            0x08003187   Thumb Code    20  stm32f4xx_rcc.o(.text)
    RCC_HSICmd                               0x0800319b   Thumb Code     6  stm32f4xx_rcc.o(.text)
    RCC_LSEConfig                            0x080031a1   Thumb Code    46  stm32f4xx_rcc.o(.text)
    RCC_LSICmd                               0x080031cf   Thumb Code     6  stm32f4xx_rcc.o(.text)
    RCC_PLLConfig                            0x080031d5   Thumb Code    32  stm32f4xx_rcc.o(.text)
    RCC_PLLCmd                               0x080031f5   Thumb Code     6  stm32f4xx_rcc.o(.text)
    RCC_PLLI2SConfig                         0x080031fb   Thumb Code    14  stm32f4xx_rcc.o(.text)
    RCC_PLLI2SCmd                            0x08003209   Thumb Code     6  stm32f4xx_rcc.o(.text)
    RCC_ClockSecuritySystemCmd               0x0800320f   Thumb Code     6  stm32f4xx_rcc.o(.text)
    RCC_MCO1Config                           0x08003215   Thumb Code    28  stm32f4xx_rcc.o(.text)
    RCC_MCO2Config                           0x08003231   Thumb Code    28  stm32f4xx_rcc.o(.text)
    RCC_SYSCLKConfig                         0x0800324d   Thumb Code    20  stm32f4xx_rcc.o(.text)
    RCC_GetSYSCLKSource                      0x08003261   Thumb Code    12  stm32f4xx_rcc.o(.text)
    RCC_HCLKConfig                           0x0800326d   Thumb Code    20  stm32f4xx_rcc.o(.text)
    RCC_PCLK1Config                          0x08003281   Thumb Code    20  stm32f4xx_rcc.o(.text)
    RCC_PCLK2Config                          0x08003295   Thumb Code    22  stm32f4xx_rcc.o(.text)
    RCC_GetClocksFreq                        0x080032ab   Thumb Code   222  stm32f4xx_rcc.o(.text)
    RCC_RTCCLKConfig                         0x08003389   Thumb Code    54  stm32f4xx_rcc.o(.text)
    RCC_RTCCLKCmd                            0x080033bf   Thumb Code     8  stm32f4xx_rcc.o(.text)
    RCC_BackupResetCmd                       0x080033c7   Thumb Code     8  stm32f4xx_rcc.o(.text)
    RCC_I2SCLKConfig                         0x080033cf   Thumb Code     6  stm32f4xx_rcc.o(.text)
    RCC_AHB1PeriphClockCmd                   0x080033d5   Thumb Code    34  stm32f4xx_rcc.o(.text)
    RCC_AHB2PeriphClockCmd                   0x080033f7   Thumb Code    34  stm32f4xx_rcc.o(.text)
    RCC_AHB3PeriphClockCmd                   0x08003419   Thumb Code    34  stm32f4xx_rcc.o(.text)
    RCC_APB1PeriphClockCmd                   0x0800343b   Thumb Code    34  stm32f4xx_rcc.o(.text)
    RCC_APB2PeriphClockCmd                   0x0800345d   Thumb Code    34  stm32f4xx_rcc.o(.text)
    RCC_AHB1PeriphResetCmd                   0x0800347f   Thumb Code    34  stm32f4xx_rcc.o(.text)
    RCC_AHB2PeriphResetCmd                   0x080034a1   Thumb Code    72  stm32f4xx_rcc.o(.text)
    RCC_AHB3PeriphResetCmd                   0x080034e9   Thumb Code    34  stm32f4xx_rcc.o(.text)
    RCC_APB1PeriphResetCmd                   0x0800350b   Thumb Code    34  stm32f4xx_rcc.o(.text)
    RCC_APB2PeriphResetCmd                   0x0800352d   Thumb Code    34  stm32f4xx_rcc.o(.text)
    RCC_AHB1PeriphClockLPModeCmd             0x0800354f   Thumb Code    34  stm32f4xx_rcc.o(.text)
    RCC_AHB2PeriphClockLPModeCmd             0x08003571   Thumb Code    34  stm32f4xx_rcc.o(.text)
    RCC_AHB3PeriphClockLPModeCmd             0x08003593   Thumb Code    34  stm32f4xx_rcc.o(.text)
    RCC_APB1PeriphClockLPModeCmd             0x080035b5   Thumb Code    34  stm32f4xx_rcc.o(.text)
    RCC_APB2PeriphClockLPModeCmd             0x080035d7   Thumb Code    34  stm32f4xx_rcc.o(.text)
    RCC_ITConfig                             0x080035f9   Thumb Code    34  stm32f4xx_rcc.o(.text)
    RCC_ClearFlag                            0x0800361b   Thumb Code    18  stm32f4xx_rcc.o(.text)
    RCC_GetITStatus                          0x0800362d   Thumb Code    22  stm32f4xx_rcc.o(.text)
    RCC_ClearITPendingBit                    0x08003643   Thumb Code     8  stm32f4xx_rcc.o(.text)
    GPIO_DeInit                              0x08003651   Thumb Code   220  stm32f4xx_gpio.o(.text)
    GPIO_Init                                0x0800372d   Thumb Code   144  stm32f4xx_gpio.o(.text)
    GPIO_StructInit                          0x080037bd   Thumb Code    18  stm32f4xx_gpio.o(.text)
    GPIO_PinLockConfig                       0x080037cf   Thumb Code    34  stm32f4xx_gpio.o(.text)
    GPIO_ReadInputDataBit                    0x080037f1   Thumb Code    18  stm32f4xx_gpio.o(.text)
    GPIO_ReadInputData                       0x08003803   Thumb Code     8  stm32f4xx_gpio.o(.text)
    GPIO_ReadOutputDataBit                   0x0800380b   Thumb Code    18  stm32f4xx_gpio.o(.text)
    GPIO_ReadOutputData                      0x0800381d   Thumb Code     8  stm32f4xx_gpio.o(.text)
    GPIO_SetBits                             0x08003825   Thumb Code     4  stm32f4xx_gpio.o(.text)
    GPIO_ResetBits                           0x08003829   Thumb Code     4  stm32f4xx_gpio.o(.text)
    GPIO_WriteBit                            0x0800382d   Thumb Code    10  stm32f4xx_gpio.o(.text)
    GPIO_Write                               0x08003837   Thumb Code     4  stm32f4xx_gpio.o(.text)
    GPIO_ToggleBits                          0x0800383b   Thumb Code     8  stm32f4xx_gpio.o(.text)
    GPIO_PinAFConfig                         0x08003843   Thumb Code    70  stm32f4xx_gpio.o(.text)
    __use_two_region_memory                  0x080038ad   Thumb Code     2  heapauxi.o(.text)
    __rt_heap_escrow$2region                 0x080038af   Thumb Code     2  heapauxi.o(.text)
    __rt_heap_expand$2region                 0x080038b1   Thumb Code     2  heapauxi.o(.text)
    __user_setup_stackheap                   0x080038b3   Thumb Code    74  sys_stackheap_outer.o(.text)
    exit                                     0x080038fd   Thumb Code    12  exit.o(.text)
    __user_libspace                          0x08003909   Thumb Code     8  libspace.o(.text)
    __user_perproc_libspace                  0x08003909   Thumb Code     0  libspace.o(.text)
    __user_perthread_libspace                0x08003909   Thumb Code     0  libspace.o(.text)
    _sys_exit                                0x08003911   Thumb Code     8  sys_exit.o(.text)
    __I$use$semihosting                      0x0800391d   Thumb Code     0  use_no_semi.o(.text)
    __use_no_semihosting_swi                 0x0800391d   Thumb Code     2  use_no_semi.o(.text)
    __semihosting_library_function           0x0800391f   Thumb Code     0  indicate_semi.o(.text)
    _fp_init                                 0x0800391f   Thumb Code    10  fpinit.o(x$fpl$fpinit)
    __fplib_config_fpu_vfp                   0x08003927   Thumb Code     0  fpinit.o(x$fpl$fpinit)
    __fplib_config_pureend_doubles           0x08003927   Thumb Code     0  fpinit.o(x$fpl$fpinit)
    Region$$Table$$Base                      0x08003928   Number         0  anon$$obj.o(Region$$Table)
    Region$$Table$$Limit                     0x08003948   Number         0  anon$$obj.o(Region$$Table)
    SystemCoreClock                          0x20000000   Data           4  system_stm32f4xx.o(.data)
    AHBPrescTable                            0x20000004   Data          16  system_stm32f4xx.o(.data)
    remote_wakeup                            0x20000014   Data           4  stm32fxxx_it.o(.data)
    USR_desc                                 0x2000001c   Data          28  usbd_desc.o(.data)
    USBD_DeviceDesc                          0x20000038   Data          18  usbd_desc.o(.data)
    USBD_DeviceQualifierDesc                 0x2000004c   Data          10  usbd_desc.o(.data)
    USBD_LangIDDesc                          0x20000058   Data           4  usbd_desc.o(.data)
    USR_cb                                   0x2000005c   Data          28  usbd_usr.o(.data)
    SET_TEST_MODE                            0x20000078   Data           4  usbd_core.o(.data)
    USBD_DCD_INT_cb                          0x2000007c   Data          44  usbd_core.o(.data)
    USBD_DCD_INT_fops                        0x200000a8   Data           4  usbd_core.o(.data)
    USBD_HID_cb                              0x200000ac   Data          48  usbd_hid_core.o(.data)
    USBD_ep_status                           0x20000164   Data           4  usbd_req.o(.data)
    USBD_default_cfg                         0x20000168   Data           4  usbd_req.o(.data)
    USBD_cfg_status                          0x2000016c   Data           4  usbd_req.o(.data)
    USB_OTG_dev                              0x20000184   Data        1524  app.o(.bss)
    USBD_StrDesc                             0x20000778   Data          64  usbd_req.o(.bss)
    __libspace_start                         0x200007b8   Data          96  libspace.o(.bss)
    __temporary_stack_top$libspace           0x20000818   Data           0  libspace.o(.bss)



==============================================================================

Memory Map of the image

  Image Entry point : 0x08000189

  Load Region LR_IROM1 (Base: 0x08000000, Size: 0x00003acc, Max: 0x00200000, ABSOLUTE, COMPRESSED[0x00003a5c])

    Execution Region ER_IROM1 (Base: 0x08000000, Size: 0x00003948, Max: 0x00200000, ABSOLUTE)

    Base Addr    Size         Type   Attr      Idx    E Section Name        Object

    0x08000000   0x00000188   Data   RO          128    RESET               startup_stm32f4xx.o
    0x08000188   0x00000008   Code   RO          481  * !!!main             c_w.l(__main.o)
    0x08000190   0x00000034   Code   RO          639    !!!scatter          c_w.l(__scatter.o)
    0x080001c4   0x0000005a   Code   RO          637    !!dczerorl2         c_w.l(__dczerorl2.o)
    0x0800021e   0x00000002   PAD
    0x08000220   0x0000001c   Code   RO          641    !!handler_zi        c_w.l(__scatter_zi.o)
    0x0800023c   0x00000002   Code   RO          508    .ARM.Collect$$libinit$$00000000  c_w.l(libinit.o)
    0x0800023e   0x00000004   Code   RO          514    .ARM.Collect$$libinit$$00000001  c_w.l(libinit2.o)
    0x08000242   0x00000000   Code   RO          517    .ARM.Collect$$libinit$$00000004  c_w.l(libinit2.o)
    0x08000242   0x00000000   Code   RO          520    .ARM.Collect$$libinit$$0000000A  c_w.l(libinit2.o)
    0x08000242   0x00000000   Code   RO          522    .ARM.Collect$$libinit$$0000000C  c_w.l(libinit2.o)
    0x08000242   0x00000000   Code   RO          524    .ARM.Collect$$libinit$$0000000E  c_w.l(libinit2.o)
    0x08000242   0x00000000   Code   RO          527    .ARM.Collect$$libinit$$00000011  c_w.l(libinit2.o)
    0x08000242   0x00000000   Code   RO          529    .ARM.Collect$$libinit$$00000013  c_w.l(libinit2.o)
    0x08000242   0x00000000   Code   RO          531    .ARM.Collect$$libinit$$00000015  c_w.l(libinit2.o)
    0x08000242   0x00000000   Code   RO          533    .ARM.Collect$$libinit$$00000017  c_w.l(libinit2.o)
    0x08000242   0x00000000   Code   RO          535    .ARM.Collect$$libinit$$00000019  c_w.l(libinit2.o)
    0x08000242   0x00000000   Code   RO          537    .ARM.Collect$$libinit$$0000001B  c_w.l(libinit2.o)
    0x08000242   0x00000000   Code   RO          539    .ARM.Collect$$libinit$$0000001D  c_w.l(libinit2.o)
    0x08000242   0x00000000   Code   RO          541    .ARM.Collect$$libinit$$0000001F  c_w.l(libinit2.o)
    0x08000242   0x00000000   Code   RO          543    .ARM.Collect$$libinit$$00000021  c_w.l(libinit2.o)
    0x08000242   0x00000000   Code   RO          545    .ARM.Collect$$libinit$$00000023  c_w.l(libinit2.o)
    0x08000242   0x00000000   Code   RO          547    .ARM.Collect$$libinit$$00000025  c_w.l(libinit2.o)
    0x08000242   0x00000000   Code   RO          551    .ARM.Collect$$libinit$$0000002C  c_w.l(libinit2.o)
    0x08000242   0x00000000   Code   RO          553    .ARM.Collect$$libinit$$0000002E  c_w.l(libinit2.o)
    0x08000242   0x00000000   Code   RO          555    .ARM.Collect$$libinit$$00000030  c_w.l(libinit2.o)
    0x08000242   0x00000000   Code   RO          557    .ARM.Collect$$libinit$$00000032  c_w.l(libinit2.o)
    0x08000242   0x00000002   Code   RO          558    .ARM.Collect$$libinit$$00000033  c_w.l(libinit2.o)
    0x08000244   0x00000002   Code   RO          578    .ARM.Collect$$libshutdown$$00000000  c_w.l(libshutdown.o)
    0x08000246   0x00000000   Code   RO          592    .ARM.Collect$$libshutdown$$00000003  c_w.l(libshutdown2.o)
    0x08000246   0x00000000   Code   RO          595    .ARM.Collect$$libshutdown$$00000006  c_w.l(libshutdown2.o)
    0x08000246   0x00000000   Code   RO          598    .ARM.Collect$$libshutdown$$00000009  c_w.l(libshutdown2.o)
    0x08000246   0x00000000   Code   RO          600    .ARM.Collect$$libshutdown$$0000000B  c_w.l(libshutdown2.o)
    0x08000246   0x00000000   Code   RO          603    .ARM.Collect$$libshutdown$$0000000E  c_w.l(libshutdown2.o)
    0x08000246   0x00000002   Code   RO          604    .ARM.Collect$$libshutdown$$0000000F  c_w.l(libshutdown2.o)
    0x08000248   0x00000000   Code   RO          483    .ARM.Collect$$rtentry$$00000000  c_w.l(__rtentry.o)
    0x08000248   0x00000000   Code   RO          485    .ARM.Collect$$rtentry$$00000002  c_w.l(__rtentry2.o)
    0x08000248   0x00000006   Code   RO          497    .ARM.Collect$$rtentry$$00000004  c_w.l(__rtentry4.o)
    0x0800024e   0x00000000   Code   RO          487    .ARM.Collect$$rtentry$$00000009  c_w.l(__rtentry2.o)
    0x0800024e   0x00000004   Code   RO          488    .ARM.Collect$$rtentry$$0000000A  c_w.l(__rtentry2.o)
    0x08000252   0x00000000   Code   RO          490    .ARM.Collect$$rtentry$$0000000C  c_w.l(__rtentry2.o)
    0x08000252   0x00000008   Code   RO          491    .ARM.Collect$$rtentry$$0000000D  c_w.l(__rtentry2.o)
    0x0800025a   0x00000002   Code   RO          512    .ARM.Collect$$rtexit$$00000000  c_w.l(rtexit.o)
    0x0800025c   0x00000000   Code   RO          560    .ARM.Collect$$rtexit$$00000002  c_w.l(rtexit2.o)
    0x0800025c   0x00000004   Code   RO          561    .ARM.Collect$$rtexit$$00000003  c_w.l(rtexit2.o)
    0x08000260   0x00000006   Code   RO          562    .ARM.Collect$$rtexit$$00000004  c_w.l(rtexit2.o)
    0x08000266   0x00000002   PAD
    0x08000268   0x00000210   Code   RO            2    .text               system_stm32f4xx.o
    0x08000478   0x00000040   Code   RO          129    .text               startup_stm32f4xx.o
    0x080004b8   0x00000084   Code   RO          134    .text               app.o
    0x0800053c   0x00000058   Code   RO          200    .text               stm32fxxx_it.o
    0x08000594   0x000000d4   Code   RO          223    .text               usb_bsp.o
    0x08000668   0x00000134   Code   RO          242    .text               usbd_desc.o
    0x0800079c   0x0000000e   Code   RO          268    .text               usbd_usr.o
    0x080007aa   0x00000002   PAD
    0x080007ac   0x0000102e   Code   RO          291    .text               usb_core.o
    0x080017da   0x0000037e   Code   RO          307    .text               usb_dcd.o
    0x08001b58   0x000007e0   Code   RO          323    .text               usb_dcd_int.o
    0x08002338   0x00000334   Code   RO          343    .text               usbd_core.o
    0x0800266c   0x00000168   Code   RO          365    .text               usbd_hid_core.o
    0x080027d4   0x000000f4   Code   RO          387    .text               usbd_ioreq.o
    0x080028c8   0x00000720   Code   RO          403    .text               usbd_req.o
    0x08002fe8   0x000000e0   Code   RO          428    .text               misc.o
    0x080030c8   0x00000588   Code   RO          444    .text               stm32f4xx_rcc.o
    0x08003650   0x0000025c   Code   RO          462    .text               stm32f4xx_gpio.o
    0x080038ac   0x00000006   Code   RO          479    .text               c_w.l(heapauxi.o)
    0x080038b2   0x0000004a   Code   RO          499    .text               c_w.l(sys_stackheap_outer.o)
    0x080038fc   0x0000000c   Code   RO          501    .text               c_w.l(exit.o)
    0x08003908   0x00000008   Code   RO          509    .text               c_w.l(libspace.o)
    0x08003910   0x0000000c   Code   RO          570    .text               c_w.l(sys_exit.o)
    0x0800391c   0x00000002   Code   RO          581    .text               c_w.l(use_no_semi.o)
    0x0800391e   0x00000000   Code   RO          583    .text               c_w.l(indicate_semi.o)
    0x0800391e   0x0000000a   Code   RO          568    x$fpl$fpinit        fz_wm.l(fpinit.o)
    0x08003928   0x00000020   Data   RO          635    Region$$Table       anon$$obj.o


    Execution Region RW_IRAM1 (Base: 0x20000000, Size: 0x00000e18, Max: 0x00030000, ABSOLUTE, COMPRESSED[0x00000114])

    Base Addr    Size         Type   Attr      Idx    E Section Name        Object

    0x20000000   0x00000014   Data   RW            3    .data               system_stm32f4xx.o
    0x20000014   0x00000008   Data   RW          201    .data               stm32fxxx_it.o
    0x2000001c   0x00000040   Data   RW          243    .data               usbd_desc.o
    0x2000005c   0x0000001c   Data   RW          269    .data               usbd_usr.o
    0x20000078   0x00000034   Data   RW          344    .data               usbd_core.o
    0x200000ac   0x000000b6   Data   RW          366    .data               usbd_hid_core.o
    0x20000162   0x00000002   PAD
    0x20000164   0x0000000d   Data   RW          405    .data               usbd_req.o
    0x20000171   0x00000010   Data   RW          445    .data               stm32f4xx_rcc.o
    0x20000181   0x00000003   PAD
    0x20000184   0x000005f4   Zero   RW          135    .bss                app.o
    0x20000778   0x00000040   Zero   RW          404    .bss                usbd_req.o
    0x200007b8   0x00000060   Zero   RW          510    .bss                c_w.l(libspace.o)
    0x20000818   0x00000200   Zero   RW          127    HEAP                startup_stm32f4xx.o
    0x20000a18   0x00000400   Zero   RW          126    STACK               startup_stm32f4xx.o


==============================================================================

Image component sizes


      Code (inc. data)   RO Data    RW Data    ZI Data      Debug   Object Name

       132         28          0          0       1524      39320   app.o
       224         20          0          0          0       1985   misc.o
        64         26        392          0       1536        856   startup_stm32f4xx.o
       604         36          0          0          0       4233   stm32f4xx_gpio.o
      1416         48          0         16          0      11163   stm32f4xx_rcc.o
        88         10          0          8          0       2494   stm32fxxx_it.o
       528         46          0         20          0     234827   system_stm32f4xx.o
       212          4          0          0          0       1701   usb_bsp.o
      4142          8          0          0          0      12712   usb_core.o
       894          0          0          0          0       4456   usb_dcd.o
      2016         24          0          0          0       5407   usb_dcd_int.o
       820          6          0         52          0       5798   usbd_core.o
       308        132          0         64          0       3604   usbd_desc.o
       360         24          0        182          0       2900   usbd_hid_core.o
       244          0          0          0          0       2726   usbd_ioreq.o
      1824         54          0         13         64       5569   usbd_req.o
        14          0          0         28          0       1525   usbd_usr.o

    ----------------------------------------------------------------------
     13892        466        424        388       3124     341276   Object Totals
         0          0         32          0          0          0   (incl. Generated)
         2          0          0          5          0          0   (incl. Padding)

    ----------------------------------------------------------------------

      Code (inc. data)   RO Data    RW Data    ZI Data      Debug   Library Member Name

        90          0          0          0          0          0   __dczerorl2.o
         8          0          0          0          0         68   __main.o
         0          0          0          0          0          0   __rtentry.o
        12          0          0          0          0          0   __rtentry2.o
         6          0          0          0          0          0   __rtentry4.o
        52          8          0          0          0          0   __scatter.o
        28          0          0          0          0          0   __scatter_zi.o
        12          0          0          0          0         72   exit.o
         6          0          0          0          0        152   heapauxi.o
         0          0          0          0          0          0   indicate_semi.o
         2          0          0          0          0          0   libinit.o
         6          0          0          0          0          0   libinit2.o
         2          0          0          0          0          0   libshutdown.o
         2          0          0          0          0          0   libshutdown2.o
         8          4          0          0         96         68   libspace.o
         2          0          0          0          0          0   rtexit.o
        10          0          0          0          0          0   rtexit2.o
        12          4          0          0          0         68   sys_exit.o
        74          0          0          0          0         80   sys_stackheap_outer.o
         2          0          0          0          0         68   use_no_semi.o
        10          0          0          0          0        116   fpinit.o

    ----------------------------------------------------------------------
       348         16          0          0         96        692   Library Totals
         4          0          0          0          0          0   (incl. Padding)

    ----------------------------------------------------------------------

      Code (inc. data)   RO Data    RW Data    ZI Data      Debug   Library Name

       334         16          0          0         96        576   c_w.l
        10          0          0          0          0        116   fz_wm.l

    ----------------------------------------------------------------------
       348         16          0          0         96        692   Library Totals

    ----------------------------------------------------------------------

==============================================================================


      Code (inc. data)   RO Data    RW Data    ZI Data      Debug   

     14240        482        424        388       3220     338912   Grand Totals
     14240        482        424        276       3220     338912   ELF Image Totals (compressed)
     14240        482        424        276          0          0   ROM Totals

==============================================================================

    Total RO  Size (Code + RO Data)                14664 (  14.32kB)
    Total RW  Size (RW Data + ZI Data)              3608 (   3.52kB)
    Total ROM Size (Code + RO Data + RW Data)      14940 (  14.59kB)

==============================================================================

