Component: ARM Compiler 5.05 update 1 (build 106) Tool: armlink [4d0efa]

==============================================================================

Section Cross References

    main.o(.text) refers to init.o(.text) for All_Init
    main.o(.text) refers to schedule.o(.text) for Duty_Loop
    main.o(.text) refers to main.o(.data) for Init_Finish
    stm32f4xx_it.o(.text) refers to timer.o(.text) for sys_time
    stm32f4xx_it.o(.text) refers to pwm_in.o(.text) for _TIM3_IRQHandler
    stm32f4xx_it.o(.text) refers to usart.o(.text) for Usart2_IRQ
    stm32f4xx_it.o(.text) refers to timer.o(.data) for sysTickUptime
    system_stm32f4xx.o(.text) refers to system_stm32f4xx.o(.data) for SystemCoreClock
    startup_stm32f40_41xxx.o(STACK) refers (Special) to heapauxi.o(.text) for __use_two_region_memory
    startup_stm32f40_41xxx.o(HEAP) refers (Special) to heapauxi.o(.text) for __use_two_region_memory
    startup_stm32f40_41xxx.o(RESET) refers (Special) to heapauxi.o(.text) for __use_two_region_memory
    startup_stm32f40_41xxx.o(RESET) refers to startup_stm32f40_41xxx.o(STACK) for __initial_sp
    startup_stm32f40_41xxx.o(RESET) refers to startup_stm32f40_41xxx.o(.text) for Reset_Handler
    startup_stm32f40_41xxx.o(RESET) refers to stm32f4xx_it.o(.text) for NMI_Handler
    startup_stm32f40_41xxx.o(.text) refers (Special) to heapauxi.o(.text) for __use_two_region_memory
    startup_stm32f40_41xxx.o(.text) refers to system_stm32f4xx.o(.text) for SystemInit
    startup_stm32f40_41xxx.o(.text) refers to __main.o(!!!main) for __main
    startup_stm32f40_41xxx.o(.text) refers to startup_stm32f40_41xxx.o(HEAP) for Heap_Mem
    startup_stm32f40_41xxx.o(.text) refers to startup_stm32f40_41xxx.o(STACK) for Stack_Mem
    stm32f4xx_adc.o(.text) refers to stm32f4xx_rcc.o(.text) for RCC_APB2PeriphResetCmd
    stm32f4xx_can.o(.text) refers to stm32f4xx_rcc.o(.text) for RCC_APB1PeriphResetCmd
    stm32f4xx_cryp.o(.text) refers to stm32f4xx_rcc.o(.text) for RCC_AHB2PeriphResetCmd
    stm32f4xx_cryp_aes.o(.text) refers to stm32f4xx_cryp.o(.text) for CRYP_KeyStructInit
    stm32f4xx_cryp_des.o(.text) refers to stm32f4xx_cryp.o(.text) for CRYP_KeyStructInit
    stm32f4xx_cryp_tdes.o(.text) refers to stm32f4xx_cryp.o(.text) for CRYP_KeyStructInit
    stm32f4xx_dac.o(.text) refers to stm32f4xx_rcc.o(.text) for RCC_APB1PeriphResetCmd
    stm32f4xx_dma2d.o(.text) refers to stm32f4xx_rcc.o(.text) for RCC_AHB1PeriphResetCmd
    stm32f4xx_fsmc.o(.text) refers to stm32f4xx_fsmc.o(.constdata) for FSMC_DefaultTimingStruct
    stm32f4xx_gpio.o(.text) refers to stm32f4xx_rcc.o(.text) for RCC_AHB1PeriphResetCmd
    stm32f4xx_hash.o(.text) refers to stm32f4xx_rcc.o(.text) for RCC_AHB2PeriphResetCmd
    stm32f4xx_hash_md5.o(.text) refers to stm32f4xx_hash.o(.text) for HASH_DeInit
    stm32f4xx_hash_sha1.o(.text) refers to stm32f4xx_hash.o(.text) for HASH_DeInit
    stm32f4xx_i2c.o(.text) refers to stm32f4xx_rcc.o(.text) for RCC_APB1PeriphResetCmd
    stm32f4xx_ltdc.o(.text) refers to stm32f4xx_rcc.o(.text) for RCC_APB2PeriphResetCmd
    stm32f4xx_pwr.o(.text) refers to stm32f4xx_rcc.o(.text) for RCC_APB1PeriphResetCmd
    stm32f4xx_rcc.o(.text) refers to stm32f4xx_rcc.o(.data) for APBAHBPrescTable
    stm32f4xx_rng.o(.text) refers to stm32f4xx_rcc.o(.text) for RCC_AHB2PeriphResetCmd
    stm32f4xx_sai.o(.text) refers to stm32f4xx_rcc.o(.text) for RCC_APB2PeriphResetCmd
    stm32f4xx_sdio.o(.text) refers to stm32f4xx_rcc.o(.text) for RCC_APB2PeriphResetCmd
    stm32f4xx_spi.o(.text) refers to stm32f4xx_rcc.o(.text) for RCC_APB2PeriphResetCmd
    stm32f4xx_syscfg.o(.text) refers to stm32f4xx_rcc.o(.text) for RCC_APB2PeriphResetCmd
    stm32f4xx_tim.o(.text) refers to stm32f4xx_rcc.o(.text) for RCC_APB2PeriphResetCmd
    stm32f4xx_usart.o(.text) refers to stm32f4xx_rcc.o(.text) for RCC_APB2PeriphResetCmd
    stm32f4xx_wwdg.o(.text) refers to stm32f4xx_rcc.o(.text) for RCC_APB1PeriphResetCmd
    delay.o(.text) refers to misc.o(.text) for SysTick_CLKSourceConfig
    delay.o(.text) refers to delay.o(.data) for fac_us
    init.o(.text) refers to delay.o(.text) for delay_init
    init.o(.text) refers to misc.o(.text) for NVIC_PriorityGroupConfig
    init.o(.text) refers to timer.o(.text) for SysTick_Configuration
    init.o(.text) refers to pwm_in.o(.text) for PWM_IN_Init
    init.o(.text) refers to key.o(.text) for Key_Init
    init.o(.text) refers to led.o(.text) for LED_Init
    init.o(.text) refers to usart.o(.text) for Usart2_Init
    init.o(.text) refers to parameter.o(.text) for Para_Init
    key.o(.text) refers to stm32f4xx_rcc.o(.text) for RCC_AHB1PeriphClockCmd
    key.o(.text) refers to stm32f4xx_gpio.o(.text) for GPIO_Init
    key.o(.text) refers to delay.o(.text) for delay_ms
    key.o(.text) refers to key.o(.data) for key_up
    led.o(.text) refers to stm32f4xx_rcc.o(.text) for RCC_AHB1PeriphClockCmd
    led.o(.text) refers to stm32f4xx_gpio.o(.text) for GPIO_Init
    schedule.o(.text) refers to timer.o(.text) for Get_Cycle_T
[...]
    ..\\FWLIB\\src\\stm32f4xx_flash.c        0x00000000   Number         0  stm32f4xx_flash.o ABSOLUTE
    ..\\FWLIB\\src\\stm32f4xx_flash_ramfunc.c 0x00000000   Number         0  stm32f4xx_flash_ramfunc.o ABSOLUTE
    ..\\FWLIB\\src\\stm32f4xx_fsmc.c         0x00000000   Number         0  stm32f4xx_fsmc.o ABSOLUTE
    ..\\FWLIB\\src\\stm32f4xx_gpio.c         0x00000000   Number         0  stm32f4xx_gpio.o ABSOLUTE
    ..\\FWLIB\\src\\stm32f4xx_hash.c         0x00000000   Number         0  stm32f4xx_hash.o ABSOLUTE
    ..\\FWLIB\\src\\stm32f4xx_hash_md5.c     0x00000000   Number         0  stm32f4xx_hash_md5.o ABSOLUTE
    ..\\FWLIB\\src\\stm32f4xx_hash_sha1.c    0x00000000   Number         0  stm32f4xx_hash_sha1.o ABSOLUTE
    ..\\FWLIB\\src\\stm32f4xx_i2c.c          0x00000000   Number         0  stm32f4xx_i2c.o ABSOLUTE
    ..\\FWLIB\\src\\stm32f4xx_iwdg.c         0x00000000   Number         0  stm32f4xx_iwdg.o ABSOLUTE
    ..\\FWLIB\\src\\stm32f4xx_ltdc.c         0x00000000   Number         0  stm32f4xx_ltdc.o ABSOLUTE
    ..\\FWLIB\\src\\stm32f4xx_pwr.c          0x00000000   Number         0  stm32f4xx_pwr.o ABSOLUTE
    ..\\FWLIB\\src\\stm32f4xx_rcc.c          0x00000000   Number         0  stm32f4xx_rcc.o ABSOLUTE
    ..\\FWLIB\\src\\stm32f4xx_rng.c          0x00000000   Number         0  stm32f4xx_rng.o ABSOLUTE
    ..\\FWLIB\\src\\stm32f4xx_rtc.c          0x00000000   Number         0  stm32f4xx_rtc.o ABSOLUTE
    ..\\FWLIB\\src\\stm32f4xx_sai.c          0x00000000   Number         0  stm32f4xx_sai.o ABSOLUTE
    ..\\FWLIB\\src\\stm32f4xx_sdio.c         0x00000000   Number         0  stm32f4xx_sdio.o ABSOLUTE
    ..\\FWLIB\\src\\stm32f4xx_spi.c          0x00000000   Number         0  stm32f4xx_spi.o ABSOLUTE
    ..\\FWLIB\\src\\stm32f4xx_syscfg.c       0x00000000   Number         0  stm32f4xx_syscfg.o ABSOLUTE
    ..\\FWLIB\\src\\stm32f4xx_tim.c          0x00000000   Number         0  stm32f4xx_tim.o ABSOLUTE
    ..\\FWLIB\\src\\stm32f4xx_usart.c        0x00000000   Number         0  stm32f4xx_usart.o ABSOLUTE
    ..\\FWLIB\\src\\stm32f4xx_wwdg.c         0x00000000   Number         0  stm32f4xx_wwdg.o ABSOLUTE
    ..\\FatFS\\src\\diskio.c                 0x00000000   Number         0  diskio.o ABSOLUTE
    ..\\SYSTEM\\delay\\delay.c               0x00000000   Number         0  delay.o ABSOLUTE
    ..\\SYSTEM\\sys\\sys.c                   0x00000000   Number         0  sys.o ABSOLUTE
    dc.s                                     0x00000000   Number         0  dc.o ABSOLUTE
    main.c                                   0x00000000   Number         0  main.o ABSOLUTE
    main.c                                   0x00000000   Number         0  main.o ABSOLUTE
    stm32f4xx_it.c                           0x00000000   Number         0  stm32f4xx_it.o ABSOLUTE
    stm32f4xx_it.c                           0x00000000   Number         0  stm32f4xx_it.o ABSOLUTE
    system_stm32f4xx.c                       0x00000000   Number         0  system_stm32f4xx.o ABSOLUTE
    system_stm32f4xx.c                       0x00000000   Number         0  system_stm32f4xx.o ABSOLUTE
    RESET                                    0x08000000   Section      392  startup_stm32f40_41xxx.o(RESET)
    !!!main                                  0x08000188   Section        8  __main.o(!!!main)
    !!!scatter                               0x08000190   Section       52  __scatter.o(!!!scatter)
    !!handler_copy                           0x080001c4   Section       26  __scatter_copy.o(!!handler_copy)
    !!handler_zi                             0x080001e0   Section       28  __scatter_zi.o(!!handler_zi)
    .ARM.Collect$$libinit$$00000000          0x080001fc   Section        2  libinit.o(.ARM.Collect$$libinit$$00000000)
    .ARM.Collect$$libinit$$00000001          0x080001fe   Section        4  libinit2.o(.ARM.Collect$$libinit$$00000001)
    .ARM.Collect$$libinit$$00000004          0x08000202   Section        0  libinit2.o(.ARM.Collect$$libinit$$00000004)
    .ARM.Collect$$libinit$$0000000A          0x08000202   Section        0  libinit2.o(.ARM.Collect$$libinit$$0000000A)
    .ARM.Collect$$libinit$$0000000C          0x08000202   Section        0  libinit2.o(.ARM.Collect$$libinit$$0000000C)
    .ARM.Collect$$libinit$$0000000E          0x08000202   Section        0  libinit2.o(.ARM.Collect$$libinit$$0000000E)
    .ARM.Collect$$libinit$$00000011          0x08000202   Section        0  libinit2.o(.ARM.Collect$$libinit$$00000011)
    .ARM.Collect$$libinit$$00000013          0x08000202   Section        0  libinit2.o(.ARM.Collect$$libinit$$00000013)
    .ARM.Collect$$libinit$$00000015          0x08000202   Section        0  libinit2.o(.ARM.Collect$$libinit$$00000015)
    .ARM.Collect$$libinit$$00000017          0x08000202   Section        0  libinit2.o(.ARM.Collect$$libinit$$00000017)
    .ARM.Collect$$libinit$$00000019          0x08000202   Section        0  libinit2.o(.ARM.Collect$$libinit$$00000019)
    .ARM.Collect$$libinit$$0000001B          0x08000202   Section        0  libinit2.o(.ARM.Collect$$libinit$$0000001B)
    .ARM.Collect$$libinit$$0000001D          0x08000202   Section        0  libinit2.o(.ARM.Collect$$libinit$$0000001D)
    .ARM.Collect$$libinit$$0000001F          0x08000202   Section        0  libinit2.o(.ARM.Collect$$libinit$$0000001F)
    .ARM.Collect$$libinit$$00000021          0x08000202   Section        0  libinit2.o(.ARM.Collect$$libinit$$00000021)
    .ARM.Collect$$libinit$$00000023          0x08000202   Section        0  libinit2.o(.ARM.Collect$$libinit$$00000023)
    .ARM.Collect$$libinit$$00000025          0x08000202   Section        0  libinit2.o(.ARM.Collect$$libinit$$00000025)
    .ARM.Collect$$libinit$$0000002C          0x08000202   Section        0  libinit2.o(.ARM.Collect$$libinit$$0000002C)
    .ARM.Collect$$libinit$$0000002E          0x08000202   Section        0  libinit2.o(.ARM.Collect$$libinit$$0000002E)
    .ARM.Collect$$libinit$$00000030          0x08000202   Section        0  libinit2.o(.ARM.Collect$$libinit$$00000030)
    .ARM.Collect$$libinit$$00000032          0x08000202   Section        0  libinit2.o(.ARM.Collect$$libinit$$00000032)
    .ARM.Collect$$libinit$$00000033          0x08000202   Section        2  libinit2.o(.ARM.Collect$$libinit$$00000033)
    .ARM.Collect$$libshutdown$$00000000      0x08000204   Section        2  libshutdown.o(.ARM.Collect$$libshutdown$$00000000)
    .ARM.Collect$$libshutdown$$00000003      0x08000206   Section        0  libshutdown2.o(.ARM.Collect$$libshutdown$$00000003)
    .ARM.Collect$$libshutdown$$00000006      0x08000206   Section        0  libshutdown2.o(.ARM.Collect$$libshutdown$$00000006)
    .ARM.Collect$$libshutdown$$00000009      0x08000206   Section        0  libshutdown2.o(.ARM.Collect$$libshutdown$$00000009)
    .ARM.Collect$$libshutdown$$0000000B      0x08000206   Section        0  libshutdown2.o(.ARM.Collect$$libshutdown$$0000000B)
    .ARM.Collect$$libshutdown$$0000000E      0x08000206   Section        0  libshutdown2.o(.ARM.Collect$$libshutdown$$0000000E)
    .ARM.Collect$$libshutdown$$0000000F      0x08000206   Section        2  libshutdown2.o(.ARM.Collect$$libshutdown$$0000000F)
    .ARM.Collect$$rtentry$$00000000          0x08000208   Section        0  __rtentry.o(.ARM.Collect$$rtentry$$00000000)
    .ARM.Collect$$rtentry$$00000002          0x08000208   Section        0  __rtentry2.o(.ARM.Collect$$rtentry$$00000002)
    .ARM.Collect$$rtentry$$00000004          0x08000208   Section        6  __rtentry4.o(.ARM.Collect$$rtentry$$00000004)
    .ARM.Collect$$rtentry$$00000009          0x0800020e   Section        0  __rtentry2.o(.ARM.Collect$$rtentry$$00000009)
    .ARM.Collect$$rtentry$$0000000A          0x0800020e   Section        4  __rtentry2.o(.ARM.Collect$$rtentry$$0000000A)
    .ARM.Collect$$rtentry$$0000000C          0x08000212   Section        0  __rtentry2.o(.ARM.Collect$$rtentry$$0000000C)
    .ARM.Collect$$rtentry$$0000000D          0x08000212   Section        8  __rtentry2.o(.ARM.Collect$$rtentry$$0000000D)
    .ARM.Collect$$rtexit$$00000000           0x0800021a   Section        2  rtexit.o(.ARM.Collect$$rtexit$$00000000)
    .ARM.Collect$$rtexit$$00000002           0x0800021c   Section        0  rtexit2.o(.ARM.Collect$$rtexit$$00000002)
    .ARM.Collect$$rtexit$$00000003           0x0800021c   Section        4  rtexit2.o(.ARM.Collect$$rtexit$$00000003)
    .ARM.Collect$$rtexit$$00000004           0x08000220   Section        6  rtexit2.o(.ARM.Collect$$rtexit$$00000004)
    .text                                    0x08000228   Section        0  main.o(.text)
    .text                                    0x0800023c   Section        0  stm32f4xx_it.o(.text)
    .text                                    0x08000284   Section        0  system_stm32f4xx.o(.text)
    SetSysClock                              0x08000285   Thumb Code   220  system_stm32f4xx.o(.text)
    .text                                    0x08000494   Section       64  startup_stm32f40_41xxx.o(.text)
    $v0                                      0x08000494   Number         0  startup_stm32f40_41xxx.o(.text)
    .text                                    0x080004d4   Section        0  misc.o(.text)
    .text                                    0x080005b4   Section        0  stm32f4xx_gpio.o(.text)
    .text                                    0x08000848   Section        0  stm32f4xx_rcc.o(.text)
    .text                                    0x08000ea4   Section        0  stm32f4xx_spi.o(.text)
    .text                                    0x08001324   Section        0  stm32f4xx_tim.o(.text)
    TI4_Config                               0x08001ac3   Thumb Code    80  stm32f4xx_tim.o(.text)
    TI3_Config                               0x08001b25   Thumb Code    72  stm32f4xx_tim.o(.text)
    TI2_Config                               0x08001b87   Thumb Code    90  stm32f4xx_tim.o(.text)
    TI1_Config                               0x08001bf3   Thumb Code    58  stm32f4xx_tim.o(.text)
    .text                                    0x08001fc8   Section        0  stm32f4xx_usart.o(.text)
    .text                                    0x0800241c   Section        0  delay.o(.text)
    .text                                    0x08002520   Section        0  init.o(.text)
    .text                                    0x08002568   Section        0  key.o(.text)
    .text                                    0x0800266c   Section        0  led.o(.text)
    .text                                    0x080026ac   Section        0  schedule.o(.text)
    .text                                    0x08002860   Section        0  data_transfer.o(.text)
    ANO_DT_Send_Check                        0x08002871   Thumb Code    62  data_transfer.o(.text)
    .text                                    0x080043dc   Section        0  parameter.o(.text)
    Para_ReadSettingFromFile                 0x080043dd   Thumb Code   264  parameter.o(.text)
    Para_WriteSettingToFile                  0x080044e5   Thumb Code   260  parameter.o(.text)
    .text                                    0x08004844   Section        0  rc.o(.text)
    .text                                    0x08004cec   Section        0  timer.o(.text)
    .text                                    0x08004ed4   Section        0  usart.o(.text)
    .text                                    0x080050c0   Section        0  drv_w25qxx.o(.text)
    Flash_SendByte                           0x080050c1   Thumb Code    50  drv_w25qxx.o(.text)
    Flash_Transfer                           0x080050f3   Thumb Code    88  drv_w25qxx.o(.text)
    Flash_ReadID                             0x0800514b   Thumb Code    66  drv_w25qxx.o(.text)
    Flash_WriteEnable                        0x080052ff   Thumb Code    30  drv_w25qxx.o(.text)
    Flash_WriteDisable                       0x0800531d   Thumb Code    30  drv_w25qxx.o(.text)
    Flash_WaitForEnd                         0x0800533b   Thumb Code    50  drv_w25qxx.o(.text)
    .text                                    0x08005504   Section        0  pwm_in.o(.text)
    .text                                    0x08005bc8   Section        0  diskio.o(.text)
    .text                                    0x08005cb8   Section        0  ff.o(.text)
    mem_cpy                                  0x08005cb9   Thumb Code    26  ff.o(.text)
    mem_set                                  0x08005cd3   Thumb Code    20  ff.o(.text)
    mem_cmp                                  0x08005ce7   Thumb Code    38  ff.o(.text)
    chk_chr                                  0x08005d0d   Thumb Code    20  ff.o(.text)
    sync_window                              0x08005d21   Thumb Code    82  ff.o(.text)
    move_window                              0x08005d73   Thumb Code    52  ff.o(.text)
    sync_fs                                  0x08005da7   Thumb Code   200  ff.o(.text)
    remove_chain                             0x0800614f   Thumb Code   108  ff.o(.text)
    create_chain                             0x080061bb   Thumb Code   214  ff.o(.text)
    clmt_clust                               0x08006291   Thumb Code    56  ff.o(.text)
    dir_sdi                                  0x080062c9   Thumb Code   200  ff.o(.text)
    dir_next                                 0x08006391   Thumb Code   314  ff.o(.text)
    dir_alloc                                0x080064cb   Thumb Code    92  ff.o(.text)
    ld_clust                                 0x08006527   Thumb Code    32  ff.o(.text)
    st_clust                                 0x08006547   Thumb Code    16  ff.o(.text)
    dir_find                                 0x08006557   Thumb Code    92  ff.o(.text)
    dir_read                                 0x080065b3   Thumb Code   114  ff.o(.text)
    dir_register                             0x08006625   Thumb Code    58  ff.o(.text)
    dir_remove                               0x0800665f   Thumb Code    54  ff.o(.text)
    get_fileinfo                             0x08006695   Thumb Code   110  ff.o(.text)
    create_name                              0x08006703   Thumb Code   336  ff.o(.text)
    follow_path                              0x08006853   Thumb Code   144  ff.o(.text)
    get_ldnumber                             0x080068e3   Thumb Code    74  ff.o(.text)
    check_fs                                 0x0800692d   Thumb Code   140  ff.o(.text)
    find_volume                              0x080069b9   Thumb Code   990  ff.o(.text)
    validate                                 0x08006d97   Thumb Code    54  ff.o(.text)
    .text                                    0x08008444   Section        0  heapauxi.o(.text)
    .text                                    0x0800844a   Section       74  sys_stackheap_outer.o(.text)
    .text                                    0x08008494   Section        0  exit.o(.text)
    .text                                    0x080084a0   Section        8  libspace.o(.text)
    .text                                    0x080084a8   Section        0  sys_exit.o(.text)
    .text                                    0x080084b4   Section        2  use_no_semi.o(.text)
    .text                                    0x080084b6   Section        0  indicate_semi.o(.text)
    x$fpl$d2f                                0x080084b8   Section       98  d2f.o(x$fpl$d2f)
    $v0                                      0x080084b8   Number         0  d2f.o(x$fpl$d2f)
    x$fpl$dflt                               0x0800851a   Section       46  dflt_clz.o(x$fpl$dflt)
    $v0                                      0x0800851a   Number         0  dflt_clz.o(x$fpl$dflt)
    x$fpl$dmul                               0x08008548   Section      340  dmul.o(x$fpl$dmul)
    $v0                                      0x08008548   Number         0  dmul.o(x$fpl$dmul)
    x$fpl$dnaninf                            0x0800869c   Section      156  dnaninf.o(x$fpl$dnaninf)
    $v0                                      0x0800869c   Number         0  dnaninf.o(x$fpl$dnaninf)
    x$fpl$dretinf                            0x08008738   Section       12  dretinf.o(x$fpl$dretinf)
    $v0                                      0x08008738   Number         0  dretinf.o(x$fpl$dretinf)
    x$fpl$fpinit                             0x08008744   Section       10  fpinit.o(x$fpl$fpinit)
    $v0                                      0x08008744   Number         0  fpinit.o(x$fpl$fpinit)
    x$fpl$fretinf                            0x0800874e   Section       10  fretinf.o(x$fpl$fretinf)
    $v0                                      0x0800874e   Number         0  fretinf.o(x$fpl$fretinf)
    .constdata                               0x08008758   Section       44  ff.o(.constdata)
    x$fpl$usenofp                            0x08008758   Section        0  usenofp.o(x$fpl$usenofp)
    vst                                      0x08008758   Data          22  ff.o(.constdata)
    cst                                      0x0800876e   Data          22  ff.o(.constdata)
    .data                                    0x20000000   Section        1  main.o(.data)
    .data                                    0x20000004   Section       20  system_stm32f4xx.o(.data)
    .data                                    0x20000018   Section       16  stm32f4xx_rcc.o(.data)
    APBAHBPrescTable                         0x20000018   Data          16  stm32f4xx_rcc.o(.data)
    .data                                    0x20000028   Section        4  delay.o(.data)
    fac_us                                   0x20000028   Data           1  delay.o(.data)
    fac_ms                                   0x2000002a   Data           2  delay.o(.data)
    .data                                    0x2000002c   Section        1  key.o(.data)
    key_up                                   0x2000002c   Data           1  key.o(.data)
    .data                                    0x20000030   Section        8  schedule.o(.data)
    .data                                    0x20000038   Section       11  data_transfer.o(.data)
    cnt                                      0x2000003c   Data           1  data_transfer.o(.data)
    user_cnt                                 0x2000003d   Data           1  data_transfer.o(.data)
    rcdata_cnt                               0x2000003e   Data           1  data_transfer.o(.data)
    motopwm_cnt                              0x2000003f   Data           1  data_transfer.o(.data)
    _data_len                                0x20000040   Data           1  data_transfer.o(.data)
    _data_cnt                                0x20000041   Data           1  data_transfer.o(.data)
    state                                    0x20000042   Data           1  data_transfer.o(.data)
    .data                                    0x20000043   Section        1  parameter.o(.data)
    .data                                    0x20000044   Section       64  rc.o(.data)
    .data                                    0x20000084   Section       20  timer.o(.data)
    .data                                    0x20000098   Section        2  usart.o(.data)
    .data                                    0x2000009a   Section       32  pwm_in.o(.data)
    temp_cnt1                                0x2000009a   Data           2  pwm_in.o(.data)
    temp_cnt1_2                              0x2000009c   Data           2  pwm_in.o(.data)
    temp_cnt2                                0x2000009e   Data           2  pwm_in.o(.data)
    temp_cnt2_2                              0x200000a0   Data           2  pwm_in.o(.data)
    temp_cnt3                                0x200000a2   Data           2  pwm_in.o(.data)
    temp_cnt3_2                              0x200000a4   Data           2  pwm_in.o(.data)
    temp_cnt4                                0x200000a6   Data           2  pwm_in.o(.data)
    temp_cnt4_2                              0x200000a8   Data           2  pwm_in.o(.data)
    temp_cnt1                                0x200000aa   Data           2  pwm_in.o(.data)
    temp_cnt1_2                              0x200000ac   Data           2  pwm_in.o(.data)
    temp_cnt2                                0x200000ae   Data           2  pwm_in.o(.data)
    temp_cnt2_2                              0x200000b0   Data           2  pwm_in.o(.data)
    temp_cnt3                                0x200000b2   Data           2  pwm_in.o(.data)
    temp_cnt3_2                              0x200000b4   Data           2  pwm_in.o(.data)
    temp_cnt4                                0x200000b6   Data           2  pwm_in.o(.data)
    temp_cnt4_2                              0x200000b8   Data           2  pwm_in.o(.data)
    .data                                    0x200000bc   Section        4  diskio.o(.data)
    flash_info                               0x200000bc   Data           4  diskio.o(.data)
    .data                                    0x200000c0   Section       10  ff.o(.data)
    FatFs                                    0x200000c0   Data           8  ff.o(.data)
    Fsid                                     0x200000c8   Data           2  ff.o(.data)
    .bss                                     0x200000cc   Section       36  schedule.o(.bss)
    .bss                                     0x200000f0   Section      136  data_transfer.o(.bss)
    RxBuffer                                 0x20000146   Data          50  data_transfer.o(.bss)
    .bss                                     0x20000178   Section     8660  parameter.o(.bss)
    fs                                       0x200002d8   Data        4144  parameter.o(.bss)
    file                                     0x20001308   Data        4136  parameter.o(.bss)
    DirInf                                   0x20002330   Data          28  parameter.o(.bss)
    .bss                                     0x2000234c   Section      176  rc.o(.bss)
    Mapped_CH                                0x200023ec   Data          16  rc.o(.bss)
    .bss                                     0x200023fc   Section       60  timer.o(.bss)
    .bss                                     0x20002438   Section      562  usart.o(.bss)
    .bss                                     0x2000266c   Section       12  drv_w25qxx.o(.bss)
    flash_info                               0x2000266c   Data          12  drv_w25qxx.o(.bss)
    .bss                                     0x20002678   Section       16  pwm_in.o(.bss)
    .bss                                     0x20002688   Section       96  libspace.o(.bss)
    HEAP                                     0x200026e8   Section      512  startup_stm32f40_41xxx.o(HEAP)
    Heap_Mem                                 0x200026e8   Data         512  startup_stm32f40_41xxx.o(HEAP)
    STACK                                    0x200028e8   Section     1024  startup_stm32f40_41xxx.o(STACK)
    Stack_Mem                                0x200028e8   Data        1024  startup_stm32f40_41xxx.o(STACK)
    __initial_sp                             0x20002ce8   Data           0  startup_stm32f40_41xxx.o(STACK)

    Global Symbols

    Symbol Name                              Value     Ov Type        Size  Object(Section)

    BuildAttributes$$THM_ISAv4$E$P$D$K$B$S$7EM$VFPi3$EXTD16$VFPS$VFMA$PE$A:L22UL41UL21$X:L11$S22US41US21$IEEE1$IW$USESV6$~STKCKD$USESV7$~SHL$OSPACE$ROPI$EBA8$UX$STANDARDLIB$REQ8$PRES8$EABIv2 0x00000000   Number         0  anon$$obj.o ABSOLUTE
    __ARM_use_no_argv                        0x00000000   Number         0  main.o ABSOLUTE
    __ARM_exceptions_init                     - Undefined Weak Reference
    __alloca_initialize                       - Undefined Weak Reference
    __arm_preinit_                            - Undefined Weak Reference
    __cpp_initialize__aeabi_                  - Undefined Weak Reference
    __cxa_finalize                            - Undefined Weak Reference
    __rt_locale                               - Undefined Weak Reference
    __sigvec_lookup                           - Undefined Weak Reference
    _atexit_init                              - Undefined Weak Reference
    _call_atexit_fns                          - Undefined Weak Reference
    _clock_init                               - Undefined Weak Reference
    _fp_trap_init                             - Undefined Weak Reference
    _fp_trap_shutdown                         - Undefined Weak Reference
    _get_lc_collate                           - Undefined Weak Reference
    _get_lc_ctype                             - Undefined Weak Reference
    _get_lc_monetary                          - Undefined Weak Reference
    _get_lc_numeric                           - Undefined Weak Reference
    _get_lc_time                              - Undefined Weak Reference
    _getenv_init                              - Undefined Weak Reference
    _handle_redirection                       - Undefined Weak Reference
    _init_alloc                               - Undefined Weak Reference
    _init_user_alloc                          - Undefined Weak Reference
    _initio                                   - Undefined Weak Reference
    _rand_init                                - Undefined Weak Reference
    _signal_finish                            - Undefined Weak Reference
    _signal_init                              - Undefined Weak Reference
    _terminate_alloc                          - Undefined Weak Reference
    _terminate_user_alloc                     - Undefined Weak Reference
    _terminateio                              - Undefined Weak Reference
    __Vectors_Size                           0x00000188   Number         0  startup_stm32f40_41xxx.o ABSOLUTE
    __Vectors                                0x08000000   Data           4  startup_stm32f40_41xxx.o(RESET)
    __Vectors_End                            0x08000188   Data           0  startup_stm32f40_41xxx.o(RESET)
    __main                                   0x08000189   Thumb Code     8  __main.o(!!!main)
    __scatterload                            0x08000191   Thumb Code     0  __scatter.o(!!!scatter)
    __scatterload_rt2                        0x08000191   Thumb Code    44  __scatter.o(!!!scatter)
    __scatterload_rt2_thumb_only             0x08000191   Thumb Code     0  __scatter.o(!!!scatter)
    __scatterload_null                       0x0800019f   Thumb Code     0  __scatter.o(!!!scatter)
    __scatterload_copy                       0x080001c5   Thumb Code    26  __scatter_copy.o(!!handler_copy)
    __scatterload_zeroinit                   0x080001e1   Thumb Code    28  __scatter_zi.o(!!handler_zi)
    __rt_lib_init                            0x080001fd   Thumb Code     0  libinit.o(.ARM.Collect$$libinit$$00000000)
    __rt_lib_init_fp_1                       0x080001ff   Thumb Code     0  libinit2.o(.ARM.Collect$$libinit$$00000001)
    __rt_lib_init_alloca_1                   0x08000203   Thumb Code     0  libinit2.o(.ARM.Collect$$libinit$$0000002E)
    __rt_lib_init_argv_1                     0x08000203   Thumb Code     0  libinit2.o(.ARM.Collect$$libinit$$0000002C)
    __rt_lib_init_atexit_1                   0x08000203   Thumb Code     0  libinit2.o(.ARM.Collect$$libinit$$0000001B)
    __rt_lib_init_clock_1                    0x08000203   Thumb Code     0  libinit2.o(.ARM.Collect$$libinit$$00000021)
    __rt_lib_init_cpp_1                      0x08000203   Thumb Code     0  libinit2.o(.ARM.Collect$$libinit$$00000032)
    __rt_lib_init_exceptions_1               0x08000203   Thumb Code     0  libinit2.o(.ARM.Collect$$libinit$$00000030)
    __rt_lib_init_fp_trap_1                  0x08000203   Thumb Code     0  libinit2.o(.ARM.Collect$$libinit$$0000001F)
    __rt_lib_init_getenv_1                   0x08000203   Thumb Code     0  libinit2.o(.ARM.Collect$$libinit$$00000023)
    __rt_lib_init_heap_1                     0x08000203   Thumb Code     0  libinit2.o(.ARM.Collect$$libinit$$0000000A)
    __rt_lib_init_lc_collate_1               0x08000203   Thumb Code     0  libinit2.o(.ARM.Collect$$libinit$$00000011)
    __rt_lib_init_lc_ctype_1                 0x08000203   Thumb Code     0  libinit2.o(.ARM.Collect$$libinit$$00000013)
    __rt_lib_init_lc_monetary_1              0x08000203   Thumb Code     0  libinit2.o(.ARM.Collect$$libinit$$00000015)
    __rt_lib_init_lc_numeric_1               0x08000203   Thumb Code     0  libinit2.o(.ARM.Collect$$libinit$$00000017)
    __rt_lib_init_lc_time_1                  0x08000203   Thumb Code     0  libinit2.o(.ARM.Collect$$libinit$$00000019)
    __rt_lib_init_preinit_1                  0x08000203   Thumb Code     0  libinit2.o(.ARM.Collect$$libinit$$00000004)
    __rt_lib_init_rand_1                     0x08000203   Thumb Code     0  libinit2.o(.ARM.Collect$$libinit$$0000000E)
    __rt_lib_init_return                     0x08000203   Thumb Code     0  libinit2.o(.ARM.Collect$$libinit$$00000033)
    __rt_lib_init_signal_1                   0x08000203   Thumb Code     0  libinit2.o(.ARM.Collect$$libinit$$0000001D)
    __rt_lib_init_stdio_1                    0x08000203   Thumb Code     0  libinit2.o(.ARM.Collect$$libinit$$00000025)
    __rt_lib_init_user_alloc_1               0x08000203   Thumb Code     0  libinit2.o(.ARM.Collect$$libinit$$0000000C)
    __rt_lib_shutdown                        0x08000205   Thumb Code     0  libshutdown.o(.ARM.Collect$$libshutdown$$00000000)
    __rt_lib_shutdown_fp_trap_1              0x08000207   Thumb Code     0  libshutdown2.o(.ARM.Collect$$libshutdown$$00000006)
    __rt_lib_shutdown_heap_1                 0x08000207   Thumb Code     0  libshutdown2.o(.ARM.Collect$$libshutdown$$0000000E)
    __rt_lib_shutdown_return                 0x08000207   Thumb Code     0  libshutdown2.o(.ARM.Collect$$libshutdown$$0000000F)
    __rt_lib_shutdown_signal_1               0x08000207   Thumb Code     0  libshutdown2.o(.ARM.Collect$$libshutdown$$00000009)
    __rt_lib_shutdown_stdio_1                0x08000207   Thumb Code     0  libshutdown2.o(.ARM.Collect$$libshutdown$$00000003)
    __rt_lib_shutdown_user_alloc_1           0x08000207   Thumb Code     0  libshutdown2.o(.ARM.Collect$$libshutdown$$0000000B)
    __rt_entry                               0x08000209   Thumb Code     0  __rtentry.o(.ARM.Collect$$rtentry$$00000000)
    __rt_entry_presh_1                       0x08000209   Thumb Code     0  __rtentry2.o(.ARM.Collect$$rtentry$$00000002)
    __rt_entry_sh                            0x08000209   Thumb Code     0  __rtentry4.o(.ARM.Collect$$rtentry$$00000004)
    __rt_entry_li                            0x0800020f   Thumb Code     0  __rtentry2.o(.ARM.Collect$$rtentry$$0000000A)
    __rt_entry_postsh_1                      0x0800020f   Thumb Code     0  __rtentry2.o(.ARM.Collect$$rtentry$$00000009)
    __rt_entry_main                          0x08000213   Thumb Code     0  __rtentry2.o(.ARM.Collect$$rtentry$$0000000D)
    __rt_entry_postli_1                      0x08000213   Thumb Code     0  __rtentry2.o(.ARM.Collect$$rtentry$$0000000C)
    __rt_exit                                0x0800021b   Thumb Code     0  rtexit.o(.ARM.Collect$$rtexit$$00000000)
    __rt_exit_ls                             0x0800021d   Thumb Code     0  rtexit2.o(.ARM.Collect$$rtexit$$00000003)
    __rt_exit_prels_1                        0x0800021d   Thumb Code     0  rtexit2.o(.ARM.Collect$$rtexit$$00000002)
    __rt_exit_exit                           0x08000221   Thumb Code     0  rtexit2.o(.ARM.Collect$$rtexit$$00000004)
    main                                     0x08000229   Thumb Code    16  main.o(.text)
    NMI_Handler                              0x0800023d   Thumb Code     2  stm32f4xx_it.o(.text)
    HardFault_Handler                        0x0800023f   Thumb Code     4  stm32f4xx_it.o(.text)
    MemManage_Handler                        0x08000243   Thumb Code     4  stm32f4xx_it.o(.text)
    BusFault_Handler                         0x08000247   Thumb Code     4  stm32f4xx_it.o(.text)
    UsageFault_Handler                       0x0800024b   Thumb Code     4  stm32f4xx_it.o(.text)
    SVC_Handler                              0x0800024f   Thumb Code     2  stm32f4xx_it.o(.text)
    DebugMon_Handler                         0x08000251   Thumb Code     2  stm32f4xx_it.o(.text)
    PendSV_Handler                           0x08000253   Thumb Code     2  stm32f4xx_it.o(.text)
    SysTick_Handler                          0x08000255   Thumb Code    18  stm32f4xx_it.o(.text)
    TIM3_IRQHandler                          0x08000267   Thumb Code     8  stm32f4xx_it.o(.text)
    TIM4_IRQHandler                          0x0800026f   Thumb Code     8  stm32f4xx_it.o(.text)
    USART2_IRQHandler                        0x08000277   Thumb Code     8  stm32f4xx_it.o(.text)
    SystemInit                               0x08000361   Thumb Code    88  system_stm32f4xx.o(.text)
    SystemCoreClockUpdate                    0x080003b9   Thumb Code   174  system_stm32f4xx.o(.text)
    Reset_Handler                            0x08000495   Thumb Code     8  startup_stm32f40_41xxx.o(.text)
    ADC_IRQHandler                           0x080004af   Thumb Code     0  startup_stm32f40_41xxx.o(.text)
    CAN1_RX0_IRQHandler                      0x080004af   Thumb Code     0  startup_stm32f40_41xxx.o(.text)
    CAN1_RX1_IRQHandler                      0x080004af   Thumb Code     0  startup_stm32f40_41xxx.o(.text)
    CAN1_SCE_IRQHandler                      0x080004af   Thumb Code     0  startup_stm32f40_41xxx.o(.text)
    CAN1_TX_IRQHandler                       0x080004af   Thumb Code     0  startup_stm32f40_41xxx.o(.text)
    CAN2_RX0_IRQHandler                      0x080004af   Thumb Code     0  startup_stm32f40_41xxx.o(.text)
    CAN2_RX1_IRQHandler                      0x080004af   Thumb Code     0  startup_stm32f40_41xxx.o(.text)
    CAN2_SCE_IRQHandler                      0x080004af   Thumb Code     0  startup_stm32f40_41xxx.o(.text)
    CAN2_TX_IRQHandler                       0x080004af   Thumb Code     0  startup_stm32f40_41xxx.o(.text)
    CRYP_IRQHandler                          0x080004af   Thumb Code     0  startup_stm32f40_41xxx.o(.text)
    DCMI_IRQHandler                          0x080004af   Thumb Code     0  startup_stm32f40_41xxx.o(.text)
    DMA1_Stream0_IRQHandler                  0x080004af   Thumb Code     0  startup_stm32f40_41xxx.o(.text)
    DMA1_Stream1_IRQHandler                  0x080004af   Thumb Code     0  startup_stm32f40_41xxx.o(.text)
    DMA1_Stream2_IRQHandler                  0x080004af   Thumb Code     0  startup_stm32f40_41xxx.o(.text)
    DMA1_Stream3_IRQHandler                  0x080004af   Thumb Code     0  startup_stm32f40_41xxx.o(.text)
    DMA1_Stream4_IRQHandler                  0x080004af   Thumb Code     0  startup_stm32f40_41xxx.o(.text)
    DMA1_Stream5_IRQHandler                  0x080004af   Thumb Code     0  startup_stm32f40_41xxx.o(.text)
    DMA1_Stream6_IRQHandler                  0x080004af   Thumb Code     0  startup_stm32f40_41xxx.o(.text)
    DMA1_Stream7_IRQHandler                  0x080004af   Thumb Code     0  startup_stm32f40_41xxx.o(.text)
    DMA2_Stream0_IRQHandler                  0x080004af   Thumb Code     0  startup_stm32f40_41xxx.o(.text)
    DMA2_Stream1_IRQHandler                  0x080004af   Thumb Code     0  startup_stm32f40_41xxx.o(.text)
    DMA2_Stream2_IRQHandler                  0x080004af   Thumb Code     0  startup_stm32f40_41xxx.o(.text)
    DMA2_Stream3_IRQHandler                  0x080004af   Thumb Code     0  startup_stm32f40_41xxx.o(.text)
    DMA2_Stream4_IRQHandler                  0x080004af   Thumb Code     0  startup_stm32f40_41xxx.o(.text)
    DMA2_Stream5_IRQHandler                  0x080004af   Thumb Code     0  startup_stm32f40_41xxx.o(.text)
    DMA2_Stream6_IRQHandler                  0x080004af   Thumb Code     0  startup_stm32f40_41xxx.o(.text)
    DMA2_Stream7_IRQHandler                  0x080004af   Thumb Code     0  startup_stm32f40_41xxx.o(.text)
    ETH_IRQHandler                           0x080004af   Thumb Code     0  startup_stm32f40_41xxx.o(.text)
    ETH_WKUP_IRQHandler                      0x080004af   Thumb Code     0  startup_stm32f40_41xxx.o(.text)
    EXTI0_IRQHandler                         0x080004af   Thumb Code     0  startup_stm32f40_41xxx.o(.text)
    EXTI15_10_IRQHandler                     0x080004af   Thumb Code     0  startup_stm32f40_41xxx.o(.text)
    EXTI1_IRQHandler                         0x080004af   Thumb Code     0  startup_stm32f40_41xxx.o(.text)
    EXTI2_IRQHandler                         0x080004af   Thumb Code     0  startup_stm32f40_41xxx.o(.text)
    EXTI3_IRQHandler                         0x080004af   Thumb Code     0  startup_stm32f40_41xxx.o(.text)
    EXTI4_IRQHandler                         0x080004af   Thumb Code     0  startup_stm32f40_41xxx.o(.text)
    EXTI9_5_IRQHandler                       0x080004af   Thumb Code     0  startup_stm32f40_41xxx.o(.text)
    FLASH_IRQHandler                         0x080004af   Thumb Code     0  startup_stm32f40_41xxx.o(.text)
    FPU_IRQHandler                           0x080004af   Thumb Code     0  startup_stm32f40_41xxx.o(.text)
    FSMC_IRQHandler                          0x080004af   Thumb Code     0  startup_stm32f40_41xxx.o(.text)
    HASH_RNG_IRQHandler                      0x080004af   Thumb Code     0  startup_stm32f40_41xxx.o(.text)
    I2C1_ER_IRQHandler                       0x080004af   Thumb Code     0  startup_stm32f40_41xxx.o(.text)
    I2C1_EV_IRQHandler                       0x080004af   Thumb Code     0  startup_stm32f40_41xxx.o(.text)
    I2C2_ER_IRQHandler                       0x080004af   Thumb Code     0  startup_stm32f40_41xxx.o(.text)
    I2C2_EV_IRQHandler                       0x080004af   Thumb Code     0  startup_stm32f40_41xxx.o(.text)
    I2C3_ER_IRQHandler                       0x080004af   Thumb Code     0  startup_stm32f40_41xxx.o(.text)
    I2C3_EV_IRQHandler                       0x080004af   Thumb Code     0  startup_stm32f40_41xxx.o(.text)
    OTG_FS_IRQHandler                        0x080004af   Thumb Code     0  startup_stm32f40_41xxx.o(.text)
    OTG_FS_WKUP_IRQHandler                   0x080004af   Thumb Code     0  startup_stm32f40_41xxx.o(.text)
    OTG_HS_EP1_IN_IRQHandler                 0x080004af   Thumb Code     0  startup_stm32f40_41xxx.o(.text)
    OTG_HS_EP1_OUT_IRQHandler                0x080004af   Thumb Code     0  startup_stm32f40_41xxx.o(.text)
    OTG_HS_IRQHandler                        0x080004af   Thumb Code     0  startup_stm32f40_41xxx.o(.text)
    OTG_HS_WKUP_IRQHandler                   0x080004af   Thumb Code     0  startup_stm32f40_41xxx.o(.text)
    PVD_IRQHandler                           0x080004af   Thumb Code     0  startup_stm32f40_41xxx.o(.text)
    RCC_IRQHandler                           0x080004af   Thumb Code     0  startup_stm32f40_41xxx.o(.text)
    RTC_Alarm_IRQHandler                     0x080004af   Thumb Code     0  startup_stm32f40_41xxx.o(.text)
    RTC_WKUP_IRQHandler                      0x080004af   Thumb Code     0  startup_stm32f40_41xxx.o(.text)
    SDIO_IRQHandler                          0x080004af   Thumb Code     0  startup_stm32f40_41xxx.o(.text)
    SPI1_IRQHandler                          0x080004af   Thumb Code     0  startup_stm32f40_41xxx.o(.text)
    SPI2_IRQHandler                          0x080004af   Thumb Code     0  startup_stm32f40_41xxx.o(.text)
    SPI3_IRQHandler                          0x080004af   Thumb Code     0  startup_stm32f40_41xxx.o(.text)
    TAMP_STAMP_IRQHandler                    0x080004af   Thumb Code     0  startup_stm32f40_41xxx.o(.text)
    TIM1_BRK_TIM9_IRQHandler                 0x080004af   Thumb Code     0  startup_stm32f40_41xxx.o(.text)
    TIM1_CC_IRQHandler                       0x080004af   Thumb Code     0  startup_stm32f40_41xxx.o(.text)
    TIM1_TRG_COM_TIM11_IRQHandler            0x080004af   Thumb Code     0  startup_stm32f40_41xxx.o(.text)
    TIM1_UP_TIM10_IRQHandler                 0x080004af   Thumb Code     0  startup_stm32f40_41xxx.o(.text)
    TIM2_IRQHandler                          0x080004af   Thumb Code     0  startup_stm32f40_41xxx.o(.text)
    TIM5_IRQHandler                          0x080004af   Thumb Code     0  startup_stm32f40_41xxx.o(.text)
    TIM6_DAC_IRQHandler                      0x080004af   Thumb Code     0  startup_stm32f40_41xxx.o(.text)
    TIM7_IRQHandler                          0x080004af   Thumb Code     0  startup_stm32f40_41xxx.o(.text)
    TIM8_BRK_TIM12_IRQHandler                0x080004af   Thumb Code     0  startup_stm32f40_41xxx.o(.text)
    TIM8_CC_IRQHandler                       0x080004af   Thumb Code     0  startup_stm32f40_41xxx.o(.text)
    TIM8_TRG_COM_TIM14_IRQHandler            0x080004af   Thumb Code     0  startup_stm32f40_41xxx.o(.text)
    TIM8_UP_TIM13_IRQHandler                 0x080004af   Thumb Code     0  startup_stm32f40_41xxx.o(.text)
    UART4_IRQHandler                         0x080004af   Thumb Code     0  startup_stm32f40_41xxx.o(.text)
    UART5_IRQHandler                         0x080004af   Thumb Code     0  startup_stm32f40_41xxx.o(.text)
    USART1_IRQHandler                        0x080004af   Thumb Code     0  startup_stm32f40_41xxx.o(.text)
    USART3_IRQHandler                        0x080004af   Thumb Code     0  startup_stm32f40_41xxx.o(.text)
    USART6_IRQHandler                        0x080004af   Thumb Code     0  startup_stm32f40_41xxx.o(.text)
    WWDG_IRQHandler                          0x080004af   Thumb Code     0  startup_stm32f40_41xxx.o(.text)
    __user_initial_stackheap                 0x080004b1   Thumb Code     0  startup_stm32f40_41xxx.o(.text)
    NVIC_PriorityGroupConfig                 0x080004d5   Thumb Code    10  misc.o(.text)
    NVIC_Init                                0x080004df   Thumb Code   106  misc.o(.text)
    NVIC_SetVectorTable                      0x08000549   Thumb Code    14  misc.o(.text)
    NVIC_SystemLPConfig                      0x08000557   Thumb Code    34  misc.o(.text)
    SysTick_CLKSourceConfig                  0x08000579   Thumb Code    40  misc.o(.text)
    GPIO_DeInit                              0x080005b5   Thumb Code   268  stm32f4xx_gpio.o(.text)
    GPIO_Init                                0x080006c1   Thumb Code   144  stm32f4xx_gpio.o(.text)
    GPIO_StructInit                          0x08000751   Thumb Code    18  stm32f4xx_gpio.o(.text)
    GPIO_PinLockConfig                       0x08000763   Thumb Code    34  stm32f4xx_gpio.o(.text)
    GPIO_ReadInputDataBit                    0x08000785   Thumb Code    18  stm32f4xx_gpio.o(.text)
    GPIO_ReadInputData                       0x08000797   Thumb Code     8  stm32f4xx_gpio.o(.text)
    GPIO_ReadOutputDataBit                   0x0800079f   Thumb Code    18  stm32f4xx_gpio.o(.text)
    GPIO_ReadOutputData                      0x080007b1   Thumb Code     8  stm32f4xx_gpio.o(.text)
    GPIO_SetBits                             0x080007b9   Thumb Code     4  stm32f4xx_gpio.o(.text)
    GPIO_ResetBits                           0x080007bd   Thumb Code     4  stm32f4xx_gpio.o(.text)
    GPIO_WriteBit                            0x080007c1   Thumb Code    10  stm32f4xx_gpio.o(.text)
    GPIO_Write                               0x080007cb   Thumb Code     4  stm32f4xx_gpio.o(.text)
    GPIO_ToggleBits                          0x080007cf   Thumb Code     8  stm32f4xx_gpio.o(.text)
    GPIO_PinAFConfig                         0x080007d7   Thumb Code    70  stm32f4xx_gpio.o(.text)
    RCC_DeInit                               0x08000849   Thumb Code    82  stm32f4xx_rcc.o(.text)
    RCC_HSEConfig                            0x0800089b   Thumb Code    14  stm32f4xx_rcc.o(.text)
    RCC_GetFlagStatus                        0x080008a9   Thumb Code    60  stm32f4xx_rcc.o(.text)
    RCC_WaitForHSEStartUp                    0x080008e5   Thumb Code    56  stm32f4xx_rcc.o(.text)
    RCC_AdjustHSICalibrationValue            0x0800091d   Thumb Code    20  stm32f4xx_rcc.o(.text)
    RCC_HSICmd                               0x08000931   Thumb Code     6  stm32f4xx_rcc.o(.text)
    RCC_LSEConfig                            0x08000937   Thumb Code    46  stm32f4xx_rcc.o(.text)
    RCC_LSICmd                               0x08000965   Thumb Code     6  stm32f4xx_rcc.o(.text)
    RCC_PLLConfig                            0x0800096b   Thumb Code    32  stm32f4xx_rcc.o(.text)
    RCC_PLLCmd                               0x0800098b   Thumb Code     6  stm32f4xx_rcc.o(.text)
    RCC_PLLI2SConfig                         0x08000991   Thumb Code    14  stm32f4xx_rcc.o(.text)
    RCC_PLLI2SCmd                            0x0800099f   Thumb Code     6  stm32f4xx_rcc.o(.text)
    RCC_PLLSAIConfig                         0x080009a5   Thumb Code    20  stm32f4xx_rcc.o(.text)
    RCC_PLLSAICmd                            0x080009b9   Thumb Code     6  stm32f4xx_rcc.o(.text)
    RCC_ClockSecuritySystemCmd               0x080009bf   Thumb Code     6  stm32f4xx_rcc.o(.text)
    RCC_MCO1Config                           0x080009c5   Thumb Code    28  stm32f4xx_rcc.o(.text)
    RCC_MCO2Config                           0x080009e1   Thumb Code    28  stm32f4xx_rcc.o(.text)
    RCC_SYSCLKConfig                         0x080009fd   Thumb Code    20  stm32f4xx_rcc.o(.text)
    RCC_GetSYSCLKSource                      0x08000a11   Thumb Code    12  stm32f4xx_rcc.o(.text)
    RCC_HCLKConfig                           0x08000a1d   Thumb Code    20  stm32f4xx_rcc.o(.text)
    RCC_PCLK1Config                          0x08000a31   Thumb Code    20  stm32f4xx_rcc.o(.text)
    RCC_PCLK2Config                          0x08000a45   Thumb Code    22  stm32f4xx_rcc.o(.text)
    RCC_GetClocksFreq                        0x08000a5b   Thumb Code   222  stm32f4xx_rcc.o(.text)
    RCC_RTCCLKConfig                         0x08000b39   Thumb Code    54  stm32f4xx_rcc.o(.text)
    RCC_RTCCLKCmd                            0x08000b6f   Thumb Code     8  stm32f4xx_rcc.o(.text)
    RCC_BackupResetCmd                       0x08000b77   Thumb Code     8  stm32f4xx_rcc.o(.text)
    RCC_I2SCLKConfig                         0x08000b7f   Thumb Code     6  stm32f4xx_rcc.o(.text)
    RCC_SAIPLLI2SClkDivConfig                0x08000b85   Thumb Code    26  stm32f4xx_rcc.o(.text)
    RCC_SAIPLLSAIClkDivConfig                0x08000b9f   Thumb Code    28  stm32f4xx_rcc.o(.text)
    RCC_SAIBlockACLKConfig                   0x08000bbb   Thumb Code    20  stm32f4xx_rcc.o(.text)
    RCC_SAIBlockBCLKConfig                   0x08000bcf   Thumb Code    20  stm32f4xx_rcc.o(.text)
    RCC_LTDCCLKDivConfig                     0x08000be3   Thumb Code    20  stm32f4xx_rcc.o(.text)
    RCC_TIMCLKPresConfig                     0x08000bf7   Thumb Code     6  stm32f4xx_rcc.o(.text)
    RCC_AHB1PeriphClockCmd                   0x08000bfd   Thumb Code    34  stm32f4xx_rcc.o(.text)
    RCC_AHB2PeriphClockCmd                   0x08000c1f   Thumb Code    78  stm32f4xx_rcc.o(.text)
    RCC_AHB3PeriphClockCmd                   0x08000c6d   Thumb Code    34  stm32f4xx_rcc.o(.text)
    RCC_APB1PeriphClockCmd                   0x08000c8f   Thumb Code    34  stm32f4xx_rcc.o(.text)
    RCC_APB2PeriphClockCmd                   0x08000cb1   Thumb Code    34  stm32f4xx_rcc.o(.text)
    RCC_AHB1PeriphResetCmd                   0x08000cd3   Thumb Code    34  stm32f4xx_rcc.o(.text)
    RCC_AHB2PeriphResetCmd                   0x08000cf5   Thumb Code    34  stm32f4xx_rcc.o(.text)
    RCC_AHB3PeriphResetCmd                   0x08000d17   Thumb Code    34  stm32f4xx_rcc.o(.text)
    RCC_APB1PeriphResetCmd                   0x08000d39   Thumb Code    34  stm32f4xx_rcc.o(.text)
    RCC_APB2PeriphResetCmd                   0x08000d5b   Thumb Code    34  stm32f4xx_rcc.o(.text)
    RCC_AHB1PeriphClockLPModeCmd             0x08000d7d   Thumb Code    34  stm32f4xx_rcc.o(.text)
    RCC_AHB2PeriphClockLPModeCmd             0x08000d9f   Thumb Code    34  stm32f4xx_rcc.o(.text)
    RCC_AHB3PeriphClockLPModeCmd             0x08000dc1   Thumb Code    34  stm32f4xx_rcc.o(.text)
    RCC_APB1PeriphClockLPModeCmd             0x08000de3   Thumb Code    34  stm32f4xx_rcc.o(.text)
    RCC_APB2PeriphClockLPModeCmd             0x08000e05   Thumb Code    34  stm32f4xx_rcc.o(.text)
    RCC_LSEModeConfig                        0x08000e27   Thumb Code    40  stm32f4xx_rcc.o(.text)
    RCC_ITConfig                             0x08000e4f   Thumb Code    34  stm32f4xx_rcc.o(.text)
    RCC_ClearFlag                            0x08000e71   Thumb Code    18  stm32f4xx_rcc.o(.text)
    RCC_GetITStatus                          0x08000e83   Thumb Code    22  stm32f4xx_rcc.o(.text)
    RCC_ClearITPendingBit                    0x08000e99   Thumb Code     8  stm32f4xx_rcc.o(.text)
    SPI_I2S_DeInit                           0x08000ea5   Thumb Code   152  stm32f4xx_spi.o(.text)
    SPI_Init                                 0x08000f3d   Thumb Code    60  stm32f4xx_spi.o(.text)
    I2S_Init                                 0x08000f79   Thumb Code   396  stm32f4xx_spi.o(.text)
    SPI_StructInit                           0x08001105   Thumb Code    24  stm32f4xx_spi.o(.text)
    I2S_StructInit                           0x0800111d   Thumb Code    20  stm32f4xx_spi.o(.text)
    SPI_Cmd                                  0x08001131   Thumb Code    24  stm32f4xx_spi.o(.text)
    I2S_Cmd                                  0x08001149   Thumb Code    24  stm32f4xx_spi.o(.text)
    SPI_DataSizeConfig                       0x08001161   Thumb Code    18  stm32f4xx_spi.o(.text)
    SPI_BiDirectionalLineConfig              0x08001173   Thumb Code    28  stm32f4xx_spi.o(.text)
    SPI_NSSInternalSoftwareConfig            0x0800118f   Thumb Code    30  stm32f4xx_spi.o(.text)
    SPI_SSOutputCmd                          0x080011ad   Thumb Code    24  stm32f4xx_spi.o(.text)
    SPI_TIModeCmd                            0x080011c5   Thumb Code    24  stm32f4xx_spi.o(.text)
    I2S_FullDuplexConfig                     0x080011dd   Thumb Code    80  stm32f4xx_spi.o(.text)
    SPI_I2S_ReceiveData                      0x0800122d   Thumb Code     6  stm32f4xx_spi.o(.text)
    SPI_I2S_SendData                         0x08001233   Thumb Code     4  stm32f4xx_spi.o(.text)
    SPI_CalculateCRC                         0x08001237   Thumb Code    24  stm32f4xx_spi.o(.text)
    SPI_TransmitCRC                          0x0800124f   Thumb Code    10  stm32f4xx_spi.o(.text)
    SPI_GetCRC                               0x08001259   Thumb Code    16  stm32f4xx_spi.o(.text)
    SPI_GetCRCPolynomial                     0x08001269   Thumb Code     6  stm32f4xx_spi.o(.text)
    SPI_I2S_DMACmd                           0x0800126f   Thumb Code    18  stm32f4xx_spi.o(.text)
    SPI_I2S_ITConfig                         0x08001281   Thumb Code    68  stm32f4xx_spi.o(.text)
    SPI_I2S_GetFlagStatus                    0x080012c5   Thumb Code    18  stm32f4xx_spi.o(.text)
    SPI_I2S_ClearFlag                        0x080012d7   Thumb Code     6  stm32f4xx_spi.o(.text)
    SPI_I2S_GetITStatus                      0x080012dd   Thumb Code    52  stm32f4xx_spi.o(.text)
    SPI_I2S_ClearITPendingBit                0x08001311   Thumb Code    20  stm32f4xx_spi.o(.text)
    TIM_DeInit                               0x08001325   Thumb Code   346  stm32f4xx_tim.o(.text)
    TIM_TimeBaseInit                         0x0800147f   Thumb Code   104  stm32f4xx_tim.o(.text)
    TIM_TimeBaseStructInit                   0x080014e7   Thumb Code    18  stm32f4xx_tim.o(.text)
    TIM_PrescalerConfig                      0x080014f9   Thumb Code     6  stm32f4xx_tim.o(.text)
    TIM_CounterModeConfig                    0x080014ff   Thumb Code    18  stm32f4xx_tim.o(.text)
    TIM_SetCounter                           0x08001511   Thumb Code     4  stm32f4xx_tim.o(.text)
    TIM_SetAutoreload                        0x08001515   Thumb Code     4  stm32f4xx_tim.o(.text)
    TIM_GetCounter                           0x08001519   Thumb Code     6  stm32f4xx_tim.o(.text)
    TIM_GetPrescaler                         0x0800151f   Thumb Code     6  stm32f4xx_tim.o(.text)
    TIM_UpdateDisableConfig                  0x08001525   Thumb Code    24  stm32f4xx_tim.o(.text)
    TIM_UpdateRequestConfig                  0x0800153d   Thumb Code    24  stm32f4xx_tim.o(.text)
    TIM_ARRPreloadConfig                     0x08001555   Thumb Code    24  stm32f4xx_tim.o(.text)
    TIM_SelectOnePulseMode                   0x0800156d   Thumb Code    18  stm32f4xx_tim.o(.text)
    TIM_SetClockDivision                     0x0800157f   Thumb Code    18  stm32f4xx_tim.o(.text)
    TIM_Cmd                                  0x08001591   Thumb Code    24  stm32f4xx_tim.o(.text)
    TIM_OC1Init                              0x080015a9   Thumb Code   114  stm32f4xx_tim.o(.text)
    TIM_OC2Init                              0x0800161b   Thumb Code   154  stm32f4xx_tim.o(.text)
    TIM_OC3Init                              0x080016b5   Thumb Code   204  stm32f4xx_tim.o(.text)
    TIM_OC4Init                              0x08001781   Thumb Code   112  stm32f4xx_tim.o(.text)
    TIM_OCStructInit                         0x080017f1   Thumb Code    20  stm32f4xx_tim.o(.text)
    TIM_SelectOCxM                           0x08001805   Thumb Code    86  stm32f4xx_tim.o(.text)
    TIM_SetCompare1                          0x0800185b   Thumb Code     4  stm32f4xx_tim.o(.text)
    TIM_SetCompare2                          0x0800185f   Thumb Code     4  stm32f4xx_tim.o(.text)
    TIM_SetCompare3                          0x08001863   Thumb Code     4  stm32f4xx_tim.o(.text)
    TIM_SetCompare4                          0x08001867   Thumb Code     4  stm32f4xx_tim.o(.text)
    TIM_ForcedOC1Config                      0x0800186b   Thumb Code    18  stm32f4xx_tim.o(.text)
    TIM_ForcedOC2Config                      0x0800187d   Thumb Code    26  stm32f4xx_tim.o(.text)
    TIM_ForcedOC3Config                      0x08001897   Thumb Code    18  stm32f4xx_tim.o(.text)
    TIM_ForcedOC4Config                      0x080018a9   Thumb Code    26  stm32f4xx_tim.o(.text)
    TIM_OC1PreloadConfig                     0x080018c3   Thumb Code    18  stm32f4xx_tim.o(.text)
    TIM_OC2PreloadConfig                     0x080018d5   Thumb Code    26  stm32f4xx_tim.o(.text)
    TIM_OC3PreloadConfig                     0x080018ef   Thumb Code    18  stm32f4xx_tim.o(.text)
    TIM_OC4PreloadConfig                     0x08001901   Thumb Code    26  stm32f4xx_tim.o(.text)
    TIM_OC1FastConfig                        0x0800191b   Thumb Code    18  stm32f4xx_tim.o(.text)
    TIM_OC2FastConfig                        0x0800192d   Thumb Code    26  stm32f4xx_tim.o(.text)
    TIM_OC3FastConfig                        0x08001947   Thumb Code    18  stm32f4xx_tim.o(.text)
    TIM_OC4FastConfig                        0x08001959   Thumb Code    26  stm32f4xx_tim.o(.text)
    TIM_ClearOC1Ref                          0x08001973   Thumb Code    18  stm32f4xx_tim.o(.text)
    TIM_ClearOC2Ref                          0x08001985   Thumb Code    24  stm32f4xx_tim.o(.text)
    TIM_ClearOC3Ref                          0x0800199d   Thumb Code    18  stm32f4xx_tim.o(.text)
    TIM_ClearOC4Ref                          0x080019af   Thumb Code    24  stm32f4xx_tim.o(.text)
    TIM_OC1PolarityConfig                    0x080019c7   Thumb Code    18  stm32f4xx_tim.o(.text)
    TIM_OC1NPolarityConfig                   0x080019d9   Thumb Code    18  stm32f4xx_tim.o(.text)
    TIM_OC2PolarityConfig                    0x080019eb   Thumb Code    26  stm32f4xx_tim.o(.text)
    TIM_OC2NPolarityConfig                   0x08001a05   Thumb Code    26  stm32f4xx_tim.o(.text)
    TIM_OC3PolarityConfig                    0x08001a1f   Thumb Code    26  stm32f4xx_tim.o(.text)
    TIM_OC3NPolarityConfig                   0x08001a39   Thumb Code    26  stm32f4xx_tim.o(.text)
    TIM_OC4PolarityConfig                    0x08001a53   Thumb Code    26  stm32f4xx_tim.o(.text)
    TIM_CCxCmd                               0x08001a6d   Thumb Code    30  stm32f4xx_tim.o(.text)
    TIM_CCxNCmd                              0x08001a8b   Thumb Code    30  stm32f4xx_tim.o(.text)
    TIM_SetIC4Prescaler                      0x08001aa9   Thumb Code    26  stm32f4xx_tim.o(.text)
    TIM_SetIC3Prescaler                      0x08001b13   Thumb Code    18  stm32f4xx_tim.o(.text)
    TIM_SetIC2Prescaler                      0x08001b6d   Thumb Code    26  stm32f4xx_tim.o(.text)
    TIM_SetIC1Prescaler                      0x08001be1   Thumb Code    18  stm32f4xx_tim.o(.text)
    TIM_ICInit                               0x08001c2d   Thumb Code   110  stm32f4xx_tim.o(.text)
    TIM_ICStructInit                         0x08001c9b   Thumb Code    18  stm32f4xx_tim.o(.text)
    TIM_PWMIConfig                           0x08001cad   Thumb Code   124  stm32f4xx_tim.o(.text)
    TIM_GetCapture1                          0x08001d29   Thumb Code     6  stm32f4xx_tim.o(.text)
    TIM_GetCapture2                          0x08001d2f   Thumb Code     6  stm32f4xx_tim.o(.text)
    TIM_GetCapture3                          0x08001d35   Thumb Code     6  stm32f4xx_tim.o(.text)
    TIM_GetCapture4                          0x08001d3b   Thumb Code     6  stm32f4xx_tim.o(.text)
    TIM_BDTRConfig                           0x08001d41   Thumb Code    32  stm32f4xx_tim.o(.text)
    TIM_BDTRStructInit                       0x08001d61   Thumb Code    18  stm32f4xx_tim.o(.text)
    TIM_CtrlPWMOutputs                       0x08001d73   Thumb Code    30  stm32f4xx_tim.o(.text)
    TIM_SelectCOM                            0x08001d91   Thumb Code    24  stm32f4xx_tim.o(.text)
    TIM_CCPreloadControl                     0x08001da9   Thumb Code    24  stm32f4xx_tim.o(.text)
    TIM_ITConfig                             0x08001dc1   Thumb Code    18  stm32f4xx_tim.o(.text)
    TIM_GenerateEvent                        0x08001dd3   Thumb Code     4  stm32f4xx_tim.o(.text)
    TIM_GetFlagStatus                        0x08001dd7   Thumb Code    18  stm32f4xx_tim.o(.text)
    TIM_ClearFlag                            0x08001de9   Thumb Code     6  stm32f4xx_tim.o(.text)
    TIM_GetITStatus                          0x08001def   Thumb Code    34  stm32f4xx_tim.o(.text)
    TIM_ClearITPendingBit                    0x08001e11   Thumb Code     6  stm32f4xx_tim.o(.text)
    TIM_DMAConfig                            0x08001e17   Thumb Code    10  stm32f4xx_tim.o(.text)
    TIM_DMACmd                               0x08001e21   Thumb Code    18  stm32f4xx_tim.o(.text)
    TIM_SelectCCDMA                          0x08001e33   Thumb Code    24  stm32f4xx_tim.o(.text)
    TIM_InternalClockConfig                  0x08001e4b   Thumb Code    12  stm32f4xx_tim.o(.text)
    TIM_SelectInputTrigger                   0x08001e57   Thumb Code    18  stm32f4xx_tim.o(.text)
    TIM_ITRxExternalClockConfig              0x08001e69   Thumb Code    24  stm32f4xx_tim.o(.text)
    TIM_TIxExternalClockConfig               0x08001e81   Thumb Code    62  stm32f4xx_tim.o(.text)
    TIM_ETRConfig                            0x08001ebf   Thumb Code    28  stm32f4xx_tim.o(.text)
    TIM_ETRClockMode1Config                  0x08001edb   Thumb Code    54  stm32f4xx_tim.o(.text)
    TIM_ETRClockMode2Config                  0x08001f11   Thumb Code    32  stm32f4xx_tim.o(.text)
    TIM_SelectOutputTrigger                  0x08001f31   Thumb Code    18  stm32f4xx_tim.o(.text)
    TIM_SelectSlaveMode                      0x08001f43   Thumb Code    18  stm32f4xx_tim.o(.text)
    TIM_SelectMasterSlaveMode                0x08001f55   Thumb Code    18  stm32f4xx_tim.o(.text)
    TIM_EncoderInterfaceConfig               0x08001f67   Thumb Code    66  stm32f4xx_tim.o(.text)
    TIM_SelectHallSensor                     0x08001fa9   Thumb Code    24  stm32f4xx_tim.o(.text)
    TIM_RemapConfig                          0x08001fc1   Thumb Code     6  stm32f4xx_tim.o(.text)
    USART_DeInit                             0x08001fc9   Thumb Code   206  stm32f4xx_usart.o(.text)
    USART_Init                               0x08002097   Thumb Code   204  stm32f4xx_usart.o(.text)
    USART_StructInit                         0x08002163   Thumb Code    24  stm32f4xx_usart.o(.text)
    USART_ClockInit                          0x0800217b   Thumb Code    32  stm32f4xx_usart.o(.text)
    USART_ClockStructInit                    0x0800219b   Thumb Code    12  stm32f4xx_usart.o(.text)
    USART_Cmd                                0x080021a7   Thumb Code    24  stm32f4xx_usart.o(.text)
    USART_SetPrescaler                       0x080021bf   Thumb Code    16  stm32f4xx_usart.o(.text)
    USART_OverSampling8Cmd                   0x080021cf   Thumb Code    22  stm32f4xx_usart.o(.text)
    USART_OneBitMethodCmd                    0x080021e5   Thumb Code    24  stm32f4xx_usart.o(.text)
    USART_SendData                           0x080021fd   Thumb Code     8  stm32f4xx_usart.o(.text)
    USART_ReceiveData                        0x08002205   Thumb Code    10  stm32f4xx_usart.o(.text)
    USART_SetAddress                         0x0800220f   Thumb Code    18  stm32f4xx_usart.o(.text)
    USART_ReceiverWakeUpCmd                  0x08002221   Thumb Code    24  stm32f4xx_usart.o(.text)
    USART_WakeUpConfig                       0x08002239   Thumb Code    18  stm32f4xx_usart.o(.text)
    USART_LINBreakDetectLengthConfig         0x0800224b   Thumb Code    18  stm32f4xx_usart.o(.text)
    USART_LINCmd                             0x0800225d   Thumb Code    24  stm32f4xx_usart.o(.text)
    USART_SendBreak                          0x08002275   Thumb Code    10  stm32f4xx_usart.o(.text)
    USART_HalfDuplexCmd                      0x0800227f   Thumb Code    24  stm32f4xx_usart.o(.text)
    USART_SetGuardTime                       0x08002297   Thumb Code    16  stm32f4xx_usart.o(.text)
    USART_SmartCardCmd                       0x080022a7   Thumb Code    24  stm32f4xx_usart.o(.text)
    USART_SmartCardNACKCmd                   0x080022bf   Thumb Code    24  stm32f4xx_usart.o(.text)
    USART_IrDAConfig                         0x080022d7   Thumb Code    18  stm32f4xx_usart.o(.text)
    USART_IrDACmd                            0x080022e9   Thumb Code    24  stm32f4xx_usart.o(.text)
    USART_DMACmd                             0x08002301   Thumb Code    18  stm32f4xx_usart.o(.text)
    USART_ITConfig                           0x08002313   Thumb Code    74  stm32f4xx_usart.o(.text)
    USART_GetFlagStatus                      0x0800235d   Thumb Code    26  stm32f4xx_usart.o(.text)
    USART_ClearFlag                          0x08002377   Thumb Code    18  stm32f4xx_usart.o(.text)
    USART_GetITStatus                        0x08002389   Thumb Code   118  stm32f4xx_usart.o(.text)
    USART_ClearITPendingBit                  0x080023ff   Thumb Code    30  stm32f4xx_usart.o(.text)
    delay_init                               0x0800241d   Thumb Code    52  delay.o(.text)
    delay_us                                 0x08002451   Thumb Code    72  delay.o(.text)
    delay_xms                                0x08002499   Thumb Code    72  delay.o(.text)
    delay_ms                                 0x080024e1   Thumb Code    56  delay.o(.text)
    All_Init                                 0x08002521   Thumb Code    62  init.o(.text)
    Key_Init                                 0x08002569   Thumb Code    60  key.o(.text)
    Key_Scan                                 0x080025a5   Thumb Code   188  key.o(.text)
    LED_Init                                 0x0800266d   Thumb Code    60  led.o(.text)
    Loop_check                               0x080026ad   Thumb Code    86  schedule.o(.text)
    Duty_1ms                                 0x08002703   Thumb Code    14  schedule.o(.text)
    Duty_2ms                                 0x08002711   Thumb Code    92  schedule.o(.text)
    Duty_5ms                                 0x0800276d   Thumb Code    82  schedule.o(.text)
    Duty_10ms                                0x080027bf   Thumb Code     2  schedule.o(.text)
    Duty_20ms                                0x080027c1   Thumb Code     2  schedule.o(.text)
    Duty_50ms                                0x080027c3   Thumb Code     2  schedule.o(.text)
    Duty_Loop                                0x080027c5   Thumb Code   132  schedule.o(.text)
    ANO_DT_Send_Data                         0x08002861   Thumb Code    16  data_transfer.o(.text)
    ANO_DT_Send_PID                          0x080028af   Thumb Code   562  data_transfer.o(.text)
    ANO_DT_Send_RCData                       0x08002ae1   Thumb Code   350  data_transfer.o(.text)
    ANO_DT_Send_User                         0x08002c3f   Thumb Code   486  data_transfer.o(.text)
    ANO_DT_Data_Exchange                     0x08002e25   Thumb Code   942  data_transfer.o(.text)
    ANO_DT_Data_Receive_Anl                  0x080031d3   Thumb Code  4250  data_transfer.o(.text)
    ANO_DT_Data_Receive_Prepare              0x0800426d   Thumb Code   216  data_transfer.o(.text)
    ANO_DT_SendString                        0x08004345   Thumb Code   116  data_transfer.o(.text)
    Para_ResetToFactorySetup                 0x080045e9   Thumb Code   520  parameter.o(.text)
    PID_Para_Init                            0x080047f1   Thumb Code     2  parameter.o(.text)
    Para_Init                                0x080047f3   Thumb Code    28  parameter.o(.text)
    Param_SavePID                            0x0800480f   Thumb Code     8  parameter.o(.text)
    Parameter_Save                           0x08004817   Thumb Code    38  parameter.o(.text)
    CH_Mapping_Fun                           0x08004845   Thumb Code    28  rc.o(.text)
    RC_Duty                                  0x08004861   Thumb Code  1138  rc.o(.text)
    Feed_Rc_Dog                              0x08004cd3   Thumb Code    12  rc.o(.text)
    SysTick_Configuration                    0x08004ced   Thumb Code    98  timer.o(.text)
    GetSysTime_us                            0x08004d4f   Thumb Code    48  timer.o(.text)
    Delay_us                                 0x08004d7f   Thumb Code    24  timer.o(.text)
    Delay_ms                                 0x08004d97   Thumb Code    24  timer.o(.text)
    sys_time                                 0x08004daf   Thumb Code   126  timer.o(.text)
    Get_Cycle_T                              0x08004e2d   Thumb Code   110  timer.o(.text)
    Cycle_Time_Init                          0x08004e9b   Thumb Code    22  timer.o(.text)
    Usart2_Init                              0x08004ed5   Thumb Code   230  usart.o(.text)
    Usart2_IRQ                               0x08004fbb   Thumb Code   120  usart.o(.text)
    Usart2_Send                              0x08005033   Thumb Code    62  usart.o(.text)
    Usart_to_test                            0x08005071   Thumb Code    54  usart.o(.text)
    Flash_Init                               0x0800518d   Thumb Code   370  drv_w25qxx.o(.text)
    Flash_SectorErase                        0x0800536d   Thumb Code    66  drv_w25qxx.o(.text)
    Flash_PageWrite                          0x080053af   Thumb Code    84  drv_w25qxx.o(.text)
    Flash_PageRead                           0x08005403   Thumb Code    78  drv_w25qxx.o(.text)
    Flash_SectorsRead                        0x08005451   Thumb Code    52  drv_w25qxx.o(.text)
    Flash_SectorsWrite                       0x08005485   Thumb Code   118  drv_w25qxx.o(.text)
    Flash_GetInfo                            0x080054fb   Thumb Code     4  drv_w25qxx.o(.text)
    PWM_IN_Init                              0x08005505   Thumb Code   698  pwm_in.o(.text)
    _TIM3_IRQHandler                         0x080057bf   Thumb Code   526  pwm_in.o(.text)
    _TIM4_IRQHandler                         0x080059cd   Thumb Code   450  pwm_in.o(.text)
    disk_status                              0x08005bc9   Thumb Code    24  diskio.o(.text)
    disk_initialize                          0x08005be1   Thumb Code    34  diskio.o(.text)
    disk_read                                0x08005c03   Thumb Code    56  diskio.o(.text)
    disk_write                               0x08005c3b   Thumb Code    56  diskio.o(.text)
    disk_ioctl                               0x08005c73   Thumb Code    60  diskio.o(.text)
    get_fattime                              0x08005caf   Thumb Code     4  diskio.o(.text)
    clust2sect                               0x08005e6f   Thumb Code    26  ff.o(.text)
    get_fat                                  0x08005e89   Thumb Code   318  ff.o(.text)
    put_fat                                  0x08005fc7   Thumb Code   392  ff.o(.text)
    f_mount                                  0x08006dcd   Thumb Code    86  ff.o(.text)
    f_open                                   0x08006e23   Thumb Code   356  ff.o(.text)
    f_read                                   0x08006f87   Thumb Code   498  ff.o(.text)
    f_write                                  0x08007179   Thumb Code   540  ff.o(.text)
    f_sync                                   0x08007395   Thumb Code   176  ff.o(.text)
    f_close                                  0x08007445   Thumb Code    32  ff.o(.text)
    f_lseek                                  0x08007465   Thumb Code   726  ff.o(.text)
    f_opendir                                0x0800773b   Thumb Code   110  ff.o(.text)
    f_closedir                               0x080077a9   Thumb Code    22  ff.o(.text)
    f_readdir                                0x080077bf   Thumb Code    88  ff.o(.text)
    f_stat                                   0x08007817   Thumb Code    60  ff.o(.text)
    f_getfree                                0x08007853   Thumb Code   258  ff.o(.text)
    f_truncate                               0x08007955   Thumb Code   184  ff.o(.text)
    f_unlink                                 0x08007a0d   Thumb Code   166  ff.o(.text)
    f_mkdir                                  0x08007ab3   Thumb Code   352  ff.o(.text)
    f_chmod                                  0x08007c13   Thumb Code    84  ff.o(.text)
    f_rename                                 0x08007c67   Thumb Code   258  ff.o(.text)
    f_utime                                  0x08007d69   Thumb Code    86  ff.o(.text)
    f_mkfs                                   0x08007dbf   Thumb Code  1624  ff.o(.text)
    __use_two_region_memory                  0x08008445   Thumb Code     2  heapauxi.o(.text)
    __rt_heap_escrow$2region                 0x08008447   Thumb Code     2  heapauxi.o(.text)
    __rt_heap_expand$2region                 0x08008449   Thumb Code     2  heapauxi.o(.text)
    __user_setup_stackheap                   0x0800844b   Thumb Code    74  sys_stackheap_outer.o(.text)
    exit                                     0x08008495   Thumb Code    12  exit.o(.text)
    __user_libspace                          0x080084a1   Thumb Code     8  libspace.o(.text)
    __user_perproc_libspace                  0x080084a1   Thumb Code     0  libspace.o(.text)
    __user_perthread_libspace                0x080084a1   Thumb Code     0  libspace.o(.text)
    _sys_exit                                0x080084a9   Thumb Code     8  sys_exit.o(.text)
    __I$use$semihosting                      0x080084b5   Thumb Code     0  use_no_semi.o(.text)
    __use_no_semihosting_swi                 0x080084b5   Thumb Code     2  use_no_semi.o(.text)
    __semihosting_library_function           0x080084b7   Thumb Code     0  indicate_semi.o(.text)
    __aeabi_d2f                              0x080084b9   Thumb Code     0  d2f.o(x$fpl$d2f)
    _d2f                                     0x080084b9   Thumb Code    98  d2f.o(x$fpl$d2f)
    __aeabi_i2d                              0x0800851b   Thumb Code     0  dflt_clz.o(x$fpl$dflt)
    _dflt                                    0x0800851b   Thumb Code    46  dflt_clz.o(x$fpl$dflt)
    __aeabi_dmul                             0x08008549   Thumb Code     0  dmul.o(x$fpl$dmul)
    _dmul                                    0x08008549   Thumb Code   332  dmul.o(x$fpl$dmul)
    __fpl_dnaninf                            0x0800869d   Thumb Code   156  dnaninf.o(x$fpl$dnaninf)
    __fpl_dretinf                            0x08008739   Thumb Code    12  dretinf.o(x$fpl$dretinf)
    _fp_init                                 0x08008745   Thumb Code    10  fpinit.o(x$fpl$fpinit)
    __fplib_config_fpu_vfp                   0x0800874d   Thumb Code     0  fpinit.o(x$fpl$fpinit)
    __fplib_config_pureend_doubles           0x0800874d   Thumb Code     0  fpinit.o(x$fpl$fpinit)
    __fpl_fretinf                            0x0800874f   Thumb Code    10  fretinf.o(x$fpl$fretinf)
    __I$use$fp                               0x08008758   Number         0  usenofp.o(x$fpl$usenofp)
    Region$$Table$$Base                      0x08008784   Number         0  anon$$obj.o(Region$$Table)
    Region$$Table$$Limit                     0x080087a4   Number         0  anon$$obj.o(Region$$Table)
    Init_Finish                              0x20000000   Data           1  main.o(.data)
    SystemCoreClock                          0x20000004   Data           4  system_stm32f4xx.o(.data)
    AHBPrescTable                            0x20000008   Data          16  system_stm32f4xx.o(.data)
    loop_cnt                                 0x20000030   Data           2  schedule.o(.data)
    time_to_test                             0x20000034   Data           4  schedule.o(.data)
    checkdata_to_send                        0x20000038   Data           1  data_transfer.o(.data)
    checksum_to_send                         0x20000039   Data           1  data_transfer.o(.data)
    flash_save_en_cnt                        0x2000003a   Data           2  data_transfer.o(.data)
    flash_init_error                         0x20000043   Data           1  parameter.o(.data)
    CH_in_Mapping                            0x20000044   Data           8  rc.o(.data)
    rc_lose                                  0x2000004c   Data           1  rc.o(.data)
    NS                                       0x2000004d   Data           1  rc.o(.data)
    CH_Error                                 0x2000004e   Data           8  rc.o(.data)
    NS_cnt                                   0x20000056   Data           2  rc.o(.data)
    MAX_CH                                   0x20000058   Data          16  rc.o(.data)
    MIN_CH                                   0x20000068   Data          16  rc.o(.data)
    CH_DIR                                   0x20000078   Data           8  rc.o(.data)
    filter_A                                 0x20000080   Data           4  rc.o(.data)
    sysTickUptime                            0x20000084   Data           4  timer.o(.data)
    time_1h                                  0x20000088   Data           4  timer.o(.data)
    time_1m                                  0x2000008c   Data           4  timer.o(.data)
    time_1s                                  0x20000090   Data           4  timer.o(.data)
    time_1ms                                 0x20000094   Data           4  timer.o(.data)
    TxCounter                                0x20000098   Data           1  usart.o(.data)
    count                                    0x20000099   Data           1  usart.o(.data)
    loop                                     0x200000cc   Data          16  schedule.o(.bss)
    test                                     0x200000dc   Data          20  schedule.o(.bss)
    f                                        0x200000f0   Data          20  data_transfer.o(.bss)
    data_to_send                             0x20000104   Data          50  data_transfer.o(.bss)
    RX_CH                                    0x20000136   Data          16  data_transfer.o(.bss)
    sensor_setup                             0x20000178   Data          64  parameter.o(.bss)
    pid_setup                                0x200001b8   Data         288  parameter.o(.bss)
    CH                                       0x2000234c   Data          16  rc.o(.bss)
    CH_Old                                   0x2000235c   Data          32  rc.o(.bss)
    CH_filter                                0x2000237c   Data          32  rc.o(.bss)
    CH_filter_Old                            0x2000239c   Data          32  rc.o(.bss)
    CH_filter_D                              0x200023bc   Data          32  rc.o(.bss)
    CLR_CH_Error                             0x200023dc   Data          16  rc.o(.bss)
    Cycle_T                                  0x200023fc   Data          60  timer.o(.bss)
    TxBuffer                                 0x20002438   Data         256  usart.o(.bss)
    Rx_Buf                                   0x20002538   Data         256  usart.o(.bss)
    data_to_ruisa                            0x20002638   Data          50  usart.o(.bss)
    Rc_Pwm_In                                0x20002678   Data          16  pwm_in.o(.bss)
    __libspace_start                         0x20002688   Data          96  libspace.o(.bss)
    __temporary_stack_top$libspace           0x200026e8   Data           0  libspace.o(.bss)



==============================================================================

Memory Map of the image

  Image Entry point : 0x08000189

  Load Region LR_IROM1 (Base: 0x08000000, Size: 0x00008870, Max: 0x00100000, ABSOLUTE)

    Execution Region ER_IROM1 (Base: 0x08000000, Size: 0x000087a4, Max: 0x00100000, ABSOLUTE)

    Base Addr    Size         Type   Attr      Idx    E Section Name        Object

    0x08000000   0x00000188   Data   RO          210    RESET               startup_stm32f40_41xxx.o
    0x08000188   0x00000008   Code   RO         1426  * !!!main             c_w.l(__main.o)
    0x08000190   0x00000034   Code   RO         1611    !!!scatter          c_w.l(__scatter.o)
    0x080001c4   0x0000001a   Code   RO         1613    !!handler_copy      c_w.l(__scatter_copy.o)
    0x080001de   0x00000002   PAD
    0x080001e0   0x0000001c   Code   RO         1615    !!handler_zi        c_w.l(__scatter_zi.o)
    0x080001fc   0x00000002   Code   RO         1482    .ARM.Collect$$libinit$$00000000  c_w.l(libinit.o)
    0x080001fe   0x00000004   Code   RO         1488    .ARM.Collect$$libinit$$00000001  c_w.l(libinit2.o)
    0x08000202   0x00000000   Code   RO         1491    .ARM.Collect$$libinit$$00000004  c_w.l(libinit2.o)
    0x08000202   0x00000000   Code   RO         1494    .ARM.Collect$$libinit$$0000000A  c_w.l(libinit2.o)
    0x08000202   0x00000000   Code   RO         1496    .ARM.Collect$$libinit$$0000000C  c_w.l(libinit2.o)
    0x08000202   0x00000000   Code   RO         1498    .ARM.Collect$$libinit$$0000000E  c_w.l(libinit2.o)
    0x08000202   0x00000000   Code   RO         1501    .ARM.Collect$$libinit$$00000011  c_w.l(libinit2.o)
    0x08000202   0x00000000   Code   RO         1503    .ARM.Collect$$libinit$$00000013  c_w.l(libinit2.o)
    0x08000202   0x00000000   Code   RO         1505    .ARM.Collect$$libinit$$00000015  c_w.l(libinit2.o)
    0x08000202   0x00000000   Code   RO         1507    .ARM.Collect$$libinit$$00000017  c_w.l(libinit2.o)
    0x08000202   0x00000000   Code   RO         1509    .ARM.Collect$$libinit$$00000019  c_w.l(libinit2.o)
    0x08000202   0x00000000   Code   RO         1511    .ARM.Collect$$libinit$$0000001B  c_w.l(libinit2.o)
    0x08000202   0x00000000   Code   RO         1513    .ARM.Collect$$libinit$$0000001D  c_w.l(libinit2.o)
    0x08000202   0x00000000   Code   RO         1515    .ARM.Collect$$libinit$$0000001F  c_w.l(libinit2.o)
    0x08000202   0x00000000   Code   RO         1517    .ARM.Collect$$libinit$$00000021  c_w.l(libinit2.o)
    0x08000202   0x00000000   Code   RO         1519    .ARM.Collect$$libinit$$00000023  c_w.l(libinit2.o)
    0x08000202   0x00000000   Code   RO         1521    .ARM.Collect$$libinit$$00000025  c_w.l(libinit2.o)
    0x08000202   0x00000000   Code   RO         1525    .ARM.Collect$$libinit$$0000002C  c_w.l(libinit2.o)
    0x08000202   0x00000000   Code   RO         1527    .ARM.Collect$$libinit$$0000002E  c_w.l(libinit2.o)
    0x08000202   0x00000000   Code   RO         1529    .ARM.Collect$$libinit$$00000030  c_w.l(libinit2.o)
    0x08000202   0x00000000   Code   RO         1531    .ARM.Collect$$libinit$$00000032  c_w.l(libinit2.o)
    0x08000202   0x00000002   Code   RO         1532    .ARM.Collect$$libinit$$00000033  c_w.l(libinit2.o)
    0x08000204   0x00000002   Code   RO         1552    .ARM.Collect$$libshutdown$$00000000  c_w.l(libshutdown.o)
    0x08000206   0x00000000   Code   RO         1566    .ARM.Collect$$libshutdown$$00000003  c_w.l(libshutdown2.o)
    0x08000206   0x00000000   Code   RO         1569    .ARM.Collect$$libshutdown$$00000006  c_w.l(libshutdown2.o)
    0x08000206   0x00000000   Code   RO         1572    .ARM.Collect$$libshutdown$$00000009  c_w.l(libshutdown2.o)
    0x08000206   0x00000000   Code   RO         1574    .ARM.Collect$$libshutdown$$0000000B  c_w.l(libshutdown2.o)
    0x08000206   0x00000000   Code   RO         1577    .ARM.Collect$$libshutdown$$0000000E  c_w.l(libshutdown2.o)
    0x08000206   0x00000002   Code   RO         1578    .ARM.Collect$$libshutdown$$0000000F  c_w.l(libshutdown2.o)
    0x08000208   0x00000000   Code   RO         1448    .ARM.Collect$$rtentry$$00000000  c_w.l(__rtentry.o)
    0x08000208   0x00000000   Code   RO         1459    .ARM.Collect$$rtentry$$00000002  c_w.l(__rtentry2.o)
    0x08000208   0x00000006   Code   RO         1471    .ARM.Collect$$rtentry$$00000004  c_w.l(__rtentry4.o)
    0x0800020e   0x00000000   Code   RO         1461    .ARM.Collect$$rtentry$$00000009  c_w.l(__rtentry2.o)
    0x0800020e   0x00000004   Code   RO         1462    .ARM.Collect$$rtentry$$0000000A  c_w.l(__rtentry2.o)
    0x08000212   0x00000000   Code   RO         1464    .ARM.Collect$$rtentry$$0000000C  c_w.l(__rtentry2.o)
    0x08000212   0x00000008   Code   RO         1465    .ARM.Collect$$rtentry$$0000000D  c_w.l(__rtentry2.o)
    0x0800021a   0x00000002   Code   RO         1486    .ARM.Collect$$rtexit$$00000000  c_w.l(rtexit.o)
    0x0800021c   0x00000000   Code   RO         1534    .ARM.Collect$$rtexit$$00000002  c_w.l(rtexit2.o)
    0x0800021c   0x00000004   Code   RO         1535    .ARM.Collect$$rtexit$$00000003  c_w.l(rtexit2.o)
    0x08000220   0x00000006   Code   RO         1536    .ARM.Collect$$rtexit$$00000004  c_w.l(rtexit2.o)
    0x08000226   0x00000002   PAD
    0x08000228   0x00000014   Code   RO            3    .text               main.o
    0x0800023c   0x00000048   Code   RO          153    .text               stm32f4xx_it.o
    0x08000284   0x00000210   Code   RO          184    .text               system_stm32f4xx.o
    0x08000494   0x00000040   Code   RO          211    .text               startup_stm32f40_41xxx.o
    0x080004d4   0x000000e0   Code   RO          217    .text               misc.o
    0x080005b4   0x00000294   Code   RO          592    .text               stm32f4xx_gpio.o
    0x08000848   0x0000065c   Code   RO          755    .text               stm32f4xx_rcc.o
    0x08000ea4   0x00000480   Code   RO          860    .text               stm32f4xx_spi.o
    0x08001324   0x00000ca2   Code   RO          900    .text               stm32f4xx_tim.o
    0x08001fc6   0x00000002   PAD
    0x08001fc8   0x00000454   Code   RO          920    .text               stm32f4xx_usart.o
    0x0800241c   0x00000104   Code   RO          960    .text               delay.o
    0x08002520   0x00000048   Code   RO         1000    .text               init.o
    0x08002568   0x00000104   Code   RO         1045    .text               key.o
    0x0800266c   0x00000040   Code   RO         1066    .text               led.o
    0x080026ac   0x000001b4   Code   RO         1086    .text               schedule.o
    0x08002860   0x00001b7c   Code   RO         1121    .text               data_transfer.o
    0x080043dc   0x00000468   Code   RO         1152    .text               parameter.o
    0x08004844   0x000004a8   Code   RO         1192    .text               rc.o
    0x08004cec   0x000001e8   Code   RO         1274    .text               timer.o
    0x08004ed4   0x000001ec   Code   RO         1305    .text               usart.o
    0x080050c0   0x00000444   Code   RO         1332    .text               drv_w25qxx.o
    0x08005504   0x000006c4   Code   RO         1357    .text               pwm_in.o
    0x08005bc8   0x000000f0   Code   RO         1384    .text               diskio.o
    0x08005cb8   0x0000278c   Code   RO         1407    .text               ff.o
    0x08008444   0x00000006   Code   RO         1424    .text               c_w.l(heapauxi.o)
    0x0800844a   0x0000004a   Code   RO         1473    .text               c_w.l(sys_stackheap_outer.o)
    0x08008494   0x0000000c   Code   RO         1475    .text               c_w.l(exit.o)
    0x080084a0   0x00000008   Code   RO         1483    .text               c_w.l(libspace.o)
    0x080084a8   0x0000000c   Code   RO         1544    .text               c_w.l(sys_exit.o)
    0x080084b4   0x00000002   Code   RO         1555    .text               c_w.l(use_no_semi.o)
    0x080084b6   0x00000000   Code   RO         1557    .text               c_w.l(indicate_semi.o)
    0x080084b6   0x00000002   PAD
    0x080084b8   0x00000062   Code   RO         1428    x$fpl$d2f           fz_wm.l(d2f.o)
    0x0800851a   0x0000002e   Code   RO         1437    x$fpl$dflt          fz_wm.l(dflt_clz.o)
    0x08008548   0x00000154   Code   RO         1444    x$fpl$dmul          fz_wm.l(dmul.o)
    0x0800869c   0x0000009c   Code   RO         1451    x$fpl$dnaninf       fz_wm.l(dnaninf.o)
    0x08008738   0x0000000c   Code   RO         1453    x$fpl$dretinf       fz_wm.l(dretinf.o)
    0x08008744   0x0000000a   Code   RO         1542    x$fpl$fpinit        fz_wm.l(fpinit.o)
    0x0800874e   0x0000000a   Code   RO         1455    x$fpl$fretinf       fz_wm.l(fretinf.o)
    0x08008758   0x00000000   Code   RO         1457    x$fpl$usenofp       fz_wm.l(usenofp.o)
    0x08008758   0x0000002c   Data   RO         1408    .constdata          ff.o
    0x08008784   0x00000020   Data   RO         1609    Region$$Table       anon$$obj.o


    Execution Region RW_IRAM1 (Base: 0x20000000, Size: 0x00002ce8, Max: 0x00020000, ABSOLUTE)

    Base Addr    Size         Type   Attr      Idx    E Section Name        Object

    0x20000000   0x00000001   Data   RW            4    .data               main.o
    0x20000001   0x00000003   PAD
    0x20000004   0x00000014   Data   RW          185    .data               system_stm32f4xx.o
    0x20000018   0x00000010   Data   RW          756    .data               stm32f4xx_rcc.o
    0x20000028   0x00000004   Data   RW          961    .data               delay.o
    0x2000002c   0x00000001   Data   RW         1046    .data               key.o
    0x2000002d   0x00000003   PAD
    0x20000030   0x00000008   Data   RW         1088    .data               schedule.o
    0x20000038   0x0000000b   Data   RW         1123    .data               data_transfer.o
    0x20000043   0x00000001   Data   RW         1154    .data               parameter.o
    0x20000044   0x00000040   Data   RW         1194    .data               rc.o
    0x20000084   0x00000014   Data   RW         1276    .data               timer.o
    0x20000098   0x00000002   Data   RW         1307    .data               usart.o
    0x2000009a   0x00000020   Data   RW         1359    .data               pwm_in.o
    0x200000ba   0x00000002   PAD
    0x200000bc   0x00000004   Data   RW         1385    .data               diskio.o
    0x200000c0   0x0000000a   Data   RW         1409    .data               ff.o
    0x200000ca   0x00000002   PAD
    0x200000cc   0x00000024   Zero   RW         1087    .bss                schedule.o
    0x200000f0   0x00000088   Zero   RW         1122    .bss                data_transfer.o
    0x20000178   0x000021d4   Zero   RW         1153    .bss                parameter.o
    0x2000234c   0x000000b0   Zero   RW         1193    .bss                rc.o
    0x200023fc   0x0000003c   Zero   RW         1275    .bss                timer.o
    0x20002438   0x00000232   Zero   RW         1306    .bss                usart.o
    0x2000266a   0x00000002   PAD
    0x2000266c   0x0000000c   Zero   RW         1333    .bss                drv_w25qxx.o
    0x20002678   0x00000010   Zero   RW         1358    .bss                pwm_in.o
    0x20002688   0x00000060   Zero   RW         1484    .bss                c_w.l(libspace.o)
    0x200026e8   0x00000200   Zero   RW          209    HEAP                startup_stm32f40_41xxx.o
    0x200028e8   0x00000400   Zero   RW          208    STACK               startup_stm32f40_41xxx.o


==============================================================================

Image component sizes


      Code (inc. data)   RO Data    RW Data    ZI Data      Debug   Object Name

      7036        192          0         11        136       7254   data_transfer.o
       260          8          0          4          0       1505   delay.o
       240          6          0          4          0       3694   diskio.o
      1092         20          0          0         12       5661   drv_w25qxx.o
     10124        112         44         10          0      25530   ff.o
        72         10          0          0          0        567   init.o
       260         12          0          1          0        896   key.o
        64          4          0          0          0        559   led.o
        20          4          0          1          0     288997   main.o
       224         20          0          0          0     231109   misc.o
      1128         56          0          1       8660       6634   parameter.o
      1732        110          0         32         16       2632   pwm_in.o
      1192         98          0         64        176       2713   rc.o
       436         24          0          8         36       2930   schedule.o
        64         26        392          0       1536        852   startup_stm32f40_41xxx.o
       660         44          0          0          0       4161   stm32f4xx_gpio.o
        72          6          0          0          0       1764   stm32f4xx_it.o
      1628         52          0         16          0      12984   stm32f4xx_rcc.o
      1152         36          0          0          0       6913   stm32f4xx_spi.o
      3234         60          0          0          0      22368   stm32f4xx_tim.o
      1108         34          0          0          0       7864   stm32f4xx_usart.o
       528         46          0         20          0       1879   system_stm32f4xx.o
       488         36          0         20         60      29317   timer.o
       492         26          0          2        562       2247   usart.o

    ----------------------------------------------------------------------
     33308       1042        468        204      11196     671030   Object Totals
         0          0         32          0          0          0   (incl. Generated)
         2          0          0         10          2          0   (incl. Padding)

    ----------------------------------------------------------------------

      Code (inc. data)   RO Data    RW Data    ZI Data      Debug   Library Member Name

         8          0          0          0          0         68   __main.o
         0          0          0          0          0          0   __rtentry.o
        12          0          0          0          0          0   __rtentry2.o
         6          0          0          0          0          0   __rtentry4.o
        52          8          0          0          0          0   __scatter.o
        26          0          0          0          0          0   __scatter_copy.o
        28          0          0          0          0          0   __scatter_zi.o
        12          0          0          0          0         72   exit.o
         6          0          0          0          0        152   heapauxi.o
         0          0          0          0          0          0   indicate_semi.o
         2          0          0          0          0          0   libinit.o
         6          0          0          0          0          0   libinit2.o
         2          0          0          0          0          0   libshutdown.o
         2          0          0          0          0          0   libshutdown2.o
         8          4          0          0         96         68   libspace.o
         2          0          0          0          0          0   rtexit.o
        10          0          0          0          0          0   rtexit2.o
        12          4          0          0          0         68   sys_exit.o
        74          0          0          0          0         80   sys_stackheap_outer.o
         2          0          0          0          0         68   use_no_semi.o
        98          4          0          0          0        140   d2f.o
        46          0          0          0          0        116   dflt_clz.o
       340         12          0          0          0        152   dmul.o
       156          4          0          0          0        140   dnaninf.o
        12          0          0          0          0        116   dretinf.o
        10          0          0          0          0        116   fpinit.o
        10          0          0          0          0        116   fretinf.o
         0          0          0          0          0          0   usenofp.o

    ----------------------------------------------------------------------
       948         36          0          0         96       1472   Library Totals
         6          0          0          0          0          0   (incl. Padding)

    ----------------------------------------------------------------------

      Code (inc. data)   RO Data    RW Data    ZI Data      Debug   Library Name

       270         16          0          0         96        576   c_w.l
       672         20          0          0          0        896   fz_wm.l

    ----------------------------------------------------------------------
       948         36          0          0         96       1472   Library Totals

    ----------------------------------------------------------------------

==============================================================================


      Code (inc. data)   RO Data    RW Data    ZI Data      Debug   

     34256       1078        468        204      11292     667146   Grand Totals
     34256       1078        468        204      11292     667146   ELF Image Totals
     34256       1078        468        204          0          0   ROM Totals

==============================================================================

    Total RO  Size (Code + RO Data)                34724 (  33.91kB)
    Total RW  Size (RW Data + ZI Data)             11496 (  11.23kB)
    Total ROM Size (Code + RO Data + RW Data)      34928 (  34.11kB)

==============================================================================

