<html>
<body>
<pre>
<h1>礦ision Build Log</h1>
<h2>Tool Versions:</h2>
IDE-Version: μVision V5.14.0.0
Copyright (C) 2015 ARM Ltd and ARM Germany GmbH. All rights reserved.
License Information: 1323 35164, 12313, LIC=3UUFW-QJPD0-WIH5K-Z2BJD-QS64S-8PYYY
 
Tool Versions:
Toolchain:       MDK-ARM Professional  Version: 5.14.0.0
Toolchain Path:  D:\ZJX_download\keil5\ARM\ARMCC\Bin
C Compiler:      Armcc.exe V5.05 update 1 (build 106)
Assembler:       Armasm.exe V5.05 update 1 (build 106)
Linker/Locator:  ArmLink.exe V5.05 update 1 (build 106)
Library Manager: ArmAr.exe V5.05 update 1 (build 106)
Hex Converter:   FromElf.exe V5.05 update 1 (build 106)
CPU DLL:         SARMCM3.DLL V5.14.0.0
Dialog DLL:      DCM.DLL V1.13.1.0
Target DLL:      STLink\ST-LINKIII-KEIL_SWO.dll V2.0.14.0_KEIL
Dialog DLL:      TCM.DLL V1.14.4.0
 
<h2>Project:</h2>
D:\velbent\比赛相关\2018光电设计大赛\小车题目\接收机配置\USER\Template.uvprojx
Project File Date:  04/03/2018

<h2>Output:</h2>
Build target 'Template'
compiling schedule.c...
..\Applications\schedule.c(56): warning:  #550-D: variable "outer_loop_time" was set but never used
        float outer_loop_time;
..\Applications\schedule.c: 1 warning, 0 errors
compiling data_transfer.c...
compiling usart.c...
linking...
Program Size: Code=34256 RO-data=468 RW-data=204 ZI-data=11292  
FromELF: creating hex file...
"..\OBJ\Template.axf" - 0 Error(s), 1 Warning(s).

<h2>Collection of Component include folders:</h2>
  D:\velbent\比赛相关\2018光电设计大赛\小车题目\接收机配置\USER\RTE
  D:\ZJX_download\keil5\ARM\PACK\Keil\STM32F4xx_DFP\1.0.8\Device\Include

<h2>Collection of Component Files used:</h2>
</pre>
</body>
</html>
